******************************************************************************
                  MSP430 Linker PC v16.9.1                     
******************************************************************************
>> Linked Sun Jul 30 13:14:40 2017

OUTPUT FILE NAME:   <BLDC_Firmware.out>
ENTRY POINT SYMBOL: "_c_int00_noargs_noexit"  address: 0000f0c6


MEMORY CONFIGURATION

         name            origin    length      used     unused   attr    fill
----------------------  --------  ---------  --------  --------  ----  --------
  SFR                   00000000   00000010  00000000  00000010  RWIX
  PERIPHERALS_8BIT      00000010   000000f0  00000000  000000f0  RWIX
  PERIPHERALS_16BIT     00000100   00000100  00000000  00000100  RWIX
  INFOD                 00001800   00000080  00000000  00000080  RWIX
  INFOC                 00001880   00000080  00000000  00000080  RWIX
  INFOB                 00001900   00000080  00000000  00000080  RWIX
  INFOA                 00001980   00000080  00000000  00000080  RWIX
  RAM                   00001c00   00000400  0000011e  000002e2  RWIX
  FLASH                 0000e000   00001f80  000012b5  00000ccb  RWIX
  INT00                 0000ff80   00000002  00000000  00000002  RWIX
  INT01                 0000ff82   00000002  00000000  00000002  RWIX
  INT02                 0000ff84   00000002  00000000  00000002  RWIX
  INT03                 0000ff86   00000002  00000000  00000002  RWIX
  INT04                 0000ff88   00000002  00000000  00000002  RWIX
  INT05                 0000ff8a   00000002  00000000  00000002  RWIX
  INT06                 0000ff8c   00000002  00000000  00000002  RWIX
  INT07                 0000ff8e   00000002  00000000  00000002  RWIX
  INT08                 0000ff90   00000002  00000000  00000002  RWIX
  INT09                 0000ff92   00000002  00000000  00000002  RWIX
  INT10                 0000ff94   00000002  00000000  00000002  RWIX
  INT11                 0000ff96   00000002  00000000  00000002  RWIX
  INT12                 0000ff98   00000002  00000000  00000002  RWIX
  INT13                 0000ff9a   00000002  00000000  00000002  RWIX
  INT14                 0000ff9c   00000002  00000000  00000002  RWIX
  INT15                 0000ff9e   00000002  00000000  00000002  RWIX
  INT16                 0000ffa0   00000002  00000000  00000002  RWIX
  INT17                 0000ffa2   00000002  00000000  00000002  RWIX
  INT18                 0000ffa4   00000002  00000000  00000002  RWIX
  INT19                 0000ffa6   00000002  00000000  00000002  RWIX
  INT20                 0000ffa8   00000002  00000000  00000002  RWIX
  INT21                 0000ffaa   00000002  00000000  00000002  RWIX
  INT22                 0000ffac   00000002  00000000  00000002  RWIX
  INT23                 0000ffae   00000002  00000000  00000002  RWIX
  INT24                 0000ffb0   00000002  00000000  00000002  RWIX
  INT25                 0000ffb2   00000002  00000000  00000002  RWIX
  INT26                 0000ffb4   00000002  00000000  00000002  RWIX
  INT27                 0000ffb6   00000002  00000000  00000002  RWIX
  INT28                 0000ffb8   00000002  00000000  00000002  RWIX
  INT29                 0000ffba   00000002  00000000  00000002  RWIX
  INT30                 0000ffbc   00000002  00000000  00000002  RWIX
  INT31                 0000ffbe   00000002  00000000  00000002  RWIX
  INT32                 0000ffc0   00000002  00000000  00000002  RWIX
  INT33                 0000ffc2   00000002  00000000  00000002  RWIX
  INT34                 0000ffc4   00000002  00000000  00000002  RWIX
  INT35                 0000ffc6   00000002  00000000  00000002  RWIX
  INT36                 0000ffc8   00000002  00000000  00000002  RWIX
  INT37                 0000ffca   00000002  00000000  00000002  RWIX
  INT38                 0000ffcc   00000002  00000000  00000002  RWIX
  INT39                 0000ffce   00000002  00000000  00000002  RWIX
  INT40                 0000ffd0   00000002  00000000  00000002  RWIX
  INT41                 0000ffd2   00000002  00000000  00000002  RWIX
  INT42                 0000ffd4   00000002  00000000  00000002  RWIX
  INT43                 0000ffd6   00000002  00000000  00000002  RWIX
  INT44                 0000ffd8   00000002  00000000  00000002  RWIX
  INT45                 0000ffda   00000002  00000002  00000000  RWIX
  INT46                 0000ffdc   00000002  00000002  00000000  RWIX
  INT47                 0000ffde   00000002  00000002  00000000  RWIX
  INT48                 0000ffe0   00000002  00000002  00000000  RWIX
  INT49                 0000ffe2   00000002  00000002  00000000  RWIX
  INT50                 0000ffe4   00000002  00000002  00000000  RWIX
  INT51                 0000ffe6   00000002  00000002  00000000  RWIX
  INT52                 0000ffe8   00000002  00000002  00000000  RWIX
  INT53                 0000ffea   00000002  00000002  00000000  RWIX
  INT54                 0000ffec   00000002  00000002  00000000  RWIX
  INT55                 0000ffee   00000002  00000002  00000000  RWIX
  INT56                 0000fff0   00000002  00000002  00000000  RWIX
  INT57                 0000fff2   00000002  00000002  00000000  RWIX
  INT58                 0000fff4   00000002  00000002  00000000  RWIX
  INT59                 0000fff6   00000002  00000002  00000000  RWIX
  INT60                 0000fff8   00000002  00000002  00000000  RWIX
  INT61                 0000fffa   00000002  00000002  00000000  RWIX
  INT62                 0000fffc   00000002  00000002  00000000  RWIX
  RESET                 0000fffe   00000002  00000002  00000000  RWIX


SECTION ALLOCATION MAP

 output                                  attributes/
section   page    origin      length       input sections
--------  ----  ----------  ----------   ----------------
.data      0    00001c00    000000c5     UNINITIALIZED
                  00001c00    00000092     BLDC_sensorless_trapezoidal.lib : BLDC_lib.obj (.data)
                  00001c92    0000002c     main.obj (.data)
                  00001cbe    00000007     main.obj (.data:tx_string)

.bss       0    00001cc6    00000009     UNINITIALIZED
                  00001cc6    00000002     (.common:Cycle_Count)
                  00001cc8    00000002     (.common:Speed_Duty_Cycle)
                  00001cca    00000002     (.common:Speed_Value)
                  00001ccc    00000002     (.common:Start_Max_Duty_Cycle)
                  00001cce    00000001     (.common:State)

.stack     0    00001fb0    00000050     UNINITIALIZED
                  00001fb0    00000002     rts430x_lc_sd_eabi.lib : boot.obj (.stack)
                  00001fb2    0000004e     --HOLE--

.text      0    0000e000    0000122a     
                  0000e000    000002a2     main.obj (.text:main)
                  0000e2a2    00000264     BLDC_sensorless_trapezoidal.lib : BLDC_lib.obj (.text:_isr:TIMER0_D1_ISR)
                  0000e506    00000174                                     : BLDC_lib.obj (.text:_isr:ADC10_ISR)
                  0000e67a    000000ee     rts430x_lc_sd_eabi.lib : copy_decompress_lzss.obj (.text:decompress:lzss:__TI_decompress_lzss)
                  0000e768    000000ea     BLDC_sensorless_trapezoidal.lib : BLDC_lib.obj (.text:dc_bus_compensation)
                  0000e852    000000e2                                     : BLDC_lib.obj (.text:Process_Integration)
                  0000e934    000000d6                                     : BLDC_lib.obj (.text:Commutate)
                  0000ea0a    000000d4     main.obj (.text:Adjust_RPM)
                  0000eade    000000b2     rts430x_lc_sd_eabi.lib : cpy_tbl.obj (.text:copy_in)
                  0000eb90    0000008e     main.obj (.text:PrintNumber)
                  0000ec1e    00000082     rts430x_lc_sd_eabi.lib : autoinit.obj (.text:_auto_init)
                  0000eca0    0000007c     BLDC_sensorless_trapezoidal.lib : BLDC_lib.obj (.text:init_IO)
                  0000ed1c    00000060     main.obj (.text:Init_Clocks)
                  0000ed7c    0000005a     BLDC_sensorless_trapezoidal.lib : BLDC_lib.obj (.text:Init_InstaSpin)
                  0000edd6    00000058     rts430x_lc_sd_eabi.lib : div32u.obj (.text)
                  0000ee2e    0000004e     main.obj (.text:SetVcoreUp)
                  0000ee7c    00000042     main.obj (.text:Init_UART)
                  0000eebe    00000040     rts430x_lc_sd_eabi.lib : cpy_util.obj (.text:__memcpy_far)
                  0000eefe    0000003e                            : copy_zero_init.obj (.text:decompress:ZI:__TI_zero_init)
                  0000ef3c    0000003e                            : lsl32.obj (.text:l_lsl_const)
                  0000ef7a    0000003e                            : lsr32.obj (.text:l_lsr_const)
                  0000efb8    0000003c                            : copy_decompress_none.obj (.text:decompress:none:__TI_decompress_none)
                  0000eff4    00000036     main.obj (.text:init_COMPB)
                  0000f02a    0000002e     BLDC_sensorless_trapezoidal.lib : BLDC_lib.obj (.text:init_TimerD)
                  0000f058    0000002c     rts430x_lc_sd_eabi.lib : div16s.obj (.text)
                  0000f084    00000024     main.obj (.text:user_defined_parameters)
                  0000f0a8    0000001e     BLDC_sensorless_trapezoidal.lib : BLDC_lib.obj (.text:init_ADC)
                  0000f0c6    0000001a     rts430x_lc_sd_eabi.lib : boot_special.obj (.text:_isr:_c_int00_noargs_noexit)
                  0000f0e0    00000018                            : mult16_f5hw.obj (.text)
                  0000f0f8    00000016     main.obj (.text:Stop_Motor)
                  0000f10e    00000016     rts430x_lc_sd_eabi.lib : div16u.obj (.text)
                  0000f124    00000014     main.obj (.text:Init_TimerA)
                  0000f138    00000012     BLDC_sensorless_trapezoidal.lib : BLDC_lib.obj (.text:A_LOW)
                  0000f14a    00000012                                     : BLDC_lib.obj (.text:A_Z)
                  0000f15c    00000012                                     : BLDC_lib.obj (.text:B_LOW)
                  0000f16e    00000012                                     : BLDC_lib.obj (.text:B_Z)
                  0000f180    00000012                                     : BLDC_lib.obj (.text:C_LOW)
                  0000f192    00000012                                     : BLDC_lib.obj (.text:C_Z)
                  0000f1a4    00000012     rts430x_lc_sd_eabi.lib : memcpy.obj (.text:memcpy)
                  0000f1b6    00000010     main.obj (.text:_isr:USCI_A0_ISR)
                  0000f1c6    00000010     main.obj (.text:init_TEC)
                  0000f1d6    0000000c     BLDC_sensorless_trapezoidal.lib : BLDC_lib.obj (.text:A_PWM)
                  0000f1e2    0000000c                                     : BLDC_lib.obj (.text:B_PWM)
                  0000f1ee    0000000c                                     : BLDC_lib.obj (.text:C_PWM)
                  0000f1fa    0000000c                                     : BLDC_lib.obj (.text:init_WDT)
                  0000f206    00000008     main.obj (.text:Start_Motor)
                  0000f20e    00000008     rts430x_lc_sd_eabi.lib : isr_trap.obj (.text:_isr:__TI_ISR_TRAP)
                  0000f216    00000006     main.obj (.text:_isr:Timer_A0)
                  0000f21c    00000006     rts430x_lc_sd_eabi.lib : exit.obj (.text:abort)
                  0000f222    00000004                            : pre_init.obj (.text:_system_pre_init)
                  0000f226    00000002     BLDC_sensorless_trapezoidal.lib : BLDC_lib.obj (.text:_isr:WDT_ISR)
                  0000f228    00000002     rts430x_lc_sd_eabi.lib : startup.obj (.text:_system_post_cinit)

.const     0    0000f22a    0000001d     
                  0000f22a    00000012     main.obj (.const:speed_step_table)
                  0000f23c    0000000b     main.obj (.const)

.cinit     0    0000f248    0000006e     
                  0000f248    0000004c     (.cinit..data.load) [load image, compression = lzss]
                  0000f294    0000000c     (__TI_handler_table)
                  0000f2a0    00000006     (.cinit..bss.load) [load image, compression = zero_init]
                  0000f2a6    00000010     (__TI_cinit_table)

.init_array 
*          0    0000e000    00000000     UNINITIALIZED

PORT2      0    0000ffda    00000002     
                  0000ffda    00000002     rts430x_lc_sd_eabi.lib : int45.obj (.int45)

PORT1      0    0000ffdc    00000002     
                  0000ffdc    00000002     rts430x_lc_sd_eabi.lib : int46.obj (.int46)

TIMER1_D1 
*          0    0000ffde    00000002     
                  0000ffde    00000002     rts430x_lc_sd_eabi.lib : int47.obj (.int47)

TIMER1_D0 
*          0    0000ffe0    00000002     
                  0000ffe0    00000002     rts430x_lc_sd_eabi.lib : int48.obj (.int48)

TEC1       0    0000ffe2    00000002     
                  0000ffe2    00000002     rts430x_lc_sd_eabi.lib : int49.obj (.int49)

DMA        0    0000ffe4    00000002     
                  0000ffe4    00000002     rts430x_lc_sd_eabi.lib : int50.obj (.int50)

TIMER0_A1 
*          0    0000ffe6    00000002     
                  0000ffe6    00000002     rts430x_lc_sd_eabi.lib : int51.obj (.int51)

TIMER0_A0 
*          0    0000ffe8    00000002     
                  0000ffe8    00000002     main.obj (.int52)

ADC10      0    0000ffea    00000002     
                  0000ffea    00000002     BLDC_sensorless_trapezoidal.lib : BLDC_lib.obj (.int53)

USCI_B0    0    0000ffec    00000002     
                  0000ffec    00000002     rts430x_lc_sd_eabi.lib : int54.obj (.int54)

USCI_A0    0    0000ffee    00000002     
                  0000ffee    00000002     main.obj (.int55)

WDT        0    0000fff0    00000002     
                  0000fff0    00000002     BLDC_sensorless_trapezoidal.lib : BLDC_lib.obj (.int56)

TIMER0_D1 
*          0    0000fff2    00000002     
                  0000fff2    00000002     BLDC_sensorless_trapezoidal.lib : BLDC_lib.obj (.int57)

TIMER0_D0 
*          0    0000fff4    00000002     
                  0000fff4    00000002     rts430x_lc_sd_eabi.lib : int58.obj (.int58)

TEC0       0    0000fff6    00000002     
                  0000fff6    00000002     rts430x_lc_sd_eabi.lib : int59.obj (.int59)

COMP_B     0    0000fff8    00000002     
                  0000fff8    00000002     rts430x_lc_sd_eabi.lib : int60.obj (.int60)

UNMI       0    0000fffa    00000002     
                  0000fffa    00000002     rts430x_lc_sd_eabi.lib : int61.obj (.int61)

SYSNMI     0    0000fffc    00000002     
                  0000fffc    00000002     rts430x_lc_sd_eabi.lib : int62.obj (.int62)

.reset     0    0000fffe    00000002     
                  0000fffe    00000002     rts430x_lc_sd_eabi.lib : boot.obj (.reset)

MODULE SUMMARY

       Module                     code   ro data   rw data
       ------                     ----   -------   -------
    .\
       main.obj                   1446   33        51     
    +--+--------------------------+------+---------+---------+
       Total:                     1446   33        51     
                                                          
    ../BLDC_sensorless_trapezoidal.lib
       BLDC_lib.obj               2106   6         155    
    +--+--------------------------+------+---------+---------+
       Total:                     2106   6         155    
                                                          
    E:\INSTALLED\ti\ccsv7\tools\compiler\ti-cgt-msp430_16.9.1.LTS\lib\rts430x_lc_sd_eabi.lib
       copy_decompress_lzss.obj   238    0         0      
       cpy_tbl.obj                178    0         0      
       autoinit.obj               130    0         0      
       div32u.obj                 88     0         0      
       cpy_util.obj               64     0         0      
       copy_zero_init.obj         62     0         0      
       lsl32.obj                  62     0         0      
       lsr32.obj                  62     0         0      
       copy_decompress_none.obj   60     0         0      
       div16s.obj                 44     0         0      
       boot_special.obj           26     0         0      
       mult16_f5hw.obj            24     0         0      
       div16u.obj                 22     0         0      
       memcpy.obj                 18     0         0      
       isr_trap.obj               8      0         0      
       exit.obj                   6      0         0      
       pre_init.obj               4      0         0      
       boot.obj                   0      2         0      
       int45.obj                  0      2         0      
       int46.obj                  0      2         0      
       int47.obj                  0      2         0      
       int48.obj                  0      2         0      
       int49.obj                  0      2         0      
       int50.obj                  0      2         0      
       int51.obj                  0      2         0      
       int54.obj                  0      2         0      
       int58.obj                  0      2         0      
       int59.obj                  0      2         0      
       int60.obj                  0      2         0      
       int61.obj                  0      2         0      
       int62.obj                  0      2         0      
       startup.obj                2      0         0      
    +--+--------------------------+------+---------+---------+
       Total:                     1098   28        0      
                                                          
       Stack:                     0      0         80     
       Linker Generated:          0      110       0      
    +--+--------------------------+------+---------+---------+
       Grand Total:               4650   177       286    


LINKER GENERATED COPY TABLES

__TI_cinit_table @ 0000f2a6 records: 2, size/record: 8, table size: 16
	.data: load addr=0000f248, load size=0000004c bytes, run addr=00001c00, run size=000000c5 bytes, compression=lzss
	.bss: load addr=0000f2a0, load size=00000006 bytes, run addr=00001cc6, run size=00000009 bytes, compression=zero_init


LINKER GENERATED HANDLER TABLE

__TI_handler_table @ 0000f294 records: 3, size/record: 4, table size: 12
	index: 0, handler: __TI_zero_init
	index: 1, handler: __TI_decompress_lzss
	index: 2, handler: __TI_decompress_none


GLOBAL SYMBOLS: SORTED ALPHABETICALLY BY Name 

address   name                             
-------   ----                             
00001caa  A0_Timer_Tick                    
00000740  ADC10CTL0                        
00000741  ADC10CTL0_H                      
00000740  ADC10CTL0_L                      
00000742  ADC10CTL1                        
00000743  ADC10CTL1_H                      
00000742  ADC10CTL1_L                      
00000744  ADC10CTL2                        
00000745  ADC10CTL2_H                      
00000744  ADC10CTL2_L                      
00000748  ADC10HI                          
00000749  ADC10HI_H                        
00000748  ADC10HI_L                        
0000075a  ADC10IE                          
0000075b  ADC10IE_H                        
0000075a  ADC10IE_L                        
0000075c  ADC10IFG                         
0000075d  ADC10IFG_H                       
0000075c  ADC10IFG_L                       
0000075e  ADC10IV                          
0000075f  ADC10IV_H                        
0000075e  ADC10IV_L                        
00000746  ADC10LO                          
00000747  ADC10LO_H                        
00000746  ADC10LO_L                        
0000074a  ADC10MCTL0                       
0000074b  ADC10MCTL0_H                     
0000074a  ADC10MCTL0_L                     
00000752  ADC10MEM0                        
00000753  ADC10MEM0_H                      
00000752  ADC10MEM0_L                      
0000e506  ADC10_ISR                        
00001c86  ADC_VOLTAGESENSE_FLAG            
00001c8c  ADC_selection_flag               
00001c8e  ADC_selection_flag_1             
0000f138  A_LOW                            
0000f1d6  A_PWM                            
0000f14a  A_Z                              
0000ea0a  Adjust_RPM                       
0000f15c  B_LOW                            
0000f1e2  B_PWM                            
0000f16e  B_Z                              
0000f21c  C$$EXIT                          
000008c0  CBCTL0                           
000008c1  CBCTL0_H                         
000008c0  CBCTL0_L                         
000008c2  CBCTL1                           
000008c3  CBCTL1_H                         
000008c2  CBCTL1_L                         
000008c4  CBCTL2                           
000008c5  CBCTL2_H                         
000008c4  CBCTL2_L                         
000008c6  CBCTL3                           
000008c7  CBCTL3_H                         
000008c6  CBCTL3_L                         
000008cc  CBINT                            
000008cd  CBINT_H                          
000008cc  CBINT_L                          
000008ce  CBIV                             
00000150  CRCDI                            
00000152  CRCDIRB                          
00000153  CRCDIRB_H                        
00000152  CRCDIRB_L                        
00000151  CRCDI_H                          
00000150  CRCDI_L                          
00000154  CRCINIRES                        
00000155  CRCINIRES_H                      
00000154  CRCINIRES_L                      
00000156  CRCRESR                          
00000157  CRCRESR_H                        
00000156  CRCRESR_L                        
0000f180  C_LOW                            
0000f1ee  C_PWM                            
0000f192  C_Z                              
00001c74  Case_Counter                     
00001c7c  Channel                          
0000e934  Commutate                        
00001c80  CurrentCommState                 
00001c90  CurrentDutyCycle                 
00001c66  Current_Reading                  
00001cc6  Cycle_Count                      
00001c0c  DC_BUS_CURRENT                   
00001c00  DC_Bus_Voltage                   
00001c62  DC_Bus_Voltage_1                 
00001c60  DC_Bus_Voltage_2                 
00001c5e  DC_Bus_Voltage_3                 
00001c5c  DC_Bus_Voltage_4                 
00001c5a  DC_Bus_Voltage_5                 
00001c58  DC_Bus_Voltage_6                 
00001c56  DC_Bus_Voltage_7                 
00001c4e  DC_Bus_Voltage_Average           
00001c54  DC_Bus_Voltage_present           
00001c4a  DC_Voltage_Feeddforward          
00001c50  DC_avg_temp                      
00000510  DMA0CTL                          
00000511  DMA0CTL_H                        
00000510  DMA0CTL_L                        
00000516  DMA0DA                           
00000518  DMA0DAH                          
00000516  DMA0DAL                          
00000512  DMA0SA                           
00000514  DMA0SAH                          
00000512  DMA0SAL                          
0000051a  DMA0SZ                           
00000520  DMA1CTL                          
00000521  DMA1CTL_H                        
00000520  DMA1CTL_L                        
00000526  DMA1DA                           
00000528  DMA1DAH                          
00000526  DMA1DAL                          
00000522  DMA1SA                           
00000524  DMA1SAH                          
00000522  DMA1SAL                          
0000052a  DMA1SZ                           
00000530  DMA2CTL                          
00000531  DMA2CTL_H                        
00000530  DMA2CTL_L                        
00000536  DMA2DA                           
00000538  DMA2DAH                          
00000536  DMA2DAL                          
00000532  DMA2SA                           
00000534  DMA2SAH                          
00000532  DMA2SAL                          
0000053a  DMA2SZ                           
00000500  DMACTL0                          
00000501  DMACTL0_H                        
00000500  DMACTL0_L                        
00000502  DMACTL1                          
00000503  DMACTL1_H                        
00000502  DMACTL1_L                        
00000504  DMACTL2                          
00000505  DMACTL2_H                        
00000504  DMACTL2_L                        
00000506  DMACTL3                          
00000507  DMACTL3_H                        
00000506  DMACTL3_L                        
00000508  DMACTL4                          
00000509  DMACTL4_H                        
00000508  DMACTL4_L                        
0000050e  DMAIV                            
0000050f  DMAIV_H                          
0000050e  DMAIV_L                          
00001c7d  Direction                        
00000140  FCTL1                            
00000141  FCTL1_H                          
00000140  FCTL1_L                          
00000144  FCTL3                            
00000145  FCTL3_H                          
00000144  FCTL3_L                          
00000146  FCTL4                            
00000147  FCTL4_H                          
00000146  FCTL4_L                          
00001c8a  FirstADC_flag                    
00001c78  First_ADC                        
00001c75  First_ADC_Captured               
00001c20  INCREMENTAL_DUTY                 
00001c21  INCREMENTAL_TIME                 
00001c1c  INTEGRATION_CONSTANT             
0000ed1c  Init_Clocks                      
0000ed7c  Init_InstaSpin                   
0000f124  Init_TimerA                      
0000ee7c  Init_UART                        
00001c76  Integrated_Value                 
00001c72  Integration_Start_Flag           
000004c4  MAC                              
000004da  MAC32H                           
000004db  MAC32H_H                         
000004da  MAC32H_L                         
000004d8  MAC32L                           
000004d9  MAC32L_H                         
000004d8  MAC32L_L                         
000004c6  MACS                             
000004de  MACS32H                          
000004df  MACS32H_H                        
000004de  MACS32H_L                        
000004dc  MACS32L                          
000004dd  MACS32L_H                        
000004dc  MACS32L_L                        
000004c7  MACS_H                           
000004c6  MACS_L                           
000004c5  MAC_H                            
000004c4  MAC_L                            
00001c28  MAX_DUTY                         
00001c2c  MIN_DUTY                         
00001c9e  MOTOR_SPIN_STATUS                
000004c0  MPY                              
000004ec  MPY32CTL0                        
000004ed  MPY32CTL0_H                      
000004ec  MPY32CTL0_L                      
000004d2  MPY32H                           
000004d3  MPY32H_H                         
000004d2  MPY32H_L                         
000004d0  MPY32L                           
000004d1  MPY32L_H                         
000004d0  MPY32L_L                         
000004c2  MPYS                             
000004d6  MPYS32H                          
000004d7  MPYS32H_H                        
000004d6  MPYS32H_L                        
000004d4  MPYS32L                          
000004d5  MPYS32L_H                        
000004d4  MPYS32L_L                        
000004c3  MPYS_H                           
000004c2  MPYS_L                           
000004c1  MPY_H                            
000004c0  MPY_L                            
00001c92  Motor_E_Frequency                
00001c6c  Negative_Threshold               
000004c8  OP2                              
000004e2  OP2H                             
000004e3  OP2H_H                           
000004e2  OP2H_L                           
000004e0  OP2L                             
000004e1  OP2L_H                           
000004e0  OP2L_L                           
000004c9  OP2_H                            
000004c8  OP2_L                            
0000020e  P1IV                             
000001c8  P1MAP01                          
000001c9  P1MAP01_H                        
000001c8  P1MAP01_L                        
000001ca  P1MAP23                          
000001cb  P1MAP23_H                        
000001ca  P1MAP23_L                        
000001cc  P1MAP45                          
000001cd  P1MAP45_H                        
000001cc  P1MAP45_L                        
000001ce  P1MAP67                          
000001cf  P1MAP67_H                        
000001ce  P1MAP67_L                        
0000021e  P2IV                             
000001d0  P2MAP01                          
000001d1  P2MAP01_H                        
000001d0  P2MAP01_L                        
000001d2  P2MAP23                          
000001d3  P2MAP23_H                        
000001d2  P2MAP23_L                        
000001d4  P2MAP45                          
000001d5  P2MAP45_H                        
000001d4  P2MAP45_L                        
000001d6  P2MAP67                          
000001d7  P2MAP67_H                        
000001d6  P2MAP67_L                        
000001d8  P3MAP01                          
000001d9  P3MAP01_H                        
000001d8  P3MAP01_L                        
000001da  P3MAP23                          
000001db  P3MAP23_H                        
000001da  P3MAP23_L                        
000001dc  P3MAP45                          
000001dd  P3MAP45_H                        
000001dc  P3MAP45_L                        
000001de  P3MAP67                          
000001df  P3MAP67_H                        
000001de  P3MAP67_L                        
00000204  PADIR                            
00000205  PADIR_H                          
00000204  PADIR_L                          
00000208  PADS                             
00000209  PADS_H                           
00000208  PADS_L                           
0000021a  PAIE                             
00000218  PAIES                            
00000219  PAIES_H                          
00000218  PAIES_L                          
0000021b  PAIE_H                           
0000021a  PAIE_L                           
0000021c  PAIFG                            
0000021d  PAIFG_H                          
0000021c  PAIFG_L                          
00000200  PAIN                             
00000201  PAIN_H                           
00000200  PAIN_L                           
00000202  PAOUT                            
00000203  PAOUT_H                          
00000202  PAOUT_L                          
00000206  PAREN                            
00000207  PAREN_H                          
00000206  PAREN_L                          
0000020a  PASEL                            
0000020b  PASEL_H                          
0000020a  PASEL_L                          
00000224  PBDIR                            
00000225  PBDIR_H                          
00000224  PBDIR_L                          
00000228  PBDS                             
00000229  PBDS_H                           
00000228  PBDS_L                           
00000220  PBIN                             
00000221  PBIN_H                           
00000220  PBIN_L                           
00000222  PBOUT                            
00000223  PBOUT_H                          
00000222  PBOUT_L                          
00000226  PBREN                            
00000227  PBREN_H                          
00000226  PBREN_L                          
0000022a  PBSEL                            
0000022b  PBSEL_H                          
0000022a  PBSEL_L                          
00000324  PJDIR                            
00000325  PJDIR_H                          
00000324  PJDIR_L                          
00000328  PJDS                             
00000329  PJDS_H                           
00000328  PJDS_L                           
00000320  PJIN                             
00000321  PJIN_H                           
00000320  PJIN_L                           
00000322  PJOUT                            
00000323  PJOUT_H                          
00000322  PJOUT_L                          
00000326  PJREN                            
00000327  PJREN_H                          
00000326  PJREN_L                          
0000032a  PJSEL                            
0000032b  PJSEL_H                          
0000032a  PJSEL_L                          
00000130  PM5CTL0                          
00000131  PM5CTL0_H                        
00000130  PM5CTL0_L                        
000001c2  PMAPCTL                          
000001c3  PMAPCTL_H                        
000001c2  PMAPCTL_L                        
000001c0  PMAPKEYID                        
000001c1  PMAPKEYID_H                      
000001c0  PMAPKEYID_L                      
00000120  PMMCTL0                          
00000121  PMMCTL0_H                        
00000120  PMMCTL0_L                        
00000122  PMMCTL1                          
00000123  PMMCTL1_H                        
00000122  PMMCTL1_L                        
0000012c  PMMIFG                           
0000012d  PMMIFG_H                         
0000012c  PMMIFG_L                         
0000012e  PMMRIE                           
0000012f  PMMRIE_H                         
0000012e  PMMRIE_L                         
00001c6a  Positive_Threshold               
00001c82  PreviousCommState                
00001c68  Previous_Reading                 
0000eb90  PrintNumber                      
0000e852  Process_Integration              
00000158  RCCTL0                           
00000159  RCCTL0_H                         
00000158  RCCTL0_L                         
000001b0  REFCTL0                          
000001b1  REFCTL0_H                        
000001b0  REFCTL0_L                        
000004e4  RES0                             
000004e5  RES0_H                           
000004e4  RES0_L                           
000004e6  RES1                             
000004e7  RES1_H                           
000004e6  RES1_L                           
000004e8  RES2                             
000004e9  RES2_H                           
000004e8  RES2_L                           
000004ea  RES3                             
000004eb  RES3_H                           
000004ea  RES3_L                           
000004cc  RESHI                            
000004cd  RESHI_H                          
000004cc  RESHI_L                          
000004ca  RESLO                            
000004cb  RESLO_H                          
000004ca  RESLO_L                          
00001c73  Reading_Changed                  
00000100  SFRIE1                           
00000101  SFRIE1_H                         
00000100  SFRIE1_L                         
00000102  SFRIFG1                          
00000103  SFRIFG1_H                        
00000102  SFRIFG1_L                        
00000104  SFRRPCR                          
00000105  SFRRPCR_H                        
00000104  SFRRPCR_L                        
00001c25  SPEED_DUTY_MAX                   
00001c26  SPEED_DUTY_MIN                   
00001c24  SPEED_RAMP_CYCLES                
00001c02  SPEED_REF                        
00001c1e  START_UP_DUTYCYCLE               
00001c1f  START_UP_MAX_DUTYCYCLE           
000004ce  SUMEXT                           
000004cf  SUMEXT_H                         
000004ce  SUMEXT_L                         
00000124  SVSMHCTL                         
00000125  SVSMHCTL_H                       
00000124  SVSMHCTL_L                       
00000128  SVSMIO                           
00000129  SVSMIO_H                         
00000128  SVSMIO_L                         
00000126  SVSMLCTL                         
00000127  SVSMLCTL_H                       
00000126  SVSMLCTL_L                       
00000198  SYSBERRIV                        
00000199  SYSBERRIV_H                      
00000198  SYSBERRIV_L                      
00000182  SYSBSLC                          
00000183  SYSBSLC_H                        
00000182  SYSBSLC_L                        
00000180  SYSCTL                           
00000181  SYSCTL_H                         
00000180  SYSCTL_L                         
00000186  SYSJMBC                          
00000187  SYSJMBC_H                        
00000186  SYSJMBC_L                        
00000188  SYSJMBI0                         
00000189  SYSJMBI0_H                       
00000188  SYSJMBI0_L                       
0000018a  SYSJMBI1                         
0000018b  SYSJMBI1_H                       
0000018a  SYSJMBI1_L                       
0000018c  SYSJMBO0                         
0000018d  SYSJMBO0_H                       
0000018c  SYSJMBO0_L                       
0000018e  SYSJMBO1                         
0000018f  SYSJMBO1_H                       
0000018e  SYSJMBO1_L                       
0000019e  SYSRSTIV                         
0000019f  SYSRSTIV_H                       
0000019e  SYSRSTIV_L                       
0000019c  SYSSNIV                          
0000019d  SYSSNIV_H                        
0000019c  SYSSNIV_L                        
0000019a  SYSUNIV                          
0000019b  SYSUNIV_H                        
0000019a  SYSUNIV_L                        
0000ee2e  SetVcoreUp                       
00001cc8  Speed_Duty_Cycle                 
00001cca  Speed_Value                      
00001ccc  Start_Max_Duty_Cycle             
0000f206  Start_Motor                      
00001c7e  Start_Wait_Time                  
00001cce  State                            
0000f0f8  Stop_Motor                       
000003d2  TA0CCR0                          
000003d4  TA0CCR1                          
000003d6  TA0CCR2                          
000003c2  TA0CCTL0                         
000003c4  TA0CCTL1                         
000003c6  TA0CCTL2                         
000003c0  TA0CTL                           
000003e0  TA0EX0                           
000003ee  TA0IV                            
000003d0  TA0R                             
00000b0a  TD0CCR0                          
00000b10  TD0CCR1                          
00000b16  TD0CCR2                          
00000b08  TD0CCTL0                         
00000b0e  TD0CCTL1                         
00000b14  TD0CCTL2                         
00000b0c  TD0CL0                           
00000b12  TD0CL1                           
00000b18  TD0CL2                           
00000b00  TD0CTL0                          
00000b02  TD0CTL1                          
00000b04  TD0CTL2                          
00000b38  TD0HCTL0                         
00000b3a  TD0HCTL1                         
00000b3c  TD0HINT                          
00000b3e  TD0IV                            
00000b06  TD0R                             
00000b4a  TD1CCR0                          
00000b50  TD1CCR1                          
00000b56  TD1CCR2                          
00000b48  TD1CCTL0                         
00000b4e  TD1CCTL1                         
00000b54  TD1CCTL2                         
00000b4c  TD1CL0                           
00000b52  TD1CL1                           
00000b58  TD1CL2                           
00000b40  TD1CTL0                          
00000b42  TD1CTL1                          
00000b44  TD1CTL2                          
00000b78  TD1HCTL0                         
00000b7a  TD1HCTL1                         
00000b7c  TD1HINT                          
00000b7e  TD1IV                            
00000b46  TD1R                             
00000c0a  TEC0IV                           
00000c0b  TEC0IV_H                         
00000c0a  TEC0IV_L                         
00000c06  TEC0STA                          
00000c07  TEC0STA_H                        
00000c06  TEC0STA_L                        
00000c00  TEC0XCTL0                        
00000c01  TEC0XCTL0_H                      
00000c00  TEC0XCTL0_L                      
00000c02  TEC0XCTL1                        
00000c03  TEC0XCTL1_H                      
00000c02  TEC0XCTL1_L                      
00000c04  TEC0XCTL2                        
00000c05  TEC0XCTL2_H                      
00000c04  TEC0XCTL2_L                      
00000c08  TEC0XINT                         
00000c09  TEC0XINT_H                       
00000c08  TEC0XINT_L                       
00000c2a  TEC1IV                           
00000c2b  TEC1IV_H                         
00000c2a  TEC1IV_L                         
00000c26  TEC1STA                          
00000c27  TEC1STA_H                        
00000c26  TEC1STA_L                        
00000c20  TEC1XCTL0                        
00000c21  TEC1XCTL0_H                      
00000c20  TEC1XCTL0_L                      
00000c22  TEC1XCTL1                        
00000c23  TEC1XCTL1_H                      
00000c22  TEC1XCTL1_L                      
00000c24  TEC1XCTL2                        
00000c25  TEC1XCTL2_H                      
00000c24  TEC1XCTL2_L                      
00000c28  TEC1XINT                         
00000c29  TEC1XINT_H                       
00000c28  TEC1XINT_L                       
0000e2a2  TIMER0_D1_ISR                    
00001c48  TargetDutyCycle                  
00001c0a  Temperature_feedback             
0000f216  Timer_A0                         
000005d0  UCA0ABCTL                        
000005c6  UCA0BRW                          
000005c7  UCA0BRW_H                        
000005c6  UCA0BRW_L                        
000005c0  UCA0CTLW0                        
000005c1  UCA0CTLW0_H                      
000005c0  UCA0CTLW0_L                      
000005dc  UCA0ICTL                         
000005dd  UCA0ICTL_H                       
000005dc  UCA0ICTL_L                       
000005d2  UCA0IRCTL                        
000005d3  UCA0IRCTL_H                      
000005d2  UCA0IRCTL_L                      
000005de  UCA0IV                           
000005c8  UCA0MCTL                         
000005cc  UCA0RXBUF                        
000005ca  UCA0STAT                         
000005ce  UCA0TXBUF                        
000005e6  UCB0BRW                          
000005e7  UCB0BRW_H                        
000005e6  UCB0BRW_L                        
000005e0  UCB0CTLW0                        
000005e1  UCB0CTLW0_H                      
000005e0  UCB0CTLW0_L                      
000005f0  UCB0I2COA                        
000005f1  UCB0I2COA_H                      
000005f0  UCB0I2COA_L                      
000005f2  UCB0I2CSA                        
000005f3  UCB0I2CSA_H                      
000005f2  UCB0I2CSA_L                      
000005fc  UCB0ICTL                         
000005fd  UCB0ICTL_H                       
000005fc  UCB0ICTL_L                       
000005fe  UCB0IV                           
000005ec  UCB0RXBUF                        
000005ea  UCB0STAT                         
000005ee  UCB0TXBUF                        
00000160  UCSCTL0                          
00000161  UCSCTL0_H                        
00000160  UCSCTL0_L                        
00000162  UCSCTL1                          
00000163  UCSCTL1_H                        
00000162  UCSCTL1_L                        
00000164  UCSCTL2                          
00000165  UCSCTL2_H                        
00000164  UCSCTL2_L                        
00000166  UCSCTL3                          
00000167  UCSCTL3_H                        
00000166  UCSCTL3_L                        
00000168  UCSCTL4                          
00000169  UCSCTL4_H                        
00000168  UCSCTL4_L                        
0000016a  UCSCTL5                          
0000016b  UCSCTL5_H                        
0000016a  UCSCTL5_L                        
0000016c  UCSCTL6                          
0000016d  UCSCTL6_H                        
0000016c  UCSCTL6_L                        
0000016e  UCSCTL7                          
0000016f  UCSCTL7_H                        
0000016e  UCSCTL7_L                        
00000170  UCSCTL8                          
00000171  UCSCTL8_H                        
00000170  UCSCTL8_L                        
0000f1b6  USCI_A0_ISR                      
00001c04  VOLTAGE_PHASE_U                  
00001c06  VOLTAGE_PHASE_V                  
00001c08  VOLTAGE_PHASE_W                  
00001c2a  Velocity_Ramp                    
00001c22  WAIT_TIME                        
0000015c  WDTCTL                           
0000015d  WDTCTL_H                         
0000015c  WDTCTL_L                         
0000f226  WDT_ISR                          
00002000  __STACK_END                      
00000050  __STACK_SIZE                     
UNDEFED   __TI_BINIT_Base                  
UNDEFED   __TI_BINIT_Limit                 
0000f2a6  __TI_CINIT_Base                  
0000f2b6  __TI_CINIT_Limit                 
0000f294  __TI_Handler_Table_Base          
0000f2a0  __TI_Handler_Table_Limit         
UNDEFED   __TI_INITARRAY_Base              
UNDEFED   __TI_INITARRAY_Limit             
0000f20e  __TI_ISR_TRAP                    
0000e67a  __TI_decompress_lzss             
0000efb8  __TI_decompress_none             
0000ffda  __TI_int45                       
0000ffdc  __TI_int46                       
0000ffde  __TI_int47                       
0000ffe0  __TI_int48                       
0000ffe2  __TI_int49                       
0000ffe4  __TI_int50                       
0000ffe6  __TI_int51                       
0000ffe8  __TI_int52                       
0000ffea  __TI_int53                       
0000ffec  __TI_int54                       
0000ffee  __TI_int55                       
0000fff0  __TI_int56                       
0000fff2  __TI_int57                       
0000fff4  __TI_int58                       
0000fff6  __TI_int59                       
0000fff8  __TI_int60                       
0000fffa  __TI_int61                       
0000fffc  __TI_int62                       
ffffffff  __TI_pprof_out_hndl              
ffffffff  __TI_prof_data_size              
ffffffff  __TI_prof_data_start             
0000eefe  __TI_zero_init                   
ffffffff  __c_args__                       
0000eebe  __memcpy_far                     
0000f058  __mspabi_divi                    
0000f10e  __mspabi_divu                    
0000edd6  __mspabi_divul                   
0000f0e0  __mspabi_mpyi_f5hw               
0000f058  __mspabi_remi                    
0000f10e  __mspabi_remu                    
0000edd6  __mspabi_remul                   
0000ef74  __mspabi_slll_1                  
0000ef50  __mspabi_slll_10                 
0000ef4c  __mspabi_slll_11                 
0000ef48  __mspabi_slll_12                 
0000ef44  __mspabi_slll_13                 
0000ef40  __mspabi_slll_14                 
0000ef3c  __mspabi_slll_15                 
0000ef70  __mspabi_slll_2                  
0000ef6c  __mspabi_slll_3                  
0000ef68  __mspabi_slll_4                  
0000ef64  __mspabi_slll_5                  
0000ef60  __mspabi_slll_6                  
0000ef5c  __mspabi_slll_7                  
0000ef58  __mspabi_slll_8                  
0000ef54  __mspabi_slll_9                  
0000efb2  __mspabi_srll_1                  
0000ef8e  __mspabi_srll_10                 
0000ef8a  __mspabi_srll_11                 
0000ef86  __mspabi_srll_12                 
0000ef82  __mspabi_srll_13                 
0000ef7e  __mspabi_srll_14                 
0000ef7a  __mspabi_srll_15                 
0000efae  __mspabi_srll_2                  
0000efaa  __mspabi_srll_3                  
0000efa6  __mspabi_srll_4                  
0000efa2  __mspabi_srll_5                  
0000ef9e  __mspabi_srll_6                  
0000ef9a  __mspabi_srll_7                  
0000ef96  __mspabi_srll_8                  
0000ef92  __mspabi_srll_9                  
0000ec1e  _auto_init                       
0000f0c6  _c_int00_noargs_noexit           
0000fffe  _reset_vector                    
00001fb0  _stack                           
0000f228  _system_post_cinit               
0000f222  _system_pre_init                 
0000f21c  abort                            
00001c88  channel                          
0000eade  copy_in                          
00001c7a  count                            
00001c14  counter                          
00001c6e  ctr                              
00001ca6  cycle                            
00001c4c  dc_avg_count                     
00001c52  dc_bus_avg_first_reading         
0000e768  dc_bus_compensation              
00001c18  dc_comp_flag                     
00001c16  feedforward_flag                 
00001c1a  flag_set                         
0000f0a8  init_ADC                         
0000eff4  init_COMPB                       
0000eca0  init_IO                          
0000f1c6  init_TEC                         
0000f02a  init_TimerD                      
0000f1fa  init_WDT                         
0000e000  main                             
00001cae  max                              
00001c94  max_intgr_const                  
0000f1a4  memcpy                           
00001c9a  minute_counter                   
00001ca0  motor_cont_running_time_minute   
00001cb8  motor_ruuning_condition          
00001cb6  motor_target_electrical_frequency
00001cbc  off_minutes                      
00001c84  openloop_count                   
00001ca4  prevcycle                        
00001ca2  running_condition_m_counter      
00001cba  running_minutes                  
00001cb0  safe_to_start_motor              
00001c9c  second_counter                   
00001c0e  softstart_counter                
00001cb4  speed_pwm_step                   
00001cb2  speed_step                       
00001ca8  stop_motor_flag                  
00001c10  sum                              
00001c2e  temp1                            
00001c32  temp2                            
00001c46  temp3                            
00001c44  temp4                            
00001c42  temp4_flag                       
00001c36  temp5                            
00001c3a  temp6                            
00001c3e  temp7                            
00001c70  time_ctr                         
00001c98  time_elapsed_minute              
00001c96  time_elapsed_second_f            
00001cbe  tx_string                        
00001cab  tx_string_index                  
00001cad  uart_rx_interrupt                
00001cac  uart_tx_interrupt                
0000f084  user_defined_parameters          
00001c64  voltage_diff                     


GLOBAL SYMBOLS: SORTED BY Symbol Address 

address   name                             
-------   ----                             
00000050  __STACK_SIZE                     
00000100  SFRIE1                           
00000100  SFRIE1_L                         
00000101  SFRIE1_H                         
00000102  SFRIFG1                          
00000102  SFRIFG1_L                        
00000103  SFRIFG1_H                        
00000104  SFRRPCR                          
00000104  SFRRPCR_L                        
00000105  SFRRPCR_H                        
00000120  PMMCTL0                          
00000120  PMMCTL0_L                        
00000121  PMMCTL0_H                        
00000122  PMMCTL1                          
00000122  PMMCTL1_L                        
00000123  PMMCTL1_H                        
00000124  SVSMHCTL                         
00000124  SVSMHCTL_L                       
00000125  SVSMHCTL_H                       
00000126  SVSMLCTL                         
00000126  SVSMLCTL_L                       
00000127  SVSMLCTL_H                       
00000128  SVSMIO                           
00000128  SVSMIO_L                         
00000129  SVSMIO_H                         
0000012c  PMMIFG                           
0000012c  PMMIFG_L                         
0000012d  PMMIFG_H                         
0000012e  PMMRIE                           
0000012e  PMMRIE_L                         
0000012f  PMMRIE_H                         
00000130  PM5CTL0                          
00000130  PM5CTL0_L                        
00000131  PM5CTL0_H                        
00000140  FCTL1                            
00000140  FCTL1_L                          
00000141  FCTL1_H                          
00000144  FCTL3                            
00000144  FCTL3_L                          
00000145  FCTL3_H                          
00000146  FCTL4                            
00000146  FCTL4_L                          
00000147  FCTL4_H                          
00000150  CRCDI                            
00000150  CRCDI_L                          
00000151  CRCDI_H                          
00000152  CRCDIRB                          
00000152  CRCDIRB_L                        
00000153  CRCDIRB_H                        
00000154  CRCINIRES                        
00000154  CRCINIRES_L                      
00000155  CRCINIRES_H                      
00000156  CRCRESR                          
00000156  CRCRESR_L                        
00000157  CRCRESR_H                        
00000158  RCCTL0                           
00000158  RCCTL0_L                         
00000159  RCCTL0_H                         
0000015c  WDTCTL                           
0000015c  WDTCTL_L                         
0000015d  WDTCTL_H                         
00000160  UCSCTL0                          
00000160  UCSCTL0_L                        
00000161  UCSCTL0_H                        
00000162  UCSCTL1                          
00000162  UCSCTL1_L                        
00000163  UCSCTL1_H                        
00000164  UCSCTL2                          
00000164  UCSCTL2_L                        
00000165  UCSCTL2_H                        
00000166  UCSCTL3                          
00000166  UCSCTL3_L                        
00000167  UCSCTL3_H                        
00000168  UCSCTL4                          
00000168  UCSCTL4_L                        
00000169  UCSCTL4_H                        
0000016a  UCSCTL5                          
0000016a  UCSCTL5_L                        
0000016b  UCSCTL5_H                        
0000016c  UCSCTL6                          
0000016c  UCSCTL6_L                        
0000016d  UCSCTL6_H                        
0000016e  UCSCTL7                          
0000016e  UCSCTL7_L                        
0000016f  UCSCTL7_H                        
00000170  UCSCTL8                          
00000170  UCSCTL8_L                        
00000171  UCSCTL8_H                        
00000180  SYSCTL                           
00000180  SYSCTL_L                         
00000181  SYSCTL_H                         
00000182  SYSBSLC                          
00000182  SYSBSLC_L                        
00000183  SYSBSLC_H                        
00000186  SYSJMBC                          
00000186  SYSJMBC_L                        
00000187  SYSJMBC_H                        
00000188  SYSJMBI0                         
00000188  SYSJMBI0_L                       
00000189  SYSJMBI0_H                       
0000018a  SYSJMBI1                         
0000018a  SYSJMBI1_L                       
0000018b  SYSJMBI1_H                       
0000018c  SYSJMBO0                         
0000018c  SYSJMBO0_L                       
0000018d  SYSJMBO0_H                       
0000018e  SYSJMBO1                         
0000018e  SYSJMBO1_L                       
0000018f  SYSJMBO1_H                       
00000198  SYSBERRIV                        
00000198  SYSBERRIV_L                      
00000199  SYSBERRIV_H                      
0000019a  SYSUNIV                          
0000019a  SYSUNIV_L                        
0000019b  SYSUNIV_H                        
0000019c  SYSSNIV                          
0000019c  SYSSNIV_L                        
0000019d  SYSSNIV_H                        
0000019e  SYSRSTIV                         
0000019e  SYSRSTIV_L                       
0000019f  SYSRSTIV_H                       
000001b0  REFCTL0                          
000001b0  REFCTL0_L                        
000001b1  REFCTL0_H                        
000001c0  PMAPKEYID                        
000001c0  PMAPKEYID_L                      
000001c1  PMAPKEYID_H                      
000001c2  PMAPCTL                          
000001c2  PMAPCTL_L                        
000001c3  PMAPCTL_H                        
000001c8  P1MAP01                          
000001c8  P1MAP01_L                        
000001c9  P1MAP01_H                        
000001ca  P1MAP23                          
000001ca  P1MAP23_L                        
000001cb  P1MAP23_H                        
000001cc  P1MAP45                          
000001cc  P1MAP45_L                        
000001cd  P1MAP45_H                        
000001ce  P1MAP67                          
000001ce  P1MAP67_L                        
000001cf  P1MAP67_H                        
000001d0  P2MAP01                          
000001d0  P2MAP01_L                        
000001d1  P2MAP01_H                        
000001d2  P2MAP23                          
000001d2  P2MAP23_L                        
000001d3  P2MAP23_H                        
000001d4  P2MAP45                          
000001d4  P2MAP45_L                        
000001d5  P2MAP45_H                        
000001d6  P2MAP67                          
000001d6  P2MAP67_L                        
000001d7  P2MAP67_H                        
000001d8  P3MAP01                          
000001d8  P3MAP01_L                        
000001d9  P3MAP01_H                        
000001da  P3MAP23                          
000001da  P3MAP23_L                        
000001db  P3MAP23_H                        
000001dc  P3MAP45                          
000001dc  P3MAP45_L                        
000001dd  P3MAP45_H                        
000001de  P3MAP67                          
000001de  P3MAP67_L                        
000001df  P3MAP67_H                        
00000200  PAIN                             
00000200  PAIN_L                           
00000201  PAIN_H                           
00000202  PAOUT                            
00000202  PAOUT_L                          
00000203  PAOUT_H                          
00000204  PADIR                            
00000204  PADIR_L                          
00000205  PADIR_H                          
00000206  PAREN                            
00000206  PAREN_L                          
00000207  PAREN_H                          
00000208  PADS                             
00000208  PADS_L                           
00000209  PADS_H                           
0000020a  PASEL                            
0000020a  PASEL_L                          
0000020b  PASEL_H                          
0000020e  P1IV                             
00000218  PAIES                            
00000218  PAIES_L                          
00000219  PAIES_H                          
0000021a  PAIE                             
0000021a  PAIE_L                           
0000021b  PAIE_H                           
0000021c  PAIFG                            
0000021c  PAIFG_L                          
0000021d  PAIFG_H                          
0000021e  P2IV                             
00000220  PBIN                             
00000220  PBIN_L                           
00000221  PBIN_H                           
00000222  PBOUT                            
00000222  PBOUT_L                          
00000223  PBOUT_H                          
00000224  PBDIR                            
00000224  PBDIR_L                          
00000225  PBDIR_H                          
00000226  PBREN                            
00000226  PBREN_L                          
00000227  PBREN_H                          
00000228  PBDS                             
00000228  PBDS_L                           
00000229  PBDS_H                           
0000022a  PBSEL                            
0000022a  PBSEL_L                          
0000022b  PBSEL_H                          
00000320  PJIN                             
00000320  PJIN_L                           
00000321  PJIN_H                           
00000322  PJOUT                            
00000322  PJOUT_L                          
00000323  PJOUT_H                          
00000324  PJDIR                            
00000324  PJDIR_L                          
00000325  PJDIR_H                          
00000326  PJREN                            
00000326  PJREN_L                          
00000327  PJREN_H                          
00000328  PJDS                             
00000328  PJDS_L                           
00000329  PJDS_H                           
0000032a  PJSEL                            
0000032a  PJSEL_L                          
0000032b  PJSEL_H                          
000003c0  TA0CTL                           
000003c2  TA0CCTL0                         
000003c4  TA0CCTL1                         
000003c6  TA0CCTL2                         
000003d0  TA0R                             
000003d2  TA0CCR0                          
000003d4  TA0CCR1                          
000003d6  TA0CCR2                          
000003e0  TA0EX0                           
000003ee  TA0IV                            
000004c0  MPY                              
000004c0  MPY_L                            
000004c1  MPY_H                            
000004c2  MPYS                             
000004c2  MPYS_L                           
000004c3  MPYS_H                           
000004c4  MAC                              
000004c4  MAC_L                            
000004c5  MAC_H                            
000004c6  MACS                             
000004c6  MACS_L                           
000004c7  MACS_H                           
000004c8  OP2                              
000004c8  OP2_L                            
000004c9  OP2_H                            
000004ca  RESLO                            
000004ca  RESLO_L                          
000004cb  RESLO_H                          
000004cc  RESHI                            
000004cc  RESHI_L                          
000004cd  RESHI_H                          
000004ce  SUMEXT                           
000004ce  SUMEXT_L                         
000004cf  SUMEXT_H                         
000004d0  MPY32L                           
000004d0  MPY32L_L                         
000004d1  MPY32L_H                         
000004d2  MPY32H                           
000004d2  MPY32H_L                         
000004d3  MPY32H_H                         
000004d4  MPYS32L                          
000004d4  MPYS32L_L                        
000004d5  MPYS32L_H                        
000004d6  MPYS32H                          
000004d6  MPYS32H_L                        
000004d7  MPYS32H_H                        
000004d8  MAC32L                           
000004d8  MAC32L_L                         
000004d9  MAC32L_H                         
000004da  MAC32H                           
000004da  MAC32H_L                         
000004db  MAC32H_H                         
000004dc  MACS32L                          
000004dc  MACS32L_L                        
000004dd  MACS32L_H                        
000004de  MACS32H                          
000004de  MACS32H_L                        
000004df  MACS32H_H                        
000004e0  OP2L                             
000004e0  OP2L_L                           
000004e1  OP2L_H                           
000004e2  OP2H                             
000004e2  OP2H_L                           
000004e3  OP2H_H                           
000004e4  RES0                             
000004e4  RES0_L                           
000004e5  RES0_H                           
000004e6  RES1                             
000004e6  RES1_L                           
000004e7  RES1_H                           
000004e8  RES2                             
000004e8  RES2_L                           
000004e9  RES2_H                           
000004ea  RES3                             
000004ea  RES3_L                           
000004eb  RES3_H                           
000004ec  MPY32CTL0                        
000004ec  MPY32CTL0_L                      
000004ed  MPY32CTL0_H                      
00000500  DMACTL0                          
00000500  DMACTL0_L                        
00000501  DMACTL0_H                        
00000502  DMACTL1                          
00000502  DMACTL1_L                        
00000503  DMACTL1_H                        
00000504  DMACTL2                          
00000504  DMACTL2_L                        
00000505  DMACTL2_H                        
00000506  DMACTL3                          
00000506  DMACTL3_L                        
00000507  DMACTL3_H                        
00000508  DMACTL4                          
00000508  DMACTL4_L                        
00000509  DMACTL4_H                        
0000050e  DMAIV                            
0000050e  DMAIV_L                          
0000050f  DMAIV_H                          
00000510  DMA0CTL                          
00000510  DMA0CTL_L                        
00000511  DMA0CTL_H                        
00000512  DMA0SA                           
00000512  DMA0SAL                          
00000514  DMA0SAH                          
00000516  DMA0DA                           
00000516  DMA0DAL                          
00000518  DMA0DAH                          
0000051a  DMA0SZ                           
00000520  DMA1CTL                          
00000520  DMA1CTL_L                        
00000521  DMA1CTL_H                        
00000522  DMA1SA                           
00000522  DMA1SAL                          
00000524  DMA1SAH                          
00000526  DMA1DA                           
00000526  DMA1DAL                          
00000528  DMA1DAH                          
0000052a  DMA1SZ                           
00000530  DMA2CTL                          
00000530  DMA2CTL_L                        
00000531  DMA2CTL_H                        
00000532  DMA2SA                           
00000532  DMA2SAL                          
00000534  DMA2SAH                          
00000536  DMA2DA                           
00000536  DMA2DAL                          
00000538  DMA2DAH                          
0000053a  DMA2SZ                           
000005c0  UCA0CTLW0                        
000005c0  UCA0CTLW0_L                      
000005c1  UCA0CTLW0_H                      
000005c6  UCA0BRW                          
000005c6  UCA0BRW_L                        
000005c7  UCA0BRW_H                        
000005c8  UCA0MCTL                         
000005ca  UCA0STAT                         
000005cc  UCA0RXBUF                        
000005ce  UCA0TXBUF                        
000005d0  UCA0ABCTL                        
000005d2  UCA0IRCTL                        
000005d2  UCA0IRCTL_L                      
000005d3  UCA0IRCTL_H                      
000005dc  UCA0ICTL                         
000005dc  UCA0ICTL_L                       
000005dd  UCA0ICTL_H                       
000005de  UCA0IV                           
000005e0  UCB0CTLW0                        
000005e0  UCB0CTLW0_L                      
000005e1  UCB0CTLW0_H                      
000005e6  UCB0BRW                          
000005e6  UCB0BRW_L                        
000005e7  UCB0BRW_H                        
000005ea  UCB0STAT                         
000005ec  UCB0RXBUF                        
000005ee  UCB0TXBUF                        
000005f0  UCB0I2COA                        
000005f0  UCB0I2COA_L                      
000005f1  UCB0I2COA_H                      
000005f2  UCB0I2CSA                        
000005f2  UCB0I2CSA_L                      
000005f3  UCB0I2CSA_H                      
000005fc  UCB0ICTL                         
000005fc  UCB0ICTL_L                       
000005fd  UCB0ICTL_H                       
000005fe  UCB0IV                           
00000740  ADC10CTL0                        
00000740  ADC10CTL0_L                      
00000741  ADC10CTL0_H                      
00000742  ADC10CTL1                        
00000742  ADC10CTL1_L                      
00000743  ADC10CTL1_H                      
00000744  ADC10CTL2                        
00000744  ADC10CTL2_L                      
00000745  ADC10CTL2_H                      
00000746  ADC10LO                          
00000746  ADC10LO_L                        
00000747  ADC10LO_H                        
00000748  ADC10HI                          
00000748  ADC10HI_L                        
00000749  ADC10HI_H                        
0000074a  ADC10MCTL0                       
0000074a  ADC10MCTL0_L                     
0000074b  ADC10MCTL0_H                     
00000752  ADC10MEM0                        
00000752  ADC10MEM0_L                      
00000753  ADC10MEM0_H                      
0000075a  ADC10IE                          
0000075a  ADC10IE_L                        
0000075b  ADC10IE_H                        
0000075c  ADC10IFG                         
0000075c  ADC10IFG_L                       
0000075d  ADC10IFG_H                       
0000075e  ADC10IV                          
0000075e  ADC10IV_L                        
0000075f  ADC10IV_H                        
000008c0  CBCTL0                           
000008c0  CBCTL0_L                         
000008c1  CBCTL0_H                         
000008c2  CBCTL1                           
000008c2  CBCTL1_L                         
000008c3  CBCTL1_H                         
000008c4  CBCTL2                           
000008c4  CBCTL2_L                         
000008c5  CBCTL2_H                         
000008c6  CBCTL3                           
000008c6  CBCTL3_L                         
000008c7  CBCTL3_H                         
000008cc  CBINT                            
000008cc  CBINT_L                          
000008cd  CBINT_H                          
000008ce  CBIV                             
00000b00  TD0CTL0                          
00000b02  TD0CTL1                          
00000b04  TD0CTL2                          
00000b06  TD0R                             
00000b08  TD0CCTL0                         
00000b0a  TD0CCR0                          
00000b0c  TD0CL0                           
00000b0e  TD0CCTL1                         
00000b10  TD0CCR1                          
00000b12  TD0CL1                           
00000b14  TD0CCTL2                         
00000b16  TD0CCR2                          
00000b18  TD0CL2                           
00000b38  TD0HCTL0                         
00000b3a  TD0HCTL1                         
00000b3c  TD0HINT                          
00000b3e  TD0IV                            
00000b40  TD1CTL0                          
00000b42  TD1CTL1                          
00000b44  TD1CTL2                          
00000b46  TD1R                             
00000b48  TD1CCTL0                         
00000b4a  TD1CCR0                          
00000b4c  TD1CL0                           
00000b4e  TD1CCTL1                         
00000b50  TD1CCR1                          
00000b52  TD1CL1                           
00000b54  TD1CCTL2                         
00000b56  TD1CCR2                          
00000b58  TD1CL2                           
00000b78  TD1HCTL0                         
00000b7a  TD1HCTL1                         
00000b7c  TD1HINT                          
00000b7e  TD1IV                            
00000c00  TEC0XCTL0                        
00000c00  TEC0XCTL0_L                      
00000c01  TEC0XCTL0_H                      
00000c02  TEC0XCTL1                        
00000c02  TEC0XCTL1_L                      
00000c03  TEC0XCTL1_H                      
00000c04  TEC0XCTL2                        
00000c04  TEC0XCTL2_L                      
00000c05  TEC0XCTL2_H                      
00000c06  TEC0STA                          
00000c06  TEC0STA_L                        
00000c07  TEC0STA_H                        
00000c08  TEC0XINT                         
00000c08  TEC0XINT_L                       
00000c09  TEC0XINT_H                       
00000c0a  TEC0IV                           
00000c0a  TEC0IV_L                         
00000c0b  TEC0IV_H                         
00000c20  TEC1XCTL0                        
00000c20  TEC1XCTL0_L                      
00000c21  TEC1XCTL0_H                      
00000c22  TEC1XCTL1                        
00000c22  TEC1XCTL1_L                      
00000c23  TEC1XCTL1_H                      
00000c24  TEC1XCTL2                        
00000c24  TEC1XCTL2_L                      
00000c25  TEC1XCTL2_H                      
00000c26  TEC1STA                          
00000c26  TEC1STA_L                        
00000c27  TEC1STA_H                        
00000c28  TEC1XINT                         
00000c28  TEC1XINT_L                       
00000c29  TEC1XINT_H                       
00000c2a  TEC1IV                           
00000c2a  TEC1IV_L                         
00000c2b  TEC1IV_H                         
00001c00  DC_Bus_Voltage                   
00001c02  SPEED_REF                        
00001c04  VOLTAGE_PHASE_U                  
00001c06  VOLTAGE_PHASE_V                  
00001c08  VOLTAGE_PHASE_W                  
00001c0a  Temperature_feedback             
00001c0c  DC_BUS_CURRENT                   
00001c0e  softstart_counter                
00001c10  sum                              
00001c14  counter                          
00001c16  feedforward_flag                 
00001c18  dc_comp_flag                     
00001c1a  flag_set                         
00001c1c  INTEGRATION_CONSTANT             
00001c1e  START_UP_DUTYCYCLE               
00001c1f  START_UP_MAX_DUTYCYCLE           
00001c20  INCREMENTAL_DUTY                 
00001c21  INCREMENTAL_TIME                 
00001c22  WAIT_TIME                        
00001c24  SPEED_RAMP_CYCLES                
00001c25  SPEED_DUTY_MAX                   
00001c26  SPEED_DUTY_MIN                   
00001c28  MAX_DUTY                         
00001c2a  Velocity_Ramp                    
00001c2c  MIN_DUTY                         
00001c2e  temp1                            
00001c32  temp2                            
00001c36  temp5                            
00001c3a  temp6                            
00001c3e  temp7                            
00001c42  temp4_flag                       
00001c44  temp4                            
00001c46  temp3                            
00001c48  TargetDutyCycle                  
00001c4a  DC_Voltage_Feeddforward          
00001c4c  dc_avg_count                     
00001c4e  DC_Bus_Voltage_Average           
00001c50  DC_avg_temp                      
00001c52  dc_bus_avg_first_reading         
00001c54  DC_Bus_Voltage_present           
00001c56  DC_Bus_Voltage_7                 
00001c58  DC_Bus_Voltage_6                 
00001c5a  DC_Bus_Voltage_5                 
00001c5c  DC_Bus_Voltage_4                 
00001c5e  DC_Bus_Voltage_3                 
00001c60  DC_Bus_Voltage_2                 
00001c62  DC_Bus_Voltage_1                 
00001c64  voltage_diff                     
00001c66  Current_Reading                  
00001c68  Previous_Reading                 
00001c6a  Positive_Threshold               
00001c6c  Negative_Threshold               
00001c6e  ctr                              
00001c70  time_ctr                         
00001c72  Integration_Start_Flag           
00001c73  Reading_Changed                  
00001c74  Case_Counter                     
00001c75  First_ADC_Captured               
00001c76  Integrated_Value                 
00001c78  First_ADC                        
00001c7a  count                            
00001c7c  Channel                          
00001c7d  Direction                        
00001c7e  Start_Wait_Time                  
00001c80  CurrentCommState                 
00001c82  PreviousCommState                
00001c84  openloop_count                   
00001c86  ADC_VOLTAGESENSE_FLAG            
00001c88  channel                          
00001c8a  FirstADC_flag                    
00001c8c  ADC_selection_flag               
00001c8e  ADC_selection_flag_1             
00001c90  CurrentDutyCycle                 
00001c92  Motor_E_Frequency                
00001c94  max_intgr_const                  
00001c96  time_elapsed_second_f            
00001c98  time_elapsed_minute              
00001c9a  minute_counter                   
00001c9c  second_counter                   
00001c9e  MOTOR_SPIN_STATUS                
00001ca0  motor_cont_running_time_minute   
00001ca2  running_condition_m_counter      
00001ca4  prevcycle                        
00001ca6  cycle                            
00001ca8  stop_motor_flag                  
00001caa  A0_Timer_Tick                    
00001cab  tx_string_index                  
00001cac  uart_tx_interrupt                
00001cad  uart_rx_interrupt                
00001cae  max                              
00001cb0  safe_to_start_motor              
00001cb2  speed_step                       
00001cb4  speed_pwm_step                   
00001cb6  motor_target_electrical_frequency
00001cb8  motor_ruuning_condition          
00001cba  running_minutes                  
00001cbc  off_minutes                      
00001cbe  tx_string                        
00001cc6  Cycle_Count                      
00001cc8  Speed_Duty_Cycle                 
00001cca  Speed_Value                      
00001ccc  Start_Max_Duty_Cycle             
00001cce  State                            
00001fb0  _stack                           
00002000  __STACK_END                      
0000e000  main                             
0000e2a2  TIMER0_D1_ISR                    
0000e506  ADC10_ISR                        
0000e67a  __TI_decompress_lzss             
0000e768  dc_bus_compensation              
0000e852  Process_Integration              
0000e934  Commutate                        
0000ea0a  Adjust_RPM                       
0000eade  copy_in                          
0000eb90  PrintNumber                      
0000ec1e  _auto_init                       
0000eca0  init_IO                          
0000ed1c  Init_Clocks                      
0000ed7c  Init_InstaSpin                   
0000edd6  __mspabi_divul                   
0000edd6  __mspabi_remul                   
0000ee2e  SetVcoreUp                       
0000ee7c  Init_UART                        
0000eebe  __memcpy_far                     
0000eefe  __TI_zero_init                   
0000ef3c  __mspabi_slll_15                 
0000ef40  __mspabi_slll_14                 
0000ef44  __mspabi_slll_13                 
0000ef48  __mspabi_slll_12                 
0000ef4c  __mspabi_slll_11                 
0000ef50  __mspabi_slll_10                 
0000ef54  __mspabi_slll_9                  
0000ef58  __mspabi_slll_8                  
0000ef5c  __mspabi_slll_7                  
0000ef60  __mspabi_slll_6                  
0000ef64  __mspabi_slll_5                  
0000ef68  __mspabi_slll_4                  
0000ef6c  __mspabi_slll_3                  
0000ef70  __mspabi_slll_2                  
0000ef74  __mspabi_slll_1                  
0000ef7a  __mspabi_srll_15                 
0000ef7e  __mspabi_srll_14                 
0000ef82  __mspabi_srll_13                 
0000ef86  __mspabi_srll_12                 
0000ef8a  __mspabi_srll_11                 
0000ef8e  __mspabi_srll_10                 
0000ef92  __mspabi_srll_9                  
0000ef96  __mspabi_srll_8                  
0000ef9a  __mspabi_srll_7                  
0000ef9e  __mspabi_srll_6                  
0000efa2  __mspabi_srll_5                  
0000efa6  __mspabi_srll_4                  
0000efaa  __mspabi_srll_3                  
0000efae  __mspabi_srll_2                  
0000efb2  __mspabi_srll_1                  
0000efb8  __TI_decompress_none             
0000eff4  init_COMPB                       
0000f02a  init_TimerD                      
0000f058  __mspabi_divi                    
0000f058  __mspabi_remi                    
0000f084  user_defined_parameters          
0000f0a8  init_ADC                         
0000f0c6  _c_int00_noargs_noexit           
0000f0e0  __mspabi_mpyi_f5hw               
0000f0f8  Stop_Motor                       
0000f10e  __mspabi_divu                    
0000f10e  __mspabi_remu                    
0000f124  Init_TimerA                      
0000f138  A_LOW                            
0000f14a  A_Z                              
0000f15c  B_LOW                            
0000f16e  B_Z                              
0000f180  C_LOW                            
0000f192  C_Z                              
0000f1a4  memcpy                           
0000f1b6  USCI_A0_ISR                      
0000f1c6  init_TEC                         
0000f1d6  A_PWM                            
0000f1e2  B_PWM                            
0000f1ee  C_PWM                            
0000f1fa  init_WDT                         
0000f206  Start_Motor                      
0000f20e  __TI_ISR_TRAP                    
0000f216  Timer_A0                         
0000f21c  C$$EXIT                          
0000f21c  abort                            
0000f222  _system_pre_init                 
0000f226  WDT_ISR                          
0000f228  _system_post_cinit               
0000f294  __TI_Handler_Table_Base          
0000f2a0  __TI_Handler_Table_Limit         
0000f2a6  __TI_CINIT_Base                  
0000f2b6  __TI_CINIT_Limit                 
0000ffda  __TI_int45                       
0000ffdc  __TI_int46                       
0000ffde  __TI_int47                       
0000ffe0  __TI_int48                       
0000ffe2  __TI_int49                       
0000ffe4  __TI_int50                       
0000ffe6  __TI_int51                       
0000ffe8  __TI_int52                       
0000ffea  __TI_int53                       
0000ffec  __TI_int54                       
0000ffee  __TI_int55                       
0000fff0  __TI_int56                       
0000fff2  __TI_int57                       
0000fff4  __TI_int58                       
0000fff6  __TI_int59                       
0000fff8  __TI_int60                       
0000fffa  __TI_int61                       
0000fffc  __TI_int62                       
0000fffe  _reset_vector                    
ffffffff  __TI_pprof_out_hndl              
ffffffff  __TI_prof_data_size              
ffffffff  __TI_prof_data_start             
ffffffff  __c_args__                       
UNDEFED   __TI_BINIT_Base                  
UNDEFED   __TI_BINIT_Limit                 
UNDEFED   __TI_INITARRAY_Base              
UNDEFED   __TI_INITARRAY_Limit             

[731 symbols]
