<?xml version="1.0"?>
<link_info>
   <banner>MSP430 Linker PC v16.9.1.LTS</banner>
   <copyright>Copyright (c) 2003-2015 Texas Instruments Incorporated</copyright>
   <link_time>0x597d8760</link_time>
   <link_errors>0x0</link_errors>
   <output_file>BLDC_Firmware.out</output_file>
   <entry_point>
      <name>_c_int00_noargs_noexit</name>
      <address>0xf0c6</address>
   </entry_point>
   <input_file_list>
      <input_file id="fl-2">
         <path>.\</path>
         <kind>object</kind>
         <file>main.obj</file>
         <name>main.obj</name>
      </input_file>
      <input_file id="fl-9">
         <path>..\</path>
         <kind>archive</kind>
         <file>BLDC_sensorless_trapezoidal.lib</file>
         <name>BLDC_lib.obj</name>
      </input_file>
      <input_file id="fl-1f">
         <path>E:\INSTALLED\ti\ccsv7\tools\compiler\ti-cgt-msp430_16.9.1.LTS\lib\</path>
         <kind>archive</kind>
         <file>rts430x_lc_sd_eabi.lib</file>
         <name>boot.obj</name>
      </input_file>
      <input_file id="fl-20">
         <path>E:\INSTALLED\ti\ccsv7\tools\compiler\ti-cgt-msp430_16.9.1.LTS\lib\</path>
         <kind>archive</kind>
         <file>rts430x_lc_sd_eabi.lib</file>
         <name>boot_special.obj</name>
      </input_file>
      <input_file id="fl-21">
         <path>E:\INSTALLED\ti\ccsv7\tools\compiler\ti-cgt-msp430_16.9.1.LTS\lib\</path>
         <kind>archive</kind>
         <file>rts430x_lc_sd_eabi.lib</file>
         <name>copy_decompress_lzss.obj</name>
      </input_file>
      <input_file id="fl-22">
         <path>E:\INSTALLED\ti\ccsv7\tools\compiler\ti-cgt-msp430_16.9.1.LTS\lib\</path>
         <kind>archive</kind>
         <file>rts430x_lc_sd_eabi.lib</file>
         <name>copy_decompress_none.obj</name>
      </input_file>
      <input_file id="fl-23">
         <path>E:\INSTALLED\ti\ccsv7\tools\compiler\ti-cgt-msp430_16.9.1.LTS\lib\</path>
         <kind>archive</kind>
         <file>rts430x_lc_sd_eabi.lib</file>
         <name>copy_zero_init.obj</name>
      </input_file>
      <input_file id="fl-24">
         <path>E:\INSTALLED\ti\ccsv7\tools\compiler\ti-cgt-msp430_16.9.1.LTS\lib\</path>
         <kind>archive</kind>
         <file>rts430x_lc_sd_eabi.lib</file>
         <name>cpy_util.obj</name>
      </input_file>
      <input_file id="fl-25">
         <path>E:\INSTALLED\ti\ccsv7\tools\compiler\ti-cgt-msp430_16.9.1.LTS\lib\</path>
         <kind>archive</kind>
         <file>rts430x_lc_sd_eabi.lib</file>
         <name>div16s.obj</name>
      </input_file>
      <input_file id="fl-26">
         <path>E:\INSTALLED\ti\ccsv7\tools\compiler\ti-cgt-msp430_16.9.1.LTS\lib\</path>
         <kind>archive</kind>
         <file>rts430x_lc_sd_eabi.lib</file>
         <name>div16u.obj</name>
      </input_file>
      <input_file id="fl-27">
         <path>E:\INSTALLED\ti\ccsv7\tools\compiler\ti-cgt-msp430_16.9.1.LTS\lib\</path>
         <kind>archive</kind>
         <file>rts430x_lc_sd_eabi.lib</file>
         <name>div32u.obj</name>
      </input_file>
      <input_file id="fl-28">
         <path>E:\INSTALLED\ti\ccsv7\tools\compiler\ti-cgt-msp430_16.9.1.LTS\lib\</path>
         <kind>archive</kind>
         <file>rts430x_lc_sd_eabi.lib</file>
         <name>exit.obj</name>
      </input_file>
      <input_file id="fl-29">
         <path>E:\INSTALLED\ti\ccsv7\tools\compiler\ti-cgt-msp430_16.9.1.LTS\lib\</path>
         <kind>archive</kind>
         <file>rts430x_lc_sd_eabi.lib</file>
         <name>exit_gvars.obj</name>
      </input_file>
      <input_file id="fl-2a">
         <path>E:\INSTALLED\ti\ccsv7\tools\compiler\ti-cgt-msp430_16.9.1.LTS\lib\</path>
         <kind>archive</kind>
         <file>rts430x_lc_sd_eabi.lib</file>
         <name>int45.obj</name>
      </input_file>
      <input_file id="fl-2b">
         <path>E:\INSTALLED\ti\ccsv7\tools\compiler\ti-cgt-msp430_16.9.1.LTS\lib\</path>
         <kind>archive</kind>
         <file>rts430x_lc_sd_eabi.lib</file>
         <name>int46.obj</name>
      </input_file>
      <input_file id="fl-2c">
         <path>E:\INSTALLED\ti\ccsv7\tools\compiler\ti-cgt-msp430_16.9.1.LTS\lib\</path>
         <kind>archive</kind>
         <file>rts430x_lc_sd_eabi.lib</file>
         <name>int47.obj</name>
      </input_file>
      <input_file id="fl-2d">
         <path>E:\INSTALLED\ti\ccsv7\tools\compiler\ti-cgt-msp430_16.9.1.LTS\lib\</path>
         <kind>archive</kind>
         <file>rts430x_lc_sd_eabi.lib</file>
         <name>int48.obj</name>
      </input_file>
      <input_file id="fl-2e">
         <path>E:\INSTALLED\ti\ccsv7\tools\compiler\ti-cgt-msp430_16.9.1.LTS\lib\</path>
         <kind>archive</kind>
         <file>rts430x_lc_sd_eabi.lib</file>
         <name>int49.obj</name>
      </input_file>
      <input_file id="fl-2f">
         <path>E:\INSTALLED\ti\ccsv7\tools\compiler\ti-cgt-msp430_16.9.1.LTS\lib\</path>
         <kind>archive</kind>
         <file>rts430x_lc_sd_eabi.lib</file>
         <name>int50.obj</name>
      </input_file>
      <input_file id="fl-30">
         <path>E:\INSTALLED\ti\ccsv7\tools\compiler\ti-cgt-msp430_16.9.1.LTS\lib\</path>
         <kind>archive</kind>
         <file>rts430x_lc_sd_eabi.lib</file>
         <name>int51.obj</name>
      </input_file>
      <input_file id="fl-31">
         <path>E:\INSTALLED\ti\ccsv7\tools\compiler\ti-cgt-msp430_16.9.1.LTS\lib\</path>
         <kind>archive</kind>
         <file>rts430x_lc_sd_eabi.lib</file>
         <name>int54.obj</name>
      </input_file>
      <input_file id="fl-32">
         <path>E:\INSTALLED\ti\ccsv7\tools\compiler\ti-cgt-msp430_16.9.1.LTS\lib\</path>
         <kind>archive</kind>
         <file>rts430x_lc_sd_eabi.lib</file>
         <name>int58.obj</name>
      </input_file>
      <input_file id="fl-33">
         <path>E:\INSTALLED\ti\ccsv7\tools\compiler\ti-cgt-msp430_16.9.1.LTS\lib\</path>
         <kind>archive</kind>
         <file>rts430x_lc_sd_eabi.lib</file>
         <name>int59.obj</name>
      </input_file>
      <input_file id="fl-34">
         <path>E:\INSTALLED\ti\ccsv7\tools\compiler\ti-cgt-msp430_16.9.1.LTS\lib\</path>
         <kind>archive</kind>
         <file>rts430x_lc_sd_eabi.lib</file>
         <name>int60.obj</name>
      </input_file>
      <input_file id="fl-35">
         <path>E:\INSTALLED\ti\ccsv7\tools\compiler\ti-cgt-msp430_16.9.1.LTS\lib\</path>
         <kind>archive</kind>
         <file>rts430x_lc_sd_eabi.lib</file>
         <name>int61.obj</name>
      </input_file>
      <input_file id="fl-36">
         <path>E:\INSTALLED\ti\ccsv7\tools\compiler\ti-cgt-msp430_16.9.1.LTS\lib\</path>
         <kind>archive</kind>
         <file>rts430x_lc_sd_eabi.lib</file>
         <name>int62.obj</name>
      </input_file>
      <input_file id="fl-37">
         <path>E:\INSTALLED\ti\ccsv7\tools\compiler\ti-cgt-msp430_16.9.1.LTS\lib\</path>
         <kind>archive</kind>
         <file>rts430x_lc_sd_eabi.lib</file>
         <name>isr_trap.obj</name>
      </input_file>
      <input_file id="fl-38">
         <path>E:\INSTALLED\ti\ccsv7\tools\compiler\ti-cgt-msp430_16.9.1.LTS\lib\</path>
         <kind>archive</kind>
         <file>rts430x_lc_sd_eabi.lib</file>
         <name>lsl32.obj</name>
      </input_file>
      <input_file id="fl-39">
         <path>E:\INSTALLED\ti\ccsv7\tools\compiler\ti-cgt-msp430_16.9.1.LTS\lib\</path>
         <kind>archive</kind>
         <file>rts430x_lc_sd_eabi.lib</file>
         <name>lsr32.obj</name>
      </input_file>
      <input_file id="fl-3a">
         <path>E:\INSTALLED\ti\ccsv7\tools\compiler\ti-cgt-msp430_16.9.1.LTS\lib\</path>
         <kind>archive</kind>
         <file>rts430x_lc_sd_eabi.lib</file>
         <name>mpu_init.obj</name>
      </input_file>
      <input_file id="fl-3b">
         <path>E:\INSTALLED\ti\ccsv7\tools\compiler\ti-cgt-msp430_16.9.1.LTS\lib\</path>
         <kind>archive</kind>
         <file>rts430x_lc_sd_eabi.lib</file>
         <name>mult16.obj</name>
      </input_file>
      <input_file id="fl-3c">
         <path>E:\INSTALLED\ti\ccsv7\tools\compiler\ti-cgt-msp430_16.9.1.LTS\lib\</path>
         <kind>archive</kind>
         <file>rts430x_lc_sd_eabi.lib</file>
         <name>mult1632_f5hw.obj</name>
      </input_file>
      <input_file id="fl-3d">
         <path>E:\INSTALLED\ti\ccsv7\tools\compiler\ti-cgt-msp430_16.9.1.LTS\lib\</path>
         <kind>archive</kind>
         <file>rts430x_lc_sd_eabi.lib</file>
         <name>mult16_f5hw.obj</name>
      </input_file>
      <input_file id="fl-3e">
         <path>E:\INSTALLED\ti\ccsv7\tools\compiler\ti-cgt-msp430_16.9.1.LTS\lib\</path>
         <kind>archive</kind>
         <file>rts430x_lc_sd_eabi.lib</file>
         <name>mult3264_f5hw.obj</name>
      </input_file>
      <input_file id="fl-3f">
         <path>E:\INSTALLED\ti\ccsv7\tools\compiler\ti-cgt-msp430_16.9.1.LTS\lib\</path>
         <kind>archive</kind>
         <file>rts430x_lc_sd_eabi.lib</file>
         <name>mult32_f5hw.obj</name>
      </input_file>
      <input_file id="fl-40">
         <path>E:\INSTALLED\ti\ccsv7\tools\compiler\ti-cgt-msp430_16.9.1.LTS\lib\</path>
         <kind>archive</kind>
         <file>rts430x_lc_sd_eabi.lib</file>
         <name>mult64_f5hw.obj</name>
      </input_file>
      <input_file id="fl-41">
         <path>E:\INSTALLED\ti\ccsv7\tools\compiler\ti-cgt-msp430_16.9.1.LTS\lib\</path>
         <kind>archive</kind>
         <file>rts430x_lc_sd_eabi.lib</file>
         <name>pre_init.obj</name>
      </input_file>
      <input_file id="fl-42">
         <path>E:\INSTALLED\ti\ccsv7\tools\compiler\ti-cgt-msp430_16.9.1.LTS\lib\</path>
         <kind>archive</kind>
         <file>rts430x_lc_sd_eabi.lib</file>
         <name>_lock.obj</name>
      </input_file>
      <input_file id="fl-43">
         <path>E:\INSTALLED\ti\ccsv7\tools\compiler\ti-cgt-msp430_16.9.1.LTS\lib\</path>
         <kind>archive</kind>
         <file>rts430x_lc_sd_eabi.lib</file>
         <name>args_main.obj</name>
      </input_file>
      <input_file id="fl-44">
         <path>E:\INSTALLED\ti\ccsv7\tools\compiler\ti-cgt-msp430_16.9.1.LTS\lib\</path>
         <kind>archive</kind>
         <file>rts430x_lc_sd_eabi.lib</file>
         <name>autoinit.obj</name>
      </input_file>
      <input_file id="fl-45">
         <path>E:\INSTALLED\ti\ccsv7\tools\compiler\ti-cgt-msp430_16.9.1.LTS\lib\</path>
         <kind>archive</kind>
         <file>rts430x_lc_sd_eabi.lib</file>
         <name>cpy_tbl.obj</name>
      </input_file>
      <input_file id="fl-46">
         <path>E:\INSTALLED\ti\ccsv7\tools\compiler\ti-cgt-msp430_16.9.1.LTS\lib\</path>
         <kind>archive</kind>
         <file>rts430x_lc_sd_eabi.lib</file>
         <name>memcpy.obj</name>
      </input_file>
      <input_file id="fl-47">
         <path>E:\INSTALLED\ti\ccsv7\tools\compiler\ti-cgt-msp430_16.9.1.LTS\lib\</path>
         <kind>archive</kind>
         <file>rts430x_lc_sd_eabi.lib</file>
         <name>startup.obj</name>
      </input_file>
   </input_file_list>
   <object_component_list>
      <object_component id="oc-353">
         <name>.common:Cycle_Count</name>
         <uninitialized>true</uninitialized>
         <run_address>0x1cc6</run_address>
         <size>0x2</size>
      </object_component>
      <object_component id="oc-359">
         <name>.common:Start_Max_Duty_Cycle</name>
         <uninitialized>true</uninitialized>
         <run_address>0x1ccc</run_address>
         <size>0x2</size>
      </object_component>
      <object_component id="oc-453">
         <name>.common:Speed_Duty_Cycle</name>
         <uninitialized>true</uninitialized>
         <run_address>0x1cc8</run_address>
         <size>0x2</size>
      </object_component>
      <object_component id="oc-452">
         <name>.common:Speed_Value</name>
         <uninitialized>true</uninitialized>
         <run_address>0x1cca</run_address>
         <size>0x2</size>
      </object_component>
      <object_component id="oc-350">
         <name>.common:State</name>
         <uninitialized>true</uninitialized>
         <run_address>0x1cce</run_address>
         <size>0x1</size>
      </object_component>
      <object_component id="oc-346">
         <name>.data</name>
         <load_address>0x1c92</load_address>
         <run_address>0x1c92</run_address>
         <size>0x2c</size>
         <input_file_ref idref="fl-2"/>
      </object_component>
      <object_component id="oc-402">
         <name>.data:tx_string</name>
         <load_address>0x1cbe</load_address>
         <run_address>0x1cbe</run_address>
         <size>0x7</size>
         <input_file_ref idref="fl-2"/>
      </object_component>
      <object_component id="oc-34a">
         <name>.data</name>
         <load_address>0x1c00</load_address>
         <run_address>0x1c00</run_address>
         <size>0x92</size>
         <input_file_ref idref="fl-9"/>
      </object_component>
      <object_component id="oc-2c3">
         <name>.stack</name>
         <uninitialized>true</uninitialized>
         <run_address>0x1fb0</run_address>
         <size>0x2</size>
         <input_file_ref idref="fl-1f"/>
      </object_component>
      <object_component id="oc-52f">
         <name>.stack</name>
         <uninitialized>true</uninitialized>
         <run_address>0x1fb0</run_address>
         <size>0x0</size>
      </object_component>
      <object_component id="oc-327">
         <name>.text:main</name>
         <load_address>0xe000</load_address>
         <run_address>0xe000</run_address>
         <size>0x2a2</size>
         <input_file_ref idref="fl-2"/>
      </object_component>
      <object_component id="oc-2fb">
         <name>.text:_isr:TIMER0_D1_ISR</name>
         <load_address>0xe2a2</load_address>
         <run_address>0xe2a2</run_address>
         <size>0x264</size>
         <input_file_ref idref="fl-9"/>
      </object_component>
      <object_component id="oc-2e9">
         <name>.text:_isr:ADC10_ISR</name>
         <load_address>0xe506</load_address>
         <run_address>0xe506</run_address>
         <size>0x174</size>
         <input_file_ref idref="fl-9"/>
      </object_component>
      <object_component id="oc-65">
         <name>.text:decompress:lzss:__TI_decompress_lzss</name>
         <load_address>0xe67a</load_address>
         <run_address>0xe67a</run_address>
         <size>0xee</size>
         <input_file_ref idref="fl-21"/>
      </object_component>
      <object_component id="oc-3e0">
         <name>.text:dc_bus_compensation</name>
         <load_address>0xe768</load_address>
         <run_address>0xe768</run_address>
         <size>0xea</size>
         <input_file_ref idref="fl-9"/>
      </object_component>
      <object_component id="oc-3d4">
         <name>.text:Process_Integration</name>
         <load_address>0xe852</load_address>
         <run_address>0xe852</run_address>
         <size>0xe2</size>
         <input_file_ref idref="fl-9"/>
      </object_component>
      <object_component id="oc-3da">
         <name>.text:Commutate</name>
         <load_address>0xe934</load_address>
         <run_address>0xe934</run_address>
         <size>0xd6</size>
         <input_file_ref idref="fl-9"/>
      </object_component>
      <object_component id="oc-3fc">
         <name>.text:Adjust_RPM</name>
         <load_address>0xea0a</load_address>
         <run_address>0xea0a</run_address>
         <size>0xd4</size>
         <input_file_ref idref="fl-2"/>
      </object_component>
      <object_component id="oc-361">
         <name>.text:copy_in</name>
         <load_address>0xeade</load_address>
         <run_address>0xeade</run_address>
         <size>0xb2</size>
         <input_file_ref idref="fl-45"/>
      </object_component>
      <object_component id="oc-3ce">
         <name>.text:PrintNumber</name>
         <load_address>0xeb90</load_address>
         <run_address>0xeb90</run_address>
         <size>0x8e</size>
         <input_file_ref idref="fl-2"/>
      </object_component>
      <object_component id="oc-30d">
         <name>.text:_auto_init</name>
         <load_address>0xec1e</load_address>
         <run_address>0xec1e</run_address>
         <size>0x82</size>
         <input_file_ref idref="fl-44"/>
      </object_component>
      <object_component id="oc-395">
         <name>.text:init_IO</name>
         <load_address>0xeca0</load_address>
         <run_address>0xeca0</run_address>
         <size>0x7c</size>
         <input_file_ref idref="fl-9"/>
      </object_component>
      <object_component id="oc-389">
         <name>.text:Init_Clocks</name>
         <load_address>0xed1c</load_address>
         <run_address>0xed1c</run_address>
         <size>0x60</size>
         <input_file_ref idref="fl-2"/>
      </object_component>
      <object_component id="oc-3bf">
         <name>.text:Init_InstaSpin</name>
         <load_address>0xed7c</load_address>
         <run_address>0xed7c</run_address>
         <size>0x5a</size>
         <input_file_ref idref="fl-9"/>
      </object_component>
      <object_component id="oc-496">
         <name>.text</name>
         <load_address>0xedd6</load_address>
         <run_address>0xedd6</run_address>
         <size>0x58</size>
         <input_file_ref idref="fl-27"/>
      </object_component>
      <object_component id="oc-383">
         <name>.text:SetVcoreUp</name>
         <load_address>0xee2e</load_address>
         <run_address>0xee2e</run_address>
         <size>0x4e</size>
         <input_file_ref idref="fl-2"/>
      </object_component>
      <object_component id="oc-3b9">
         <name>.text:Init_UART</name>
         <load_address>0xee7c</load_address>
         <run_address>0xee7c</run_address>
         <size>0x42</size>
         <input_file_ref idref="fl-2"/>
      </object_component>
      <object_component id="oc-2d2">
         <name>.text:__memcpy_far</name>
         <load_address>0xeebe</load_address>
         <run_address>0xeebe</run_address>
         <size>0x40</size>
         <input_file_ref idref="fl-24"/>
      </object_component>
      <object_component id="oc-83">
         <name>.text:decompress:ZI:__TI_zero_init</name>
         <load_address>0xeefe</load_address>
         <run_address>0xeefe</run_address>
         <size>0x3e</size>
         <input_file_ref idref="fl-23"/>
      </object_component>
      <object_component id="oc-491">
         <name>.text:l_lsl_const</name>
         <load_address>0xef3c</load_address>
         <run_address>0xef3c</run_address>
         <size>0x3e</size>
         <input_file_ref idref="fl-38"/>
      </object_component>
      <object_component id="oc-35a">
         <name>.text:l_lsr_const</name>
         <load_address>0xef7a</load_address>
         <run_address>0xef7a</run_address>
         <size>0x3e</size>
         <input_file_ref idref="fl-39"/>
      </object_component>
      <object_component id="oc-6b">
         <name>.text:decompress:none:__TI_decompress_none</name>
         <load_address>0xefb8</load_address>
         <run_address>0xefb8</run_address>
         <size>0x3c</size>
         <input_file_ref idref="fl-22"/>
      </object_component>
      <object_component id="oc-3ad">
         <name>.text:init_COMPB</name>
         <load_address>0xeff4</load_address>
         <run_address>0xeff4</run_address>
         <size>0x36</size>
         <input_file_ref idref="fl-2"/>
      </object_component>
      <object_component id="oc-3a1">
         <name>.text:init_TimerD</name>
         <load_address>0xf02a</load_address>
         <run_address>0xf02a</run_address>
         <size>0x2e</size>
         <input_file_ref idref="fl-9"/>
      </object_component>
      <object_component id="oc-3eb">
         <name>.text</name>
         <load_address>0xf058</load_address>
         <run_address>0xf058</run_address>
         <size>0x2c</size>
         <input_file_ref idref="fl-25"/>
      </object_component>
      <object_component id="oc-38f">
         <name>.text:user_defined_parameters</name>
         <load_address>0xf084</load_address>
         <run_address>0xf084</run_address>
         <size>0x24</size>
         <input_file_ref idref="fl-2"/>
      </object_component>
      <object_component id="oc-39b">
         <name>.text:init_ADC</name>
         <load_address>0xf0a8</load_address>
         <run_address>0xf0a8</run_address>
         <size>0x1e</size>
         <input_file_ref idref="fl-9"/>
      </object_component>
      <object_component id="oc-a1">
         <name>.text:_isr:_c_int00_noargs_noexit</name>
         <load_address>0xf0c6</load_address>
         <run_address>0xf0c6</run_address>
         <size>0x1a</size>
         <input_file_ref idref="fl-20"/>
      </object_component>
      <object_component id="oc-3e6">
         <name>.text</name>
         <load_address>0xf0e0</load_address>
         <run_address>0xf0e0</run_address>
         <size>0x18</size>
         <input_file_ref idref="fl-3d"/>
      </object_component>
      <object_component id="oc-3f6">
         <name>.text:Stop_Motor</name>
         <load_address>0xf0f8</load_address>
         <run_address>0xf0f8</run_address>
         <size>0x16</size>
         <input_file_ref idref="fl-2"/>
      </object_component>
      <object_component id="oc-354">
         <name>.text</name>
         <load_address>0xf10e</load_address>
         <run_address>0xf10e</run_address>
         <size>0x16</size>
         <input_file_ref idref="fl-26"/>
      </object_component>
      <object_component id="oc-3c5">
         <name>.text:Init_TimerA</name>
         <load_address>0xf124</load_address>
         <run_address>0xf124</run_address>
         <size>0x14</size>
         <input_file_ref idref="fl-2"/>
      </object_component>
      <object_component id="oc-478">
         <name>.text:A_LOW</name>
         <load_address>0xf138</load_address>
         <run_address>0xf138</run_address>
         <size>0x12</size>
         <input_file_ref idref="fl-9"/>
      </object_component>
      <object_component id="oc-472">
         <name>.text:A_Z</name>
         <load_address>0xf14a</load_address>
         <run_address>0xf14a</run_address>
         <size>0x12</size>
         <input_file_ref idref="fl-9"/>
      </object_component>
      <object_component id="oc-460">
         <name>.text:B_LOW</name>
         <load_address>0xf15c</load_address>
         <run_address>0xf15c</run_address>
         <size>0x12</size>
         <input_file_ref idref="fl-9"/>
      </object_component>
      <object_component id="oc-47e">
         <name>.text:B_Z</name>
         <load_address>0xf16e</load_address>
         <run_address>0xf16e</run_address>
         <size>0x12</size>
         <input_file_ref idref="fl-9"/>
      </object_component>
      <object_component id="oc-48a">
         <name>.text:C_LOW</name>
         <load_address>0xf180</load_address>
         <run_address>0xf180</run_address>
         <size>0x12</size>
         <input_file_ref idref="fl-9"/>
      </object_component>
      <object_component id="oc-466">
         <name>.text:C_Z</name>
         <load_address>0xf192</load_address>
         <run_address>0xf192</run_address>
         <size>0x12</size>
         <input_file_ref idref="fl-9"/>
      </object_component>
      <object_component id="oc-418">
         <name>.text:memcpy</name>
         <load_address>0xf1a4</load_address>
         <run_address>0xf1a4</run_address>
         <size>0x12</size>
         <input_file_ref idref="fl-46"/>
      </object_component>
      <object_component id="oc-2ef">
         <name>.text:_isr:USCI_A0_ISR</name>
         <load_address>0xf1b6</load_address>
         <run_address>0xf1b6</run_address>
         <size>0x10</size>
         <input_file_ref idref="fl-2"/>
      </object_component>
      <object_component id="oc-3b3">
         <name>.text:init_TEC</name>
         <load_address>0xf1c6</load_address>
         <run_address>0xf1c6</run_address>
         <size>0x10</size>
         <input_file_ref idref="fl-2"/>
      </object_component>
      <object_component id="oc-45a">
         <name>.text:A_PWM</name>
         <load_address>0xf1d6</load_address>
         <run_address>0xf1d6</run_address>
         <size>0xc</size>
         <input_file_ref idref="fl-9"/>
      </object_component>
      <object_component id="oc-484">
         <name>.text:B_PWM</name>
         <load_address>0xf1e2</load_address>
         <run_address>0xf1e2</run_address>
         <size>0xc</size>
         <input_file_ref idref="fl-9"/>
      </object_component>
      <object_component id="oc-46c">
         <name>.text:C_PWM</name>
         <load_address>0xf1ee</load_address>
         <run_address>0xf1ee</run_address>
         <size>0xc</size>
         <input_file_ref idref="fl-9"/>
      </object_component>
      <object_component id="oc-3a7">
         <name>.text:init_WDT</name>
         <load_address>0xf1fa</load_address>
         <run_address>0xf1fa</run_address>
         <size>0xc</size>
         <input_file_ref idref="fl-9"/>
      </object_component>
      <object_component id="oc-3f0">
         <name>.text:Start_Motor</name>
         <load_address>0xf206</load_address>
         <run_address>0xf206</run_address>
         <size>0x8</size>
         <input_file_ref idref="fl-2"/>
      </object_component>
      <object_component id="oc-2de">
         <name>.text:_isr:__TI_ISR_TRAP</name>
         <load_address>0xf20e</load_address>
         <run_address>0xf20e</run_address>
         <size>0x8</size>
         <input_file_ref idref="fl-37"/>
      </object_component>
      <object_component id="oc-2e3">
         <name>.text:_isr:Timer_A0</name>
         <load_address>0xf216</load_address>
         <run_address>0xf216</run_address>
         <size>0x6</size>
         <input_file_ref idref="fl-2"/>
      </object_component>
      <object_component id="oc-32f">
         <name>.text:abort</name>
         <load_address>0xf21c</load_address>
         <run_address>0xf21c</run_address>
         <size>0x6</size>
         <input_file_ref idref="fl-28"/>
      </object_component>
      <object_component id="oc-307">
         <name>.text:_system_pre_init</name>
         <load_address>0xf222</load_address>
         <run_address>0xf222</run_address>
         <size>0x4</size>
         <input_file_ref idref="fl-41"/>
      </object_component>
      <object_component id="oc-2f5">
         <name>.text:_isr:WDT_ISR</name>
         <load_address>0xf226</load_address>
         <run_address>0xf226</run_address>
         <size>0x2</size>
         <input_file_ref idref="fl-9"/>
      </object_component>
      <object_component id="oc-367">
         <name>.text:_system_post_cinit</name>
         <load_address>0xf228</load_address>
         <run_address>0xf228</run_address>
         <size>0x2</size>
         <input_file_ref idref="fl-47"/>
      </object_component>
      <object_component id="oc-52e">
         <name>.cinit..data.load</name>
         <load_address>0xf248</load_address>
         <run_address>0xf248</run_address>
         <size>0x4c</size>
      </object_component>
      <object_component id="oc-52b">
         <name>__TI_handler_table</name>
         <load_address>0xf294</load_address>
         <run_address>0xf294</run_address>
         <size>0xc</size>
      </object_component>
      <object_component id="oc-52d">
         <name>.cinit..bss.load</name>
         <load_address>0xf2a0</load_address>
         <run_address>0xf2a0</run_address>
         <size>0x6</size>
      </object_component>
      <object_component id="oc-52c">
         <name>__TI_cinit_table</name>
         <load_address>0xf2a6</load_address>
         <run_address>0xf2a6</run_address>
         <size>0x10</size>
      </object_component>
      <object_component id="oc-405">
         <name>.const:speed_step_table</name>
         <load_address>0xf22a</load_address>
         <run_address>0xf22a</run_address>
         <size>0x12</size>
         <input_file_ref idref="fl-2"/>
      </object_component>
      <object_component id="oc-3cb">
         <name>.const</name>
         <load_address>0xf23c</load_address>
         <run_address>0xf23c</run_address>
         <size>0xb</size>
         <input_file_ref idref="fl-2"/>
      </object_component>
      <object_component id="oc-71">
         <name>.int45</name>
         <load_address>0xffda</load_address>
         <run_address>0xffda</run_address>
         <size>0x2</size>
         <input_file_ref idref="fl-2a"/>
      </object_component>
      <object_component id="oc-72">
         <name>.int46</name>
         <load_address>0xffdc</load_address>
         <run_address>0xffdc</run_address>
         <size>0x2</size>
         <input_file_ref idref="fl-2b"/>
      </object_component>
      <object_component id="oc-73">
         <name>.int47</name>
         <load_address>0xffde</load_address>
         <run_address>0xffde</run_address>
         <size>0x2</size>
         <input_file_ref idref="fl-2c"/>
      </object_component>
      <object_component id="oc-74">
         <name>.int48</name>
         <load_address>0xffe0</load_address>
         <run_address>0xffe0</run_address>
         <size>0x2</size>
         <input_file_ref idref="fl-2d"/>
      </object_component>
      <object_component id="oc-75">
         <name>.int49</name>
         <load_address>0xffe2</load_address>
         <run_address>0xffe2</run_address>
         <size>0x2</size>
         <input_file_ref idref="fl-2e"/>
      </object_component>
      <object_component id="oc-76">
         <name>.int50</name>
         <load_address>0xffe4</load_address>
         <run_address>0xffe4</run_address>
         <size>0x2</size>
         <input_file_ref idref="fl-2f"/>
      </object_component>
      <object_component id="oc-77">
         <name>.int51</name>
         <load_address>0xffe6</load_address>
         <run_address>0xffe6</run_address>
         <size>0x2</size>
         <input_file_ref idref="fl-30"/>
      </object_component>
      <object_component id="oc-78">
         <name>.int52</name>
         <load_address>0xffe8</load_address>
         <run_address>0xffe8</run_address>
         <size>0x2</size>
         <input_file_ref idref="fl-2"/>
      </object_component>
      <object_component id="oc-79">
         <name>.int53</name>
         <load_address>0xffea</load_address>
         <run_address>0xffea</run_address>
         <size>0x2</size>
         <input_file_ref idref="fl-9"/>
      </object_component>
      <object_component id="oc-7a">
         <name>.int54</name>
         <load_address>0xffec</load_address>
         <run_address>0xffec</run_address>
         <size>0x2</size>
         <input_file_ref idref="fl-31"/>
      </object_component>
      <object_component id="oc-7b">
         <name>.int55</name>
         <load_address>0xffee</load_address>
         <run_address>0xffee</run_address>
         <size>0x2</size>
         <input_file_ref idref="fl-2"/>
      </object_component>
      <object_component id="oc-7c">
         <name>.int56</name>
         <load_address>0xfff0</load_address>
         <run_address>0xfff0</run_address>
         <size>0x2</size>
         <input_file_ref idref="fl-9"/>
      </object_component>
      <object_component id="oc-7d">
         <name>.int57</name>
         <load_address>0xfff2</load_address>
         <run_address>0xfff2</run_address>
         <size>0x2</size>
         <input_file_ref idref="fl-9"/>
      </object_component>
      <object_component id="oc-7e">
         <name>.int58</name>
         <load_address>0xfff4</load_address>
         <run_address>0xfff4</run_address>
         <size>0x2</size>
         <input_file_ref idref="fl-32"/>
      </object_component>
      <object_component id="oc-7f">
         <name>.int59</name>
         <load_address>0xfff6</load_address>
         <run_address>0xfff6</run_address>
         <size>0x2</size>
         <input_file_ref idref="fl-33"/>
      </object_component>
      <object_component id="oc-80">
         <name>.int60</name>
         <load_address>0xfff8</load_address>
         <run_address>0xfff8</run_address>
         <size>0x2</size>
         <input_file_ref idref="fl-34"/>
      </object_component>
      <object_component id="oc-81">
         <name>.int61</name>
         <load_address>0xfffa</load_address>
         <run_address>0xfffa</run_address>
         <size>0x2</size>
         <input_file_ref idref="fl-35"/>
      </object_component>
      <object_component id="oc-82">
         <name>.int62</name>
         <load_address>0xfffc</load_address>
         <run_address>0xfffc</run_address>
         <size>0x2</size>
         <input_file_ref idref="fl-36"/>
      </object_component>
      <object_component id="oc-2c6">
         <name>.reset</name>
         <load_address>0xfffe</load_address>
         <run_address>0xfffe</run_address>
         <size>0x2</size>
         <input_file_ref idref="fl-1f"/>
      </object_component>
      <object_component id="oc-40c">
         <name>.debug_info</name>
         <load_address>0x0</load_address>
         <run_address>0x0</run_address>
         <size>0x9ae</size>
         <input_file_ref idref="fl-2"/>
      </object_component>
      <object_component id="oc-347">
         <name>.debug_info</name>
         <load_address>0x9ae</load_address>
         <run_address>0x9ae</run_address>
         <size>0x552</size>
         <input_file_ref idref="fl-2"/>
      </object_component>
      <object_component id="oc-403">
         <name>.debug_info</name>
         <load_address>0xf00</load_address>
         <run_address>0xf00</run_address>
         <size>0xcb</size>
         <input_file_ref idref="fl-2"/>
      </object_component>
      <object_component id="oc-406">
         <name>.debug_info</name>
         <load_address>0xfcb</load_address>
         <run_address>0xfcb</run_address>
         <size>0xd8</size>
         <input_file_ref idref="fl-2"/>
      </object_component>
      <object_component id="oc-3cc">
         <name>.debug_info</name>
         <load_address>0x10a3</load_address>
         <run_address>0x10a3</run_address>
         <size>0x328</size>
         <input_file_ref idref="fl-2"/>
      </object_component>
      <object_component id="oc-328">
         <name>.debug_info</name>
         <load_address>0x13cb</load_address>
         <run_address>0x13cb</run_address>
         <size>0x34c</size>
         <input_file_ref idref="fl-2"/>
      </object_component>
      <object_component id="oc-3fd">
         <name>.debug_info</name>
         <load_address>0x1717</load_address>
         <run_address>0x1717</run_address>
         <size>0x120</size>
         <input_file_ref idref="fl-2"/>
      </object_component>
      <object_component id="oc-3f7">
         <name>.debug_info</name>
         <load_address>0x1837</load_address>
         <run_address>0x1837</run_address>
         <size>0x118</size>
         <input_file_ref idref="fl-2"/>
      </object_component>
      <object_component id="oc-3f1">
         <name>.debug_info</name>
         <load_address>0x194f</load_address>
         <run_address>0x194f</run_address>
         <size>0xfc</size>
         <input_file_ref idref="fl-2"/>
      </object_component>
      <object_component id="oc-3c6">
         <name>.debug_info</name>
         <load_address>0x1a4b</load_address>
         <run_address>0x1a4b</run_address>
         <size>0xfc</size>
         <input_file_ref idref="fl-2"/>
      </object_component>
      <object_component id="oc-2e4">
         <name>.debug_info</name>
         <load_address>0x1b47</load_address>
         <run_address>0x1b47</run_address>
         <size>0xf7</size>
         <input_file_ref idref="fl-2"/>
      </object_component>
      <object_component id="oc-390">
         <name>.debug_info</name>
         <load_address>0x1c3e</load_address>
         <run_address>0x1c3e</run_address>
         <size>0x114</size>
         <input_file_ref idref="fl-2"/>
      </object_component>
      <object_component id="oc-38a">
         <name>.debug_info</name>
         <load_address>0x1d52</load_address>
         <run_address>0x1d52</run_address>
         <size>0x12f</size>
         <input_file_ref idref="fl-2"/>
      </object_component>
      <object_component id="oc-385">
         <name>.debug_info</name>
         <load_address>0x1e81</load_address>
         <run_address>0x1e81</run_address>
         <size>0x120</size>
         <input_file_ref idref="fl-2"/>
      </object_component>
      <object_component id="oc-3af">
         <name>.debug_info</name>
         <load_address>0x1fa1</load_address>
         <run_address>0x1fa1</run_address>
         <size>0xfa</size>
         <input_file_ref idref="fl-2"/>
      </object_component>
      <object_component id="oc-3b4">
         <name>.debug_info</name>
         <load_address>0x209b</load_address>
         <run_address>0x209b</run_address>
         <size>0xf6</size>
         <input_file_ref idref="fl-2"/>
      </object_component>
      <object_component id="oc-3ba">
         <name>.debug_info</name>
         <load_address>0x2191</load_address>
         <run_address>0x2191</run_address>
         <size>0xf8</size>
         <input_file_ref idref="fl-2"/>
      </object_component>
      <object_component id="oc-2f1">
         <name>.debug_info</name>
         <load_address>0x2289</load_address>
         <run_address>0x2289</run_address>
         <size>0xfd</size>
         <input_file_ref idref="fl-2"/>
      </object_component>
      <object_component id="oc-3cf">
         <name>.debug_info</name>
         <load_address>0x2386</load_address>
         <run_address>0x2386</run_address>
         <size>0x19c</size>
         <input_file_ref idref="fl-2"/>
      </object_component>
      <object_component id="oc-2cd">
         <name>.debug_info</name>
         <load_address>0x2522</load_address>
         <run_address>0x2522</run_address>
         <size>0x84</size>
         <input_file_ref idref="fl-2"/>
      </object_component>
      <object_component id="oc-351">
         <name>.debug_info</name>
         <load_address>0x25a6</load_address>
         <run_address>0x25a6</run_address>
         <size>0x674</size>
         <input_file_ref idref="fl-9"/>
      </object_component>
      <object_component id="oc-34b">
         <name>.debug_info</name>
         <load_address>0x2c1a</load_address>
         <run_address>0x2c1a</run_address>
         <size>0xd55</size>
         <input_file_ref idref="fl-9"/>
      </object_component>
      <object_component id="oc-3e1">
         <name>.debug_info</name>
         <load_address>0x396f</load_address>
         <run_address>0x396f</run_address>
         <size>0x1b0</size>
         <input_file_ref idref="fl-9"/>
      </object_component>
      <object_component id="oc-3a8">
         <name>.debug_info</name>
         <load_address>0x3b1f</load_address>
         <run_address>0x3b1f</run_address>
         <size>0x11b</size>
         <input_file_ref idref="fl-9"/>
      </object_component>
      <object_component id="oc-3a2">
         <name>.debug_info</name>
         <load_address>0x3c3a</load_address>
         <run_address>0x3c3a</run_address>
         <size>0x121</size>
         <input_file_ref idref="fl-9"/>
      </object_component>
      <object_component id="oc-396">
         <name>.debug_info</name>
         <load_address>0x3d5b</load_address>
         <run_address>0x3d5b</run_address>
         <size>0x11a</size>
         <input_file_ref idref="fl-9"/>
      </object_component>
      <object_component id="oc-39c">
         <name>.debug_info</name>
         <load_address>0x3e75</load_address>
         <run_address>0x3e75</run_address>
         <size>0x11e</size>
         <input_file_ref idref="fl-9"/>
      </object_component>
      <object_component id="oc-45b">
         <name>.debug_info</name>
         <load_address>0x3f93</load_address>
         <run_address>0x3f93</run_address>
         <size>0x118</size>
         <input_file_ref idref="fl-9"/>
      </object_component>
      <object_component id="oc-479">
         <name>.debug_info</name>
         <load_address>0x40ab</load_address>
         <run_address>0x40ab</run_address>
         <size>0x118</size>
         <input_file_ref idref="fl-9"/>
      </object_component>
      <object_component id="oc-485">
         <name>.debug_info</name>
         <load_address>0x41c3</load_address>
         <run_address>0x41c3</run_address>
         <size>0x118</size>
         <input_file_ref idref="fl-9"/>
      </object_component>
      <object_component id="oc-461">
         <name>.debug_info</name>
         <load_address>0x42db</load_address>
         <run_address>0x42db</run_address>
         <size>0x118</size>
         <input_file_ref idref="fl-9"/>
      </object_component>
      <object_component id="oc-46d">
         <name>.debug_info</name>
         <load_address>0x43f3</load_address>
         <run_address>0x43f3</run_address>
         <size>0x118</size>
         <input_file_ref idref="fl-9"/>
      </object_component>
      <object_component id="oc-48b">
         <name>.debug_info</name>
         <load_address>0x450b</load_address>
         <run_address>0x450b</run_address>
         <size>0x118</size>
         <input_file_ref idref="fl-9"/>
      </object_component>
      <object_component id="oc-473">
         <name>.debug_info</name>
         <load_address>0x4623</load_address>
         <run_address>0x4623</run_address>
         <size>0x114</size>
         <input_file_ref idref="fl-9"/>
      </object_component>
      <object_component id="oc-47f">
         <name>.debug_info</name>
         <load_address>0x4737</load_address>
         <run_address>0x4737</run_address>
         <size>0x114</size>
         <input_file_ref idref="fl-9"/>
      </object_component>
      <object_component id="oc-467">
         <name>.debug_info</name>
         <load_address>0x484b</load_address>
         <run_address>0x484b</run_address>
         <size>0x114</size>
         <input_file_ref idref="fl-9"/>
      </object_component>
      <object_component id="oc-3c0">
         <name>.debug_info</name>
         <load_address>0x495f</load_address>
         <run_address>0x495f</run_address>
         <size>0x13e</size>
         <input_file_ref idref="fl-9"/>
      </object_component>
      <object_component id="oc-3d5">
         <name>.debug_info</name>
         <load_address>0x4a9d</load_address>
         <run_address>0x4a9d</run_address>
         <size>0x134</size>
         <input_file_ref idref="fl-9"/>
      </object_component>
      <object_component id="oc-3dc">
         <name>.debug_info</name>
         <load_address>0x4bd1</load_address>
         <run_address>0x4bd1</run_address>
         <size>0x1ec</size>
         <input_file_ref idref="fl-9"/>
      </object_component>
      <object_component id="oc-2eb">
         <name>.debug_info</name>
         <load_address>0x4dbd</load_address>
         <run_address>0x4dbd</run_address>
         <size>0x121</size>
         <input_file_ref idref="fl-9"/>
      </object_component>
      <object_component id="oc-2fd">
         <name>.debug_info</name>
         <load_address>0x4ede</load_address>
         <run_address>0x4ede</run_address>
         <size>0x154</size>
         <input_file_ref idref="fl-9"/>
      </object_component>
      <object_component id="oc-2f6">
         <name>.debug_info</name>
         <load_address>0x5032</load_address>
         <run_address>0x5032</run_address>
         <size>0x11d</size>
         <input_file_ref idref="fl-9"/>
      </object_component>
      <object_component id="oc-40f">
         <name>.debug_info</name>
         <load_address>0x514f</load_address>
         <run_address>0x514f</run_address>
         <size>0x18b</size>
         <input_file_ref idref="fl-9"/>
      </object_component>
      <object_component id="oc-2c4">
         <name>.debug_info</name>
         <load_address>0x52da</load_address>
         <run_address>0x52da</run_address>
         <size>0xf5</size>
         <input_file_ref idref="fl-1f"/>
      </object_component>
      <object_component id="oc-a4">
         <name>.debug_info</name>
         <load_address>0x53cf</load_address>
         <run_address>0x53cf</run_address>
         <size>0x196</size>
         <input_file_ref idref="fl-20"/>
      </object_component>
      <object_component id="oc-66">
         <name>.debug_info</name>
         <load_address>0x5565</load_address>
         <run_address>0x5565</run_address>
         <size>0x2ad</size>
         <input_file_ref idref="fl-21"/>
      </object_component>
      <object_component id="oc-33d">
         <name>.debug_info</name>
         <load_address>0x5812</load_address>
         <run_address>0x5812</run_address>
         <size>0x46</size>
         <input_file_ref idref="fl-21"/>
      </object_component>
      <object_component id="oc-2c8">
         <name>.debug_info</name>
         <load_address>0x5858</load_address>
         <run_address>0x5858</run_address>
         <size>0x60</size>
         <input_file_ref idref="fl-21"/>
      </object_component>
      <object_component id="oc-2dd">
         <name>.debug_info</name>
         <load_address>0x58b8</load_address>
         <run_address>0x58b8</run_address>
         <size>0x1cf</size>
         <input_file_ref idref="fl-22"/>
      </object_component>
      <object_component id="oc-6c">
         <name>.debug_info</name>
         <load_address>0x5a87</load_address>
         <run_address>0x5a87</run_address>
         <size>0x1e7</size>
         <input_file_ref idref="fl-22"/>
      </object_component>
      <object_component id="oc-2d8">
         <name>.debug_info</name>
         <load_address>0x5c6e</load_address>
         <run_address>0x5c6e</run_address>
         <size>0x46</size>
         <input_file_ref idref="fl-22"/>
      </object_component>
      <object_component id="oc-84">
         <name>.debug_info</name>
         <load_address>0x5cb4</load_address>
         <run_address>0x5cb4</run_address>
         <size>0x1b6</size>
         <input_file_ref idref="fl-23"/>
      </object_component>
      <object_component id="oc-302">
         <name>.debug_info</name>
         <load_address>0x5e6a</load_address>
         <run_address>0x5e6a</run_address>
         <size>0x46</size>
         <input_file_ref idref="fl-23"/>
      </object_component>
      <object_component id="oc-2d4">
         <name>.debug_info</name>
         <load_address>0x5eb0</load_address>
         <run_address>0x5eb0</run_address>
         <size>0x119</size>
         <input_file_ref idref="fl-24"/>
      </object_component>
      <object_component id="oc-3ec">
         <name>.debug_info</name>
         <load_address>0x5fc9</load_address>
         <run_address>0x5fc9</run_address>
         <size>0x12d</size>
         <input_file_ref idref="fl-25"/>
      </object_component>
      <object_component id="oc-357">
         <name>.debug_info</name>
         <load_address>0x60f6</load_address>
         <run_address>0x60f6</run_address>
         <size>0x119</size>
         <input_file_ref idref="fl-26"/>
      </object_component>
      <object_component id="oc-497">
         <name>.debug_info</name>
         <load_address>0x620f</load_address>
         <run_address>0x620f</run_address>
         <size>0x11b</size>
         <input_file_ref idref="fl-27"/>
      </object_component>
      <object_component id="oc-330">
         <name>.debug_info</name>
         <load_address>0x632a</load_address>
         <run_address>0x632a</run_address>
         <size>0x117</size>
         <input_file_ref idref="fl-28"/>
      </object_component>
      <object_component id="oc-2e1">
         <name>.debug_info</name>
         <load_address>0x6441</load_address>
         <run_address>0x6441</run_address>
         <size>0x107</size>
         <input_file_ref idref="fl-37"/>
      </object_component>
      <object_component id="oc-494">
         <name>.debug_info</name>
         <load_address>0x6548</load_address>
         <run_address>0x6548</run_address>
         <size>0x11e</size>
         <input_file_ref idref="fl-38"/>
      </object_component>
      <object_component id="oc-35c">
         <name>.debug_info</name>
         <load_address>0x6666</load_address>
         <run_address>0x6666</run_address>
         <size>0x11e</size>
         <input_file_ref idref="fl-39"/>
      </object_component>
      <object_component id="oc-3e8">
         <name>.debug_info</name>
         <load_address>0x6784</load_address>
         <run_address>0x6784</run_address>
         <size>0x128</size>
         <input_file_ref idref="fl-3d"/>
      </object_component>
      <object_component id="oc-30a">
         <name>.debug_info</name>
         <load_address>0x68ac</load_address>
         <run_address>0x68ac</run_address>
         <size>0x148</size>
         <input_file_ref idref="fl-41"/>
      </object_component>
      <object_component id="oc-36e">
         <name>.debug_info</name>
         <load_address>0x69f4</load_address>
         <run_address>0x69f4</run_address>
         <size>0x3e1</size>
         <input_file_ref idref="fl-44"/>
      </object_component>
      <object_component id="oc-30f">
         <name>.debug_info</name>
         <load_address>0x6dd5</load_address>
         <run_address>0x6dd5</run_address>
         <size>0x1e5</size>
         <input_file_ref idref="fl-44"/>
      </object_component>
      <object_component id="oc-423">
         <name>.debug_info</name>
         <load_address>0x6fba</load_address>
         <run_address>0x6fba</run_address>
         <size>0x39</size>
         <input_file_ref idref="fl-44"/>
      </object_component>
      <object_component id="oc-428">
         <name>.debug_info</name>
         <load_address>0x6ff3</load_address>
         <run_address>0x6ff3</run_address>
         <size>0xcd</size>
         <input_file_ref idref="fl-44"/>
      </object_component>
      <object_component id="oc-41f">
         <name>.debug_info</name>
         <load_address>0x70c0</load_address>
         <run_address>0x70c0</run_address>
         <size>0x2ac</size>
         <input_file_ref idref="fl-45"/>
      </object_component>
      <object_component id="oc-362">
         <name>.debug_info</name>
         <load_address>0x736c</load_address>
         <run_address>0x736c</run_address>
         <size>0x20c</size>
         <input_file_ref idref="fl-45"/>
      </object_component>
      <object_component id="oc-4b0">
         <name>.debug_info</name>
         <load_address>0x7578</load_address>
         <run_address>0x7578</run_address>
         <size>0x2c</size>
         <input_file_ref idref="fl-45"/>
      </object_component>
      <object_component id="oc-4a9">
         <name>.debug_info</name>
         <load_address>0x75a4</load_address>
         <run_address>0x75a4</run_address>
         <size>0x2c</size>
         <input_file_ref idref="fl-45"/>
      </object_component>
      <object_component id="oc-4a8">
         <name>.debug_info</name>
         <load_address>0x75d0</load_address>
         <run_address>0x75d0</run_address>
         <size>0x16d</size>
         <input_file_ref idref="fl-46"/>
      </object_component>
      <object_component id="oc-41b">
         <name>.debug_info</name>
         <load_address>0x773d</load_address>
         <run_address>0x773d</run_address>
         <size>0x191</size>
         <input_file_ref idref="fl-46"/>
      </object_component>
      <object_component id="oc-368">
         <name>.debug_info</name>
         <load_address>0x78ce</load_address>
         <run_address>0x78ce</run_address>
         <size>0x145</size>
         <input_file_ref idref="fl-47"/>
      </object_component>
      <object_component id="oc-530">
         <name>.debug_info</name>
         <load_address>0x7a13</load_address>
         <run_address>0x7a13</run_address>
         <size>0x9b</size>
      </object_component>
      <object_component id="oc-4a6">
         <name>.debug_line</name>
         <load_address>0x0</load_address>
         <run_address>0x0</run_address>
         <size>0xd5</size>
         <input_file_ref idref="fl-2"/>
      </object_component>
      <object_component id="oc-40b">
         <name>.debug_line</name>
         <load_address>0xd5</load_address>
         <run_address>0xd5</run_address>
         <size>0x2d</size>
         <input_file_ref idref="fl-2"/>
      </object_component>
      <object_component id="oc-4a2">
         <name>.debug_line</name>
         <load_address>0x102</load_address>
         <run_address>0x102</run_address>
         <size>0x2d</size>
         <input_file_ref idref="fl-2"/>
      </object_component>
      <object_component id="oc-4a4">
         <name>.debug_line</name>
         <load_address>0x12f</load_address>
         <run_address>0x12f</run_address>
         <size>0x2d</size>
         <input_file_ref idref="fl-2"/>
      </object_component>
      <object_component id="oc-457">
         <name>.debug_line</name>
         <load_address>0x15c</load_address>
         <run_address>0x15c</run_address>
         <size>0x2d</size>
         <input_file_ref idref="fl-2"/>
      </object_component>
      <object_component id="oc-32b">
         <name>.debug_line</name>
         <load_address>0x189</load_address>
         <run_address>0x189</run_address>
         <size>0x15c</size>
         <input_file_ref idref="fl-2"/>
      </object_component>
      <object_component id="oc-400">
         <name>.debug_line</name>
         <load_address>0x2e5</load_address>
         <run_address>0x2e5</run_address>
         <size>0x7e</size>
         <input_file_ref idref="fl-2"/>
      </object_component>
      <object_component id="oc-3fa">
         <name>.debug_line</name>
         <load_address>0x363</load_address>
         <run_address>0x363</run_address>
         <size>0x47</size>
         <input_file_ref idref="fl-2"/>
      </object_component>
      <object_component id="oc-3f4">
         <name>.debug_line</name>
         <load_address>0x3aa</load_address>
         <run_address>0x3aa</run_address>
         <size>0x43</size>
         <input_file_ref idref="fl-2"/>
      </object_component>
      <object_component id="oc-3c9">
         <name>.debug_line</name>
         <load_address>0x3ed</load_address>
         <run_address>0x3ed</run_address>
         <size>0x45</size>
         <input_file_ref idref="fl-2"/>
      </object_component>
      <object_component id="oc-2e7">
         <name>.debug_line</name>
         <load_address>0x432</load_address>
         <run_address>0x432</run_address>
         <size>0x43</size>
         <input_file_ref idref="fl-2"/>
      </object_component>
      <object_component id="oc-393">
         <name>.debug_line</name>
         <load_address>0x475</load_address>
         <run_address>0x475</run_address>
         <size>0x48</size>
         <input_file_ref idref="fl-2"/>
      </object_component>
      <object_component id="oc-38d">
         <name>.debug_line</name>
         <load_address>0x4bd</load_address>
         <run_address>0x4bd</run_address>
         <size>0x54</size>
         <input_file_ref idref="fl-2"/>
      </object_component>
      <object_component id="oc-384">
         <name>.debug_line</name>
         <load_address>0x511</load_address>
         <run_address>0x511</run_address>
         <size>0x54</size>
         <input_file_ref idref="fl-2"/>
      </object_component>
      <object_component id="oc-3ae">
         <name>.debug_line</name>
         <load_address>0x565</load_address>
         <run_address>0x565</run_address>
         <size>0x4a</size>
         <input_file_ref idref="fl-2"/>
      </object_component>
      <object_component id="oc-3b7">
         <name>.debug_line</name>
         <load_address>0x5af</load_address>
         <run_address>0x5af</run_address>
         <size>0x45</size>
         <input_file_ref idref="fl-2"/>
      </object_component>
      <object_component id="oc-3bd">
         <name>.debug_line</name>
         <load_address>0x5f4</load_address>
         <run_address>0x5f4</run_address>
         <size>0x4f</size>
         <input_file_ref idref="fl-2"/>
      </object_component>
      <object_component id="oc-2f0">
         <name>.debug_line</name>
         <load_address>0x643</load_address>
         <run_address>0x643</run_address>
         <size>0x47</size>
         <input_file_ref idref="fl-2"/>
      </object_component>
      <object_component id="oc-3d2">
         <name>.debug_line</name>
         <load_address>0x68a</load_address>
         <run_address>0x68a</run_address>
         <size>0x6b</size>
         <input_file_ref idref="fl-2"/>
      </object_component>
      <object_component id="oc-2d0">
         <name>.debug_line</name>
         <load_address>0x6f5</load_address>
         <run_address>0x6f5</run_address>
         <size>0x20</size>
         <input_file_ref idref="fl-2"/>
      </object_component>
      <object_component id="oc-415">
         <name>.debug_line</name>
         <load_address>0x715</load_address>
         <run_address>0x715</run_address>
         <size>0x95</size>
         <input_file_ref idref="fl-9"/>
      </object_component>
      <object_component id="oc-40e">
         <name>.debug_line</name>
         <load_address>0x7aa</load_address>
         <run_address>0x7aa</run_address>
         <size>0x31</size>
         <input_file_ref idref="fl-9"/>
      </object_component>
      <object_component id="oc-3e4">
         <name>.debug_line</name>
         <load_address>0x7db</load_address>
         <run_address>0x7db</run_address>
         <size>0x83</size>
         <input_file_ref idref="fl-9"/>
      </object_component>
      <object_component id="oc-3ab">
         <name>.debug_line</name>
         <load_address>0x85e</load_address>
         <run_address>0x85e</run_address>
         <size>0x48</size>
         <input_file_ref idref="fl-9"/>
      </object_component>
      <object_component id="oc-3a5">
         <name>.debug_line</name>
         <load_address>0x8a6</load_address>
         <run_address>0x8a6</run_address>
         <size>0x51</size>
         <input_file_ref idref="fl-9"/>
      </object_component>
      <object_component id="oc-399">
         <name>.debug_line</name>
         <load_address>0x8f7</load_address>
         <run_address>0x8f7</run_address>
         <size>0x65</size>
         <input_file_ref idref="fl-9"/>
      </object_component>
      <object_component id="oc-39f">
         <name>.debug_line</name>
         <load_address>0x95c</load_address>
         <run_address>0x95c</run_address>
         <size>0x4b</size>
         <input_file_ref idref="fl-9"/>
      </object_component>
      <object_component id="oc-45e">
         <name>.debug_line</name>
         <load_address>0x9a7</load_address>
         <run_address>0x9a7</run_address>
         <size>0x48</size>
         <input_file_ref idref="fl-9"/>
      </object_component>
      <object_component id="oc-47c">
         <name>.debug_line</name>
         <load_address>0x9ef</load_address>
         <run_address>0x9ef</run_address>
         <size>0x49</size>
         <input_file_ref idref="fl-9"/>
      </object_component>
      <object_component id="oc-488">
         <name>.debug_line</name>
         <load_address>0xa38</load_address>
         <run_address>0xa38</run_address>
         <size>0x48</size>
         <input_file_ref idref="fl-9"/>
      </object_component>
      <object_component id="oc-464">
         <name>.debug_line</name>
         <load_address>0xa80</load_address>
         <run_address>0xa80</run_address>
         <size>0x49</size>
         <input_file_ref idref="fl-9"/>
      </object_component>
      <object_component id="oc-470">
         <name>.debug_line</name>
         <load_address>0xac9</load_address>
         <run_address>0xac9</run_address>
         <size>0x48</size>
         <input_file_ref idref="fl-9"/>
      </object_component>
      <object_component id="oc-48e">
         <name>.debug_line</name>
         <load_address>0xb11</load_address>
         <run_address>0xb11</run_address>
         <size>0x49</size>
         <input_file_ref idref="fl-9"/>
      </object_component>
      <object_component id="oc-476">
         <name>.debug_line</name>
         <load_address>0xb5a</load_address>
         <run_address>0xb5a</run_address>
         <size>0x49</size>
         <input_file_ref idref="fl-9"/>
      </object_component>
      <object_component id="oc-482">
         <name>.debug_line</name>
         <load_address>0xba3</load_address>
         <run_address>0xba3</run_address>
         <size>0x49</size>
         <input_file_ref idref="fl-9"/>
      </object_component>
      <object_component id="oc-46a">
         <name>.debug_line</name>
         <load_address>0xbec</load_address>
         <run_address>0xbec</run_address>
         <size>0x49</size>
         <input_file_ref idref="fl-9"/>
      </object_component>
      <object_component id="oc-3c3">
         <name>.debug_line</name>
         <load_address>0xc35</load_address>
         <run_address>0xc35</run_address>
         <size>0x56</size>
         <input_file_ref idref="fl-9"/>
      </object_component>
      <object_component id="oc-3d8">
         <name>.debug_line</name>
         <load_address>0xc8b</load_address>
         <run_address>0xc8b</run_address>
         <size>0x8d</size>
         <input_file_ref idref="fl-9"/>
      </object_component>
      <object_component id="oc-3db">
         <name>.debug_line</name>
         <load_address>0xd18</load_address>
         <run_address>0xd18</run_address>
         <size>0x9a</size>
         <input_file_ref idref="fl-9"/>
      </object_component>
      <object_component id="oc-2ea">
         <name>.debug_line</name>
         <load_address>0xdb2</load_address>
         <run_address>0xdb2</run_address>
         <size>0xbf</size>
         <input_file_ref idref="fl-9"/>
      </object_component>
      <object_component id="oc-2fc">
         <name>.debug_line</name>
         <load_address>0xe71</load_address>
         <run_address>0xe71</run_address>
         <size>0x13b</size>
         <input_file_ref idref="fl-9"/>
      </object_component>
      <object_component id="oc-2f9">
         <name>.debug_line</name>
         <load_address>0xfac</load_address>
         <run_address>0xfac</run_address>
         <size>0x42</size>
         <input_file_ref idref="fl-9"/>
      </object_component>
      <object_component id="oc-412">
         <name>.debug_line</name>
         <load_address>0xfee</load_address>
         <run_address>0xfee</run_address>
         <size>0x5c</size>
         <input_file_ref idref="fl-9"/>
      </object_component>
      <object_component id="oc-33c">
         <name>.debug_line</name>
         <load_address>0x104a</load_address>
         <run_address>0x104a</run_address>
         <size>0x2a</size>
         <input_file_ref idref="fl-1f"/>
      </object_component>
      <object_component id="oc-a3">
         <name>.debug_line</name>
         <load_address>0x1074</load_address>
         <run_address>0x1074</run_address>
         <size>0x4c</size>
         <input_file_ref idref="fl-20"/>
      </object_component>
      <object_component id="oc-69">
         <name>.debug_line</name>
         <load_address>0x10c0</load_address>
         <run_address>0x10c0</run_address>
         <size>0x9d</size>
         <input_file_ref idref="fl-21"/>
      </object_component>
      <object_component id="oc-340">
         <name>.debug_line</name>
         <load_address>0x115d</load_address>
         <run_address>0x115d</run_address>
         <size>0x8a</size>
         <input_file_ref idref="fl-21"/>
      </object_component>
      <object_component id="oc-2cb">
         <name>.debug_line</name>
         <load_address>0x11e7</load_address>
         <run_address>0x11e7</run_address>
         <size>0x3a</size>
         <input_file_ref idref="fl-21"/>
      </object_component>
      <object_component id="oc-344">
         <name>.debug_line</name>
         <load_address>0x1221</load_address>
         <run_address>0x1221</run_address>
         <size>0x3a</size>
         <input_file_ref idref="fl-22"/>
      </object_component>
      <object_component id="oc-70">
         <name>.debug_line</name>
         <load_address>0x125b</load_address>
         <run_address>0x125b</run_address>
         <size>0x50</size>
         <input_file_ref idref="fl-22"/>
      </object_component>
      <object_component id="oc-2db">
         <name>.debug_line</name>
         <load_address>0x12ab</load_address>
         <run_address>0x12ab</run_address>
         <size>0x3a</size>
         <input_file_ref idref="fl-22"/>
      </object_component>
      <object_component id="oc-87">
         <name>.debug_line</name>
         <load_address>0x12e5</load_address>
         <run_address>0x12e5</run_address>
         <size>0x4d</size>
         <input_file_ref idref="fl-23"/>
      </object_component>
      <object_component id="oc-305">
         <name>.debug_line</name>
         <load_address>0x1332</load_address>
         <run_address>0x1332</run_address>
         <size>0x34</size>
         <input_file_ref idref="fl-23"/>
      </object_component>
      <object_component id="oc-2d6">
         <name>.debug_line</name>
         <load_address>0x1366</load_address>
         <run_address>0x1366</run_address>
         <size>0x52</size>
         <input_file_ref idref="fl-24"/>
      </object_component>
      <object_component id="oc-3ef">
         <name>.debug_line</name>
         <load_address>0x13b8</load_address>
         <run_address>0x13b8</run_address>
         <size>0x4d</size>
         <input_file_ref idref="fl-25"/>
      </object_component>
      <object_component id="oc-355">
         <name>.debug_line</name>
         <load_address>0x1405</load_address>
         <run_address>0x1405</run_address>
         <size>0x43</size>
         <input_file_ref idref="fl-26"/>
      </object_component>
      <object_component id="oc-49a">
         <name>.debug_line</name>
         <load_address>0x1448</load_address>
         <run_address>0x1448</run_address>
         <size>0x64</size>
         <input_file_ref idref="fl-27"/>
      </object_component>
      <object_component id="oc-333">
         <name>.debug_line</name>
         <load_address>0x14ac</load_address>
         <run_address>0x14ac</run_address>
         <size>0x3d</size>
         <input_file_ref idref="fl-28"/>
      </object_component>
      <object_component id="oc-2e0">
         <name>.debug_line</name>
         <load_address>0x14e9</load_address>
         <run_address>0x14e9</run_address>
         <size>0x3d</size>
         <input_file_ref idref="fl-37"/>
      </object_component>
      <object_component id="oc-492">
         <name>.debug_line</name>
         <load_address>0x1526</load_address>
         <run_address>0x1526</run_address>
         <size>0x56</size>
         <input_file_ref idref="fl-38"/>
      </object_component>
      <object_component id="oc-35e">
         <name>.debug_line</name>
         <load_address>0x157c</load_address>
         <run_address>0x157c</run_address>
         <size>0x56</size>
         <input_file_ref idref="fl-39"/>
      </object_component>
      <object_component id="oc-3e7">
         <name>.debug_line</name>
         <load_address>0x15d2</load_address>
         <run_address>0x15d2</run_address>
         <size>0x46</size>
         <input_file_ref idref="fl-3d"/>
      </object_component>
      <object_component id="oc-30c">
         <name>.debug_line</name>
         <load_address>0x1618</load_address>
         <run_address>0x1618</run_address>
         <size>0x3e</size>
         <input_file_ref idref="fl-41"/>
      </object_component>
      <object_component id="oc-422">
         <name>.debug_line</name>
         <load_address>0x1656</load_address>
         <run_address>0x1656</run_address>
         <size>0xa9</size>
         <input_file_ref idref="fl-44"/>
      </object_component>
      <object_component id="oc-30e">
         <name>.debug_line</name>
         <load_address>0x16ff</load_address>
         <run_address>0x16ff</run_address>
         <size>0x92</size>
         <input_file_ref idref="fl-44"/>
      </object_component>
      <object_component id="oc-426">
         <name>.debug_line</name>
         <load_address>0x1791</load_address>
         <run_address>0x1791</run_address>
         <size>0x2e</size>
         <input_file_ref idref="fl-44"/>
      </object_component>
      <object_component id="oc-42b">
         <name>.debug_line</name>
         <load_address>0x17bf</load_address>
         <run_address>0x17bf</run_address>
         <size>0x8b</size>
         <input_file_ref idref="fl-44"/>
      </object_component>
      <object_component id="oc-4af">
         <name>.debug_line</name>
         <load_address>0x184a</load_address>
         <run_address>0x184a</run_address>
         <size>0xa5</size>
         <input_file_ref idref="fl-45"/>
      </object_component>
      <object_component id="oc-365">
         <name>.debug_line</name>
         <load_address>0x18ef</load_address>
         <run_address>0x18ef</run_address>
         <size>0x70</size>
         <input_file_ref idref="fl-45"/>
      </object_component>
      <object_component id="oc-4b3">
         <name>.debug_line</name>
         <load_address>0x195f</load_address>
         <run_address>0x195f</run_address>
         <size>0x2e</size>
         <input_file_ref idref="fl-45"/>
      </object_component>
      <object_component id="oc-4ac">
         <name>.debug_line</name>
         <load_address>0x198d</load_address>
         <run_address>0x198d</run_address>
         <size>0x8a</size>
         <input_file_ref idref="fl-45"/>
      </object_component>
      <object_component id="oc-4c6">
         <name>.debug_line</name>
         <load_address>0x1a17</load_address>
         <run_address>0x1a17</run_address>
         <size>0x20</size>
         <input_file_ref idref="fl-46"/>
      </object_component>
      <object_component id="oc-41d">
         <name>.debug_line</name>
         <load_address>0x1a37</load_address>
         <run_address>0x1a37</run_address>
         <size>0x45</size>
         <input_file_ref idref="fl-46"/>
      </object_component>
      <object_component id="oc-36c">
         <name>.debug_line</name>
         <load_address>0x1a7c</load_address>
         <run_address>0x1a7c</run_address>
         <size>0x3a</size>
         <input_file_ref idref="fl-47"/>
      </object_component>
      <object_component id="oc-32c">
         <name>.debug_frame</name>
         <load_address>0x0</load_address>
         <run_address>0x0</run_address>
         <size>0x40</size>
         <input_file_ref idref="fl-2"/>
      </object_component>
      <object_component id="oc-401">
         <name>.debug_frame</name>
         <load_address>0x40</load_address>
         <run_address>0x40</run_address>
         <size>0x3a</size>
         <input_file_ref idref="fl-2"/>
      </object_component>
      <object_component id="oc-3fb">
         <name>.debug_frame</name>
         <load_address>0x7a</load_address>
         <run_address>0x7a</run_address>
         <size>0x39</size>
         <input_file_ref idref="fl-2"/>
      </object_component>
      <object_component id="oc-3f5">
         <name>.debug_frame</name>
         <load_address>0xb3</load_address>
         <run_address>0xb3</run_address>
         <size>0x39</size>
         <input_file_ref idref="fl-2"/>
      </object_component>
      <object_component id="oc-3ca">
         <name>.debug_frame</name>
         <load_address>0xec</load_address>
         <run_address>0xec</run_address>
         <size>0x39</size>
         <input_file_ref idref="fl-2"/>
      </object_component>
      <object_component id="oc-2e8">
         <name>.debug_frame</name>
         <load_address>0x125</load_address>
         <run_address>0x125</run_address>
         <size>0x39</size>
         <input_file_ref idref="fl-2"/>
      </object_component>
      <object_component id="oc-394">
         <name>.debug_frame</name>
         <load_address>0x15e</load_address>
         <run_address>0x15e</run_address>
         <size>0x39</size>
         <input_file_ref idref="fl-2"/>
      </object_component>
      <object_component id="oc-38e">
         <name>.debug_frame</name>
         <load_address>0x197</load_address>
         <run_address>0x197</run_address>
         <size>0x39</size>
         <input_file_ref idref="fl-2"/>
      </object_component>
      <object_component id="oc-388">
         <name>.debug_frame</name>
         <load_address>0x1d0</load_address>
         <run_address>0x1d0</run_address>
         <size>0x39</size>
         <input_file_ref idref="fl-2"/>
      </object_component>
      <object_component id="oc-3b2">
         <name>.debug_frame</name>
         <load_address>0x209</load_address>
         <run_address>0x209</run_address>
         <size>0x39</size>
         <input_file_ref idref="fl-2"/>
      </object_component>
      <object_component id="oc-3b8">
         <name>.debug_frame</name>
         <load_address>0x242</load_address>
         <run_address>0x242</run_address>
         <size>0x39</size>
         <input_file_ref idref="fl-2"/>
      </object_component>
      <object_component id="oc-3be">
         <name>.debug_frame</name>
         <load_address>0x27b</load_address>
         <run_address>0x27b</run_address>
         <size>0x39</size>
         <input_file_ref idref="fl-2"/>
      </object_component>
      <object_component id="oc-2f4">
         <name>.debug_frame</name>
         <load_address>0x2b4</load_address>
         <run_address>0x2b4</run_address>
         <size>0x39</size>
         <input_file_ref idref="fl-2"/>
      </object_component>
      <object_component id="oc-3d3">
         <name>.debug_frame</name>
         <load_address>0x2ed</load_address>
         <run_address>0x2ed</run_address>
         <size>0x4f</size>
         <input_file_ref idref="fl-2"/>
      </object_component>
      <object_component id="oc-3e5">
         <name>.debug_frame</name>
         <load_address>0x33c</load_address>
         <run_address>0x33c</run_address>
         <size>0x48</size>
         <input_file_ref idref="fl-9"/>
      </object_component>
      <object_component id="oc-3ac">
         <name>.debug_frame</name>
         <load_address>0x384</load_address>
         <run_address>0x384</run_address>
         <size>0x47</size>
         <input_file_ref idref="fl-9"/>
      </object_component>
      <object_component id="oc-3a6">
         <name>.debug_frame</name>
         <load_address>0x3cb</load_address>
         <run_address>0x3cb</run_address>
         <size>0x47</size>
         <input_file_ref idref="fl-9"/>
      </object_component>
      <object_component id="oc-39a">
         <name>.debug_frame</name>
         <load_address>0x412</load_address>
         <run_address>0x412</run_address>
         <size>0x47</size>
         <input_file_ref idref="fl-9"/>
      </object_component>
      <object_component id="oc-3a0">
         <name>.debug_frame</name>
         <load_address>0x459</load_address>
         <run_address>0x459</run_address>
         <size>0x47</size>
         <input_file_ref idref="fl-9"/>
      </object_component>
      <object_component id="oc-45f">
         <name>.debug_frame</name>
         <load_address>0x4a0</load_address>
         <run_address>0x4a0</run_address>
         <size>0x47</size>
         <input_file_ref idref="fl-9"/>
      </object_component>
      <object_component id="oc-47d">
         <name>.debug_frame</name>
         <load_address>0x4e7</load_address>
         <run_address>0x4e7</run_address>
         <size>0x47</size>
         <input_file_ref idref="fl-9"/>
      </object_component>
      <object_component id="oc-489">
         <name>.debug_frame</name>
         <load_address>0x52e</load_address>
         <run_address>0x52e</run_address>
         <size>0x47</size>
         <input_file_ref idref="fl-9"/>
      </object_component>
      <object_component id="oc-465">
         <name>.debug_frame</name>
         <load_address>0x575</load_address>
         <run_address>0x575</run_address>
         <size>0x47</size>
         <input_file_ref idref="fl-9"/>
      </object_component>
      <object_component id="oc-471">
         <name>.debug_frame</name>
         <load_address>0x5bc</load_address>
         <run_address>0x5bc</run_address>
         <size>0x47</size>
         <input_file_ref idref="fl-9"/>
      </object_component>
      <object_component id="oc-48f">
         <name>.debug_frame</name>
         <load_address>0x603</load_address>
         <run_address>0x603</run_address>
         <size>0x47</size>
         <input_file_ref idref="fl-9"/>
      </object_component>
      <object_component id="oc-477">
         <name>.debug_frame</name>
         <load_address>0x64a</load_address>
         <run_address>0x64a</run_address>
         <size>0x47</size>
         <input_file_ref idref="fl-9"/>
      </object_component>
      <object_component id="oc-483">
         <name>.debug_frame</name>
         <load_address>0x691</load_address>
         <run_address>0x691</run_address>
         <size>0x47</size>
         <input_file_ref idref="fl-9"/>
      </object_component>
      <object_component id="oc-46b">
         <name>.debug_frame</name>
         <load_address>0x6d8</load_address>
         <run_address>0x6d8</run_address>
         <size>0x47</size>
         <input_file_ref idref="fl-9"/>
      </object_component>
      <object_component id="oc-3c4">
         <name>.debug_frame</name>
         <load_address>0x71f</load_address>
         <run_address>0x71f</run_address>
         <size>0x47</size>
         <input_file_ref idref="fl-9"/>
      </object_component>
      <object_component id="oc-3d9">
         <name>.debug_frame</name>
         <load_address>0x766</load_address>
         <run_address>0x766</run_address>
         <size>0x48</size>
         <input_file_ref idref="fl-9"/>
      </object_component>
      <object_component id="oc-3df">
         <name>.debug_frame</name>
         <load_address>0x7ae</load_address>
         <run_address>0x7ae</run_address>
         <size>0x48</size>
         <input_file_ref idref="fl-9"/>
      </object_component>
      <object_component id="oc-2ee">
         <name>.debug_frame</name>
         <load_address>0x7f6</load_address>
         <run_address>0x7f6</run_address>
         <size>0x51</size>
         <input_file_ref idref="fl-9"/>
      </object_component>
      <object_component id="oc-300">
         <name>.debug_frame</name>
         <load_address>0x847</load_address>
         <run_address>0x847</run_address>
         <size>0x5e</size>
         <input_file_ref idref="fl-9"/>
      </object_component>
      <object_component id="oc-2fa">
         <name>.debug_frame</name>
         <load_address>0x8a5</load_address>
         <run_address>0x8a5</run_address>
         <size>0x47</size>
         <input_file_ref idref="fl-9"/>
      </object_component>
      <object_component id="oc-a6">
         <name>.debug_frame</name>
         <load_address>0x8ec</load_address>
         <run_address>0x8ec</run_address>
         <size>0x34</size>
         <input_file_ref idref="fl-20"/>
      </object_component>
      <object_component id="oc-6a">
         <name>.debug_frame</name>
         <load_address>0x920</load_address>
         <run_address>0x920</run_address>
         <size>0x68</size>
         <input_file_ref idref="fl-21"/>
      </object_component>
      <object_component id="oc-6f">
         <name>.debug_frame</name>
         <load_address>0x988</load_address>
         <run_address>0x988</run_address>
         <size>0x48</size>
         <input_file_ref idref="fl-22"/>
      </object_component>
      <object_component id="oc-88">
         <name>.debug_frame</name>
         <load_address>0x9d0</load_address>
         <run_address>0x9d0</run_address>
         <size>0x42</size>
         <input_file_ref idref="fl-23"/>
      </object_component>
      <object_component id="oc-334">
         <name>.debug_frame</name>
         <load_address>0xa12</load_address>
         <run_address>0xa12</run_address>
[...]
         <value>0x1c8a</value>
         <object_component_ref idref="oc-34a"/>
      </symbol>
      <symbol id="sm-44b">
         <name>Negative_Threshold</name>
         <value>0x1c6c</value>
         <object_component_ref idref="oc-34a"/>
      </symbol>
      <symbol id="sm-44c">
         <name>Integration_Start_Flag</name>
         <value>0x1c72</value>
         <object_component_ref idref="oc-34a"/>
      </symbol>
      <symbol id="sm-44d">
         <name>init_ADC</name>
         <value>0xf0a8</value>
         <object_component_ref idref="oc-39b"/>
      </symbol>
      <symbol id="sm-44e">
         <name>C_PWM</name>
         <value>0xf1ee</value>
         <object_component_ref idref="oc-46c"/>
      </symbol>
      <symbol id="sm-44f">
         <name>INCREMENTAL_TIME</name>
         <value>0x1c21</value>
         <object_component_ref idref="oc-34a"/>
      </symbol>
      <symbol id="sm-450">
         <name>MAX_DUTY</name>
         <value>0x1c28</value>
         <object_component_ref idref="oc-34a"/>
      </symbol>
      <symbol id="sm-451">
         <name>CurrentCommState</name>
         <value>0x1c80</value>
         <object_component_ref idref="oc-34a"/>
      </symbol>
      <symbol id="sm-452">
         <name>Channel</name>
         <value>0x1c7c</value>
         <object_component_ref idref="oc-34a"/>
      </symbol>
      <symbol id="sm-453">
         <name>C_Z</name>
         <value>0xf192</value>
         <object_component_ref idref="oc-466"/>
      </symbol>
      <symbol id="sm-454">
         <name>DC_avg_temp</name>
         <value>0x1c50</value>
         <object_component_ref idref="oc-34a"/>
      </symbol>
      <symbol id="sm-455">
         <name>A_LOW</name>
         <value>0xf138</value>
         <object_component_ref idref="oc-478"/>
      </symbol>
      <symbol id="sm-456">
         <name>Process_Integration</name>
         <value>0xe852</value>
         <object_component_ref idref="oc-3d4"/>
      </symbol>
      <symbol id="sm-457">
         <name>dc_comp_flag</name>
         <value>0x1c18</value>
         <object_component_ref idref="oc-34a"/>
      </symbol>
      <symbol id="sm-458">
         <name>First_ADC</name>
         <value>0x1c78</value>
         <object_component_ref idref="oc-34a"/>
      </symbol>
      <symbol id="sm-459">
         <name>SPEED_RAMP_CYCLES</name>
         <value>0x1c24</value>
         <object_component_ref idref="oc-34a"/>
      </symbol>
      <symbol id="sm-45a">
         <name>B_LOW</name>
         <value>0xf15c</value>
         <object_component_ref idref="oc-460"/>
      </symbol>
      <symbol id="sm-45b">
         <name>softstart_counter</name>
         <value>0x1c0e</value>
         <object_component_ref idref="oc-34a"/>
      </symbol>
      <symbol id="sm-45c">
         <name>openloop_count</name>
         <value>0x1c84</value>
         <object_component_ref idref="oc-34a"/>
      </symbol>
      <symbol id="sm-45d">
         <name>time_ctr</name>
         <value>0x1c70</value>
         <object_component_ref idref="oc-34a"/>
      </symbol>
      <symbol id="sm-45e">
         <name>TargetDutyCycle</name>
         <value>0x1c48</value>
         <object_component_ref idref="oc-34a"/>
      </symbol>
      <symbol id="sm-45f">
         <name>init_WDT</name>
         <value>0xf1fa</value>
         <object_component_ref idref="oc-3a7"/>
      </symbol>
      <symbol id="sm-460">
         <name>init_TimerD</name>
         <value>0xf02a</value>
         <object_component_ref idref="oc-3a1"/>
      </symbol>
      <symbol id="sm-461">
         <name>DC_Bus_Voltage_present</name>
         <value>0x1c54</value>
         <object_component_ref idref="oc-34a"/>
      </symbol>
      <symbol id="sm-462">
         <name>counter</name>
         <value>0x1c14</value>
         <object_component_ref idref="oc-34a"/>
      </symbol>
      <symbol id="sm-463">
         <name>feedforward_flag</name>
         <value>0x1c16</value>
         <object_component_ref idref="oc-34a"/>
      </symbol>
      <symbol id="sm-464">
         <name>dc_bus_compensation</name>
         <value>0xe768</value>
         <object_component_ref idref="oc-3e0"/>
      </symbol>
      <symbol id="sm-465">
         <name>sum</name>
         <value>0x1c10</value>
         <object_component_ref idref="oc-34a"/>
      </symbol>
      <symbol id="sm-466">
         <name>DC_Bus_Voltage</name>
         <value>0x1c00</value>
         <object_component_ref idref="oc-34a"/>
      </symbol>
      <symbol id="sm-467">
         <name>C_LOW</name>
         <value>0xf180</value>
         <object_component_ref idref="oc-48a"/>
      </symbol>
      <symbol id="sm-468">
         <name>SPEED_DUTY_MAX</name>
         <value>0x1c25</value>
         <object_component_ref idref="oc-34a"/>
      </symbol>
      <symbol id="sm-469">
         <name>B_Z</name>
         <value>0xf16e</value>
         <object_component_ref idref="oc-47e"/>
      </symbol>
      <symbol id="sm-46a">
         <name>Reading_Changed</name>
         <value>0x1c73</value>
         <object_component_ref idref="oc-34a"/>
      </symbol>
      <symbol id="sm-46b">
         <name>WAIT_TIME</name>
         <value>0x1c22</value>
         <object_component_ref idref="oc-34a"/>
      </symbol>
      <symbol id="sm-46c">
         <name>Velocity_Ramp</name>
         <value>0x1c2a</value>
         <object_component_ref idref="oc-34a"/>
      </symbol>
      <symbol id="sm-46d">
         <name>START_UP_MAX_DUTYCYCLE</name>
         <value>0x1c1f</value>
         <object_component_ref idref="oc-34a"/>
      </symbol>
      <symbol id="sm-46e">
         <name>count</name>
         <value>0x1c7a</value>
         <object_component_ref idref="oc-34a"/>
      </symbol>
      <symbol id="sm-46f">
         <name>Direction</name>
         <value>0x1c7d</value>
         <object_component_ref idref="oc-34a"/>
      </symbol>
      <symbol id="sm-470">
         <name>temp1</name>
         <value>0x1c2e</value>
         <object_component_ref idref="oc-34a"/>
      </symbol>
      <symbol id="sm-471">
         <name>temp2</name>
         <value>0x1c32</value>
         <object_component_ref idref="oc-34a"/>
      </symbol>
      <symbol id="sm-472">
         <name>temp3</name>
         <value>0x1c46</value>
         <object_component_ref idref="oc-34a"/>
      </symbol>
      <symbol id="sm-473">
         <name>temp4</name>
         <value>0x1c44</value>
         <object_component_ref idref="oc-34a"/>
      </symbol>
      <symbol id="sm-474">
         <name>temp5</name>
         <value>0x1c36</value>
         <object_component_ref idref="oc-34a"/>
      </symbol>
      <symbol id="sm-475">
         <name>temp6</name>
         <value>0x1c3a</value>
         <object_component_ref idref="oc-34a"/>
      </symbol>
      <symbol id="sm-476">
         <name>temp7</name>
         <value>0x1c3e</value>
         <object_component_ref idref="oc-34a"/>
      </symbol>
      <symbol id="sm-477">
         <name>init_IO</name>
         <value>0xeca0</value>
         <object_component_ref idref="oc-395"/>
      </symbol>
      <symbol id="sm-478">
         <name>TIMER0_D1_ISR</name>
         <value>0xe2a2</value>
         <object_component_ref idref="oc-2fb"/>
      </symbol>
      <symbol id="sm-479">
         <name>DC_Bus_Voltage_Average</name>
         <value>0x1c4e</value>
         <object_component_ref idref="oc-34a"/>
      </symbol>
      <symbol id="sm-47a">
         <name>ADC_selection_flag_1</name>
         <value>0x1c8e</value>
         <object_component_ref idref="oc-34a"/>
      </symbol>
      <symbol id="sm-47b">
         <name>Previous_Reading</name>
         <value>0x1c68</value>
         <object_component_ref idref="oc-34a"/>
      </symbol>
      <symbol id="sm-47c">
         <name>Positive_Threshold</name>
         <value>0x1c6a</value>
         <object_component_ref idref="oc-34a"/>
      </symbol>
      <symbol id="sm-47d">
         <name>Case_Counter</name>
         <value>0x1c74</value>
         <object_component_ref idref="oc-34a"/>
      </symbol>
      <symbol id="sm-47e">
         <name>INTEGRATION_CONSTANT</name>
         <value>0x1c1c</value>
         <object_component_ref idref="oc-34a"/>
      </symbol>
      <symbol id="sm-47f">
         <name>dc_avg_count</name>
         <value>0x1c4c</value>
         <object_component_ref idref="oc-34a"/>
      </symbol>
      <symbol id="sm-480">
         <name>INCREMENTAL_DUTY</name>
         <value>0x1c20</value>
         <object_component_ref idref="oc-34a"/>
      </symbol>
      <symbol id="sm-481">
         <name>SPEED_DUTY_MIN</name>
         <value>0x1c26</value>
         <object_component_ref idref="oc-34a"/>
      </symbol>
      <symbol id="sm-482">
         <name>CurrentDutyCycle</name>
         <value>0x1c90</value>
         <object_component_ref idref="oc-34a"/>
      </symbol>
      <symbol id="sm-483">
         <name>Init_InstaSpin</name>
         <value>0xed7c</value>
         <object_component_ref idref="oc-3bf"/>
      </symbol>
      <symbol id="sm-484">
         <name>dc_bus_avg_first_reading</name>
         <value>0x1c52</value>
         <object_component_ref idref="oc-34a"/>
      </symbol>
      <symbol id="sm-48c">
         <name>_stack</name>
         <value>0x1fb0</value>
         <object_component_ref idref="oc-2c3"/>
      </symbol>
      <symbol id="sm-48d">
         <name>_reset_vector</name>
         <value>0xfffe</value>
         <object_component_ref idref="oc-2c6"/>
      </symbol>
      <symbol id="sm-497">
         <name>_c_int00_noargs_noexit</name>
         <value>0xf0c6</value>
         <object_component_ref idref="oc-a1"/>
      </symbol>
      <symbol id="sm-4b3">
         <name>__TI_decompress_lzss</name>
         <value>0xe67a</value>
         <object_component_ref idref="oc-65"/>
      </symbol>
      <symbol id="sm-4c4">
         <name>__TI_decompress_none</name>
         <value>0xefb8</value>
         <object_component_ref idref="oc-6b"/>
      </symbol>
      <symbol id="sm-4d4">
         <name>__TI_zero_init</name>
         <value>0xeefe</value>
         <object_component_ref idref="oc-83"/>
      </symbol>
      <symbol id="sm-4df">
         <name>__memcpy_far</name>
         <value>0xeebe</value>
         <object_component_ref idref="oc-2d2"/>
      </symbol>
      <symbol id="sm-4eb">
         <name>__mspabi_remi</name>
         <value>0xf058</value>
         <object_component_ref idref="oc-3eb"/>
      </symbol>
      <symbol id="sm-4ec">
         <name>__mspabi_divi</name>
         <value>0xf058</value>
         <object_component_ref idref="oc-3eb"/>
      </symbol>
      <symbol id="sm-4f6">
         <name>__mspabi_remu</name>
         <value>0xf10e</value>
         <object_component_ref idref="oc-354"/>
      </symbol>
      <symbol id="sm-4f7">
         <name>__mspabi_divu</name>
         <value>0xf10e</value>
         <object_component_ref idref="oc-354"/>
      </symbol>
      <symbol id="sm-505">
         <name>__mspabi_remul</name>
         <value>0xedd6</value>
         <object_component_ref idref="oc-496"/>
      </symbol>
      <symbol id="sm-506">
         <name>__mspabi_divul</name>
         <value>0xedd6</value>
         <object_component_ref idref="oc-496"/>
      </symbol>
      <symbol id="sm-510">
         <name>C$$EXIT</name>
         <value>0xf21c</value>
         <object_component_ref idref="oc-32f"/>
      </symbol>
      <symbol id="sm-511">
         <name>abort</name>
         <value>0xf21c</value>
         <object_component_ref idref="oc-32f"/>
      </symbol>
      <symbol id="sm-515">
         <name>__TI_int45</name>
         <value>0xffda</value>
         <object_component_ref idref="oc-71"/>
      </symbol>
      <symbol id="sm-518">
         <name>__TI_int46</name>
         <value>0xffdc</value>
         <object_component_ref idref="oc-72"/>
      </symbol>
      <symbol id="sm-51b">
         <name>__TI_int47</name>
         <value>0xffde</value>
         <object_component_ref idref="oc-73"/>
      </symbol>
      <symbol id="sm-51e">
         <name>__TI_int48</name>
         <value>0xffe0</value>
         <object_component_ref idref="oc-74"/>
      </symbol>
      <symbol id="sm-521">
         <name>__TI_int49</name>
         <value>0xffe2</value>
         <object_component_ref idref="oc-75"/>
      </symbol>
      <symbol id="sm-524">
         <name>__TI_int50</name>
         <value>0xffe4</value>
         <object_component_ref idref="oc-76"/>
      </symbol>
      <symbol id="sm-527">
         <name>__TI_int51</name>
         <value>0xffe6</value>
         <object_component_ref idref="oc-77"/>
      </symbol>
      <symbol id="sm-52a">
         <name>__TI_int54</name>
         <value>0xffec</value>
         <object_component_ref idref="oc-7a"/>
      </symbol>
      <symbol id="sm-52d">
         <name>__TI_int58</name>
         <value>0xfff4</value>
         <object_component_ref idref="oc-7e"/>
      </symbol>
      <symbol id="sm-530">
         <name>__TI_int59</name>
         <value>0xfff6</value>
         <object_component_ref idref="oc-7f"/>
      </symbol>
      <symbol id="sm-533">
         <name>__TI_int60</name>
         <value>0xfff8</value>
         <object_component_ref idref="oc-80"/>
      </symbol>
      <symbol id="sm-536">
         <name>__TI_int61</name>
         <value>0xfffa</value>
         <object_component_ref idref="oc-81"/>
      </symbol>
      <symbol id="sm-539">
         <name>__TI_int62</name>
         <value>0xfffc</value>
         <object_component_ref idref="oc-82"/>
      </symbol>
      <symbol id="sm-541">
         <name>__TI_ISR_TRAP</name>
         <value>0xf20e</value>
         <object_component_ref idref="oc-2de"/>
      </symbol>
      <symbol id="sm-549">
         <name>__mspabi_slll_9</name>
         <value>0xef54</value>
         <object_component_ref idref="oc-491"/>
      </symbol>
      <symbol id="sm-54a">
         <name>__mspabi_slll_8</name>
         <value>0xef58</value>
         <object_component_ref idref="oc-491"/>
      </symbol>
      <symbol id="sm-54b">
         <name>__mspabi_slll_7</name>
         <value>0xef5c</value>
         <object_component_ref idref="oc-491"/>
      </symbol>
      <symbol id="sm-54c">
         <name>__mspabi_slll_6</name>
         <value>0xef60</value>
         <object_component_ref idref="oc-491"/>
      </symbol>
      <symbol id="sm-54d">
         <name>__mspabi_slll_5</name>
         <value>0xef64</value>
         <object_component_ref idref="oc-491"/>
      </symbol>
      <symbol id="sm-54e">
         <name>__mspabi_slll_4</name>
         <value>0xef68</value>
         <object_component_ref idref="oc-491"/>
      </symbol>
      <symbol id="sm-54f">
         <name>__mspabi_slll_3</name>
         <value>0xef6c</value>
         <object_component_ref idref="oc-491"/>
      </symbol>
      <symbol id="sm-550">
         <name>__mspabi_slll_2</name>
         <value>0xef70</value>
         <object_component_ref idref="oc-491"/>
      </symbol>
      <symbol id="sm-551">
         <name>__mspabi_slll_1</name>
         <value>0xef74</value>
         <object_component_ref idref="oc-491"/>
      </symbol>
      <symbol id="sm-552">
         <name>__mspabi_slll_15</name>
         <value>0xef3c</value>
         <object_component_ref idref="oc-491"/>
      </symbol>
      <symbol id="sm-553">
         <name>__mspabi_slll_14</name>
         <value>0xef40</value>
         <object_component_ref idref="oc-491"/>
      </symbol>
      <symbol id="sm-554">
         <name>__mspabi_slll_13</name>
         <value>0xef44</value>
         <object_component_ref idref="oc-491"/>
      </symbol>
      <symbol id="sm-555">
         <name>__mspabi_slll_12</name>
         <value>0xef48</value>
         <object_component_ref idref="oc-491"/>
      </symbol>
      <symbol id="sm-556">
         <name>__mspabi_slll_11</name>
         <value>0xef4c</value>
         <object_component_ref idref="oc-491"/>
      </symbol>
      <symbol id="sm-557">
         <name>__mspabi_slll_10</name>
         <value>0xef50</value>
         <object_component_ref idref="oc-491"/>
      </symbol>
      <symbol id="sm-55f">
         <name>__mspabi_srll_8</name>
         <value>0xef96</value>
         <object_component_ref idref="oc-35a"/>
      </symbol>
      <symbol id="sm-560">
         <name>__mspabi_srll_9</name>
         <value>0xef92</value>
         <object_component_ref idref="oc-35a"/>
      </symbol>
      <symbol id="sm-561">
         <name>__mspabi_srll_6</name>
         <value>0xef9e</value>
         <object_component_ref idref="oc-35a"/>
      </symbol>
      <symbol id="sm-562">
         <name>__mspabi_srll_7</name>
         <value>0xef9a</value>
         <object_component_ref idref="oc-35a"/>
      </symbol>
      <symbol id="sm-563">
         <name>__mspabi_srll_4</name>
         <value>0xefa6</value>
         <object_component_ref idref="oc-35a"/>
      </symbol>
      <symbol id="sm-564">
         <name>__mspabi_srll_5</name>
         <value>0xefa2</value>
         <object_component_ref idref="oc-35a"/>
      </symbol>
      <symbol id="sm-565">
         <name>__mspabi_srll_2</name>
         <value>0xefae</value>
         <object_component_ref idref="oc-35a"/>
      </symbol>
      <symbol id="sm-566">
         <name>__mspabi_srll_3</name>
         <value>0xefaa</value>
         <object_component_ref idref="oc-35a"/>
      </symbol>
      <symbol id="sm-567">
         <name>__mspabi_srll_1</name>
         <value>0xefb2</value>
         <object_component_ref idref="oc-35a"/>
      </symbol>
      <symbol id="sm-568">
         <name>__mspabi_srll_15</name>
         <value>0xef7a</value>
         <object_component_ref idref="oc-35a"/>
      </symbol>
      <symbol id="sm-569">
         <name>__mspabi_srll_14</name>
         <value>0xef7e</value>
         <object_component_ref idref="oc-35a"/>
      </symbol>
      <symbol id="sm-56a">
         <name>__mspabi_srll_13</name>
         <value>0xef82</value>
         <object_component_ref idref="oc-35a"/>
      </symbol>
      <symbol id="sm-56b">
         <name>__mspabi_srll_12</name>
         <value>0xef86</value>
         <object_component_ref idref="oc-35a"/>
      </symbol>
      <symbol id="sm-56c">
         <name>__mspabi_srll_11</name>
         <value>0xef8a</value>
         <object_component_ref idref="oc-35a"/>
      </symbol>
      <symbol id="sm-56d">
         <name>__mspabi_srll_10</name>
         <value>0xef8e</value>
         <object_component_ref idref="oc-35a"/>
      </symbol>
      <symbol id="sm-578">
         <name>__mspabi_mpyi_f5hw</name>
         <value>0xf0e0</value>
         <object_component_ref idref="oc-3e6"/>
      </symbol>
      <symbol id="sm-584">
         <name>_system_pre_init</name>
         <value>0xf222</value>
         <object_component_ref idref="oc-307"/>
      </symbol>
      <symbol id="sm-5a2">
         <name>_auto_init</name>
         <value>0xec1e</value>
         <object_component_ref idref="oc-30d"/>
      </symbol>
      <symbol id="sm-5be">
         <name>copy_in</name>
         <value>0xeade</value>
         <object_component_ref idref="oc-361"/>
      </symbol>
      <symbol id="sm-5cc">
         <name>memcpy</name>
         <value>0xf1a4</value>
         <object_component_ref idref="oc-418"/>
      </symbol>
      <symbol id="sm-5d5">
         <name>_system_post_cinit</name>
         <value>0xf228</value>
         <object_component_ref idref="oc-367"/>
      </symbol>
      <symbol id="sm-5d7">
         <name>__TI_BINIT_Base</name>
         <value>0x0</value>
      </symbol>
      <symbol id="sm-5d8">
         <name>__TI_BINIT_Limit</name>
         <value>0x0</value>
      </symbol>
      <symbol id="sm-5d9">
         <name>__TI_INITARRAY_Base</name>
         <value>0x0</value>
      </symbol>
      <symbol id="sm-5da">
         <name>__TI_INITARRAY_Limit</name>
         <value>0x0</value>
      </symbol>
   </symbol_table>
   <title>Link successful</title>
</link_info>
