<?xml version="1.0"?>
<link_info>
   <banner>MSP430 Linker PC v16.9.1.LTS</banner>
   <copyright>Copyright (c) 2003-2015 Texas Instruments Incorporated</copyright>
   <link_time>0x597f7756</link_time>
   <link_errors>0x0</link_errors>
   <output_file>BLDC_Firmware.out</output_file>
   <entry_point>
      <name>_c_int00_noargs_noexit</name>
      <address>0xf274</address>
   </entry_point>
   <input_file_list>
      <input_file id="fl-2">
         <path>.\</path>
         <kind>object</kind>
         <file>main.obj</file>
         <name>main.obj</name>
      </input_file>
      <input_file id="fl-9">
         <path>..\</path>
         <kind>archive</kind>
         <file>BLDC_sensorless_trapezoidal.lib</file>
         <name>BLDC_lib.obj</name>
      </input_file>
      <input_file id="fl-1f">
         <path>E:\INSTALLED\ti\ccsv7\tools\compiler\ti-cgt-msp430_16.9.1.LTS\lib\</path>
         <kind>archive</kind>
         <file>rts430x_lc_sd_eabi.lib</file>
         <name>boot.obj</name>
      </input_file>
      <input_file id="fl-20">
         <path>E:\INSTALLED\ti\ccsv7\tools\compiler\ti-cgt-msp430_16.9.1.LTS\lib\</path>
         <kind>archive</kind>
         <file>rts430x_lc_sd_eabi.lib</file>
         <name>boot_special.obj</name>
      </input_file>
      <input_file id="fl-21">
         <path>E:\INSTALLED\ti\ccsv7\tools\compiler\ti-cgt-msp430_16.9.1.LTS\lib\</path>
         <kind>archive</kind>
         <file>rts430x_lc_sd_eabi.lib</file>
         <name>copy_decompress_lzss.obj</name>
      </input_file>
      <input_file id="fl-22">
         <path>E:\INSTALLED\ti\ccsv7\tools\compiler\ti-cgt-msp430_16.9.1.LTS\lib\</path>
         <kind>archive</kind>
         <file>rts430x_lc_sd_eabi.lib</file>
         <name>copy_decompress_none.obj</name>
      </input_file>
      <input_file id="fl-23">
         <path>E:\INSTALLED\ti\ccsv7\tools\compiler\ti-cgt-msp430_16.9.1.LTS\lib\</path>
         <kind>archive</kind>
         <file>rts430x_lc_sd_eabi.lib</file>
         <name>copy_zero_init.obj</name>
      </input_file>
      <input_file id="fl-24">
         <path>E:\INSTALLED\ti\ccsv7\tools\compiler\ti-cgt-msp430_16.9.1.LTS\lib\</path>
         <kind>archive</kind>
         <file>rts430x_lc_sd_eabi.lib</file>
         <name>cpy_util.obj</name>
      </input_file>
      <input_file id="fl-25">
         <path>E:\INSTALLED\ti\ccsv7\tools\compiler\ti-cgt-msp430_16.9.1.LTS\lib\</path>
         <kind>archive</kind>
         <file>rts430x_lc_sd_eabi.lib</file>
         <name>div16s.obj</name>
      </input_file>
      <input_file id="fl-26">
         <path>E:\INSTALLED\ti\ccsv7\tools\compiler\ti-cgt-msp430_16.9.1.LTS\lib\</path>
         <kind>archive</kind>
         <file>rts430x_lc_sd_eabi.lib</file>
         <name>div16u.obj</name>
      </input_file>
      <input_file id="fl-27">
         <path>E:\INSTALLED\ti\ccsv7\tools\compiler\ti-cgt-msp430_16.9.1.LTS\lib\</path>
         <kind>archive</kind>
         <file>rts430x_lc_sd_eabi.lib</file>
         <name>div32u.obj</name>
      </input_file>
      <input_file id="fl-28">
         <path>E:\INSTALLED\ti\ccsv7\tools\compiler\ti-cgt-msp430_16.9.1.LTS\lib\</path>
         <kind>archive</kind>
         <file>rts430x_lc_sd_eabi.lib</file>
         <name>exit.obj</name>
      </input_file>
      <input_file id="fl-29">
         <path>E:\INSTALLED\ti\ccsv7\tools\compiler\ti-cgt-msp430_16.9.1.LTS\lib\</path>
         <kind>archive</kind>
         <file>rts430x_lc_sd_eabi.lib</file>
         <name>exit_gvars.obj</name>
      </input_file>
      <input_file id="fl-2a">
         <path>E:\INSTALLED\ti\ccsv7\tools\compiler\ti-cgt-msp430_16.9.1.LTS\lib\</path>
         <kind>archive</kind>
         <file>rts430x_lc_sd_eabi.lib</file>
         <name>int45.obj</name>
      </input_file>
      <input_file id="fl-2b">
         <path>E:\INSTALLED\ti\ccsv7\tools\compiler\ti-cgt-msp430_16.9.1.LTS\lib\</path>
         <kind>archive</kind>
         <file>rts430x_lc_sd_eabi.lib</file>
         <name>int46.obj</name>
      </input_file>
      <input_file id="fl-2c">
         <path>E:\INSTALLED\ti\ccsv7\tools\compiler\ti-cgt-msp430_16.9.1.LTS\lib\</path>
         <kind>archive</kind>
         <file>rts430x_lc_sd_eabi.lib</file>
         <name>int47.obj</name>
      </input_file>
      <input_file id="fl-2d">
         <path>E:\INSTALLED\ti\ccsv7\tools\compiler\ti-cgt-msp430_16.9.1.LTS\lib\</path>
         <kind>archive</kind>
         <file>rts430x_lc_sd_eabi.lib</file>
         <name>int48.obj</name>
      </input_file>
      <input_file id="fl-2e">
         <path>E:\INSTALLED\ti\ccsv7\tools\compiler\ti-cgt-msp430_16.9.1.LTS\lib\</path>
         <kind>archive</kind>
         <file>rts430x_lc_sd_eabi.lib</file>
         <name>int49.obj</name>
      </input_file>
      <input_file id="fl-2f">
         <path>E:\INSTALLED\ti\ccsv7\tools\compiler\ti-cgt-msp430_16.9.1.LTS\lib\</path>
         <kind>archive</kind>
         <file>rts430x_lc_sd_eabi.lib</file>
         <name>int50.obj</name>
      </input_file>
      <input_file id="fl-30">
         <path>E:\INSTALLED\ti\ccsv7\tools\compiler\ti-cgt-msp430_16.9.1.LTS\lib\</path>
         <kind>archive</kind>
         <file>rts430x_lc_sd_eabi.lib</file>
         <name>int51.obj</name>
      </input_file>
      <input_file id="fl-31">
         <path>E:\INSTALLED\ti\ccsv7\tools\compiler\ti-cgt-msp430_16.9.1.LTS\lib\</path>
         <kind>archive</kind>
         <file>rts430x_lc_sd_eabi.lib</file>
         <name>int54.obj</name>
      </input_file>
      <input_file id="fl-32">
         <path>E:\INSTALLED\ti\ccsv7\tools\compiler\ti-cgt-msp430_16.9.1.LTS\lib\</path>
         <kind>archive</kind>
         <file>rts430x_lc_sd_eabi.lib</file>
         <name>int58.obj</name>
      </input_file>
      <input_file id="fl-33">
         <path>E:\INSTALLED\ti\ccsv7\tools\compiler\ti-cgt-msp430_16.9.1.LTS\lib\</path>
         <kind>archive</kind>
         <file>rts430x_lc_sd_eabi.lib</file>
         <name>int59.obj</name>
      </input_file>
      <input_file id="fl-34">
         <path>E:\INSTALLED\ti\ccsv7\tools\compiler\ti-cgt-msp430_16.9.1.LTS\lib\</path>
         <kind>archive</kind>
         <file>rts430x_lc_sd_eabi.lib</file>
         <name>int60.obj</name>
      </input_file>
      <input_file id="fl-35">
         <path>E:\INSTALLED\ti\ccsv7\tools\compiler\ti-cgt-msp430_16.9.1.LTS\lib\</path>
         <kind>archive</kind>
         <file>rts430x_lc_sd_eabi.lib</file>
         <name>int61.obj</name>
      </input_file>
      <input_file id="fl-36">
         <path>E:\INSTALLED\ti\ccsv7\tools\compiler\ti-cgt-msp430_16.9.1.LTS\lib\</path>
         <kind>archive</kind>
         <file>rts430x_lc_sd_eabi.lib</file>
         <name>int62.obj</name>
      </input_file>
      <input_file id="fl-37">
         <path>E:\INSTALLED\ti\ccsv7\tools\compiler\ti-cgt-msp430_16.9.1.LTS\lib\</path>
         <kind>archive</kind>
         <file>rts430x_lc_sd_eabi.lib</file>
         <name>isr_trap.obj</name>
      </input_file>
      <input_file id="fl-38">
         <path>E:\INSTALLED\ti\ccsv7\tools\compiler\ti-cgt-msp430_16.9.1.LTS\lib\</path>
         <kind>archive</kind>
         <file>rts430x_lc_sd_eabi.lib</file>
         <name>lsl32.obj</name>
      </input_file>
      <input_file id="fl-39">
         <path>E:\INSTALLED\ti\ccsv7\tools\compiler\ti-cgt-msp430_16.9.1.LTS\lib\</path>
         <kind>archive</kind>
         <file>rts430x_lc_sd_eabi.lib</file>
         <name>lsr32.obj</name>
      </input_file>
      <input_file id="fl-3a">
         <path>E:\INSTALLED\ti\ccsv7\tools\compiler\ti-cgt-msp430_16.9.1.LTS\lib\</path>
         <kind>archive</kind>
         <file>rts430x_lc_sd_eabi.lib</file>
         <name>mpu_init.obj</name>
      </input_file>
      <input_file id="fl-3b">
         <path>E:\INSTALLED\ti\ccsv7\tools\compiler\ti-cgt-msp430_16.9.1.LTS\lib\</path>
         <kind>archive</kind>
         <file>rts430x_lc_sd_eabi.lib</file>
         <name>mult16.obj</name>
      </input_file>
      <input_file id="fl-3c">
         <path>E:\INSTALLED\ti\ccsv7\tools\compiler\ti-cgt-msp430_16.9.1.LTS\lib\</path>
         <kind>archive</kind>
         <file>rts430x_lc_sd_eabi.lib</file>
         <name>mult1632_f5hw.obj</name>
      </input_file>
      <input_file id="fl-3d">
         <path>E:\INSTALLED\ti\ccsv7\tools\compiler\ti-cgt-msp430_16.9.1.LTS\lib\</path>
         <kind>archive</kind>
         <file>rts430x_lc_sd_eabi.lib</file>
         <name>mult16_f5hw.obj</name>
      </input_file>
      <input_file id="fl-3e">
         <path>E:\INSTALLED\ti\ccsv7\tools\compiler\ti-cgt-msp430_16.9.1.LTS\lib\</path>
         <kind>archive</kind>
         <file>rts430x_lc_sd_eabi.lib</file>
         <name>mult3264_f5hw.obj</name>
      </input_file>
      <input_file id="fl-3f">
         <path>E:\INSTALLED\ti\ccsv7\tools\compiler\ti-cgt-msp430_16.9.1.LTS\lib\</path>
         <kind>archive</kind>
         <file>rts430x_lc_sd_eabi.lib</file>
         <name>mult32_f5hw.obj</name>
      </input_file>
      <input_file id="fl-40">
         <path>E:\INSTALLED\ti\ccsv7\tools\compiler\ti-cgt-msp430_16.9.1.LTS\lib\</path>
         <kind>archive</kind>
         <file>rts430x_lc_sd_eabi.lib</file>
         <name>mult64_f5hw.obj</name>
      </input_file>
      <input_file id="fl-41">
         <path>E:\INSTALLED\ti\ccsv7\tools\compiler\ti-cgt-msp430_16.9.1.LTS\lib\</path>
         <kind>archive</kind>
         <file>rts430x_lc_sd_eabi.lib</file>
         <name>pre_init.obj</name>
      </input_file>
      <input_file id="fl-42">
         <path>E:\INSTALLED\ti\ccsv7\tools\compiler\ti-cgt-msp430_16.9.1.LTS\lib\</path>
         <kind>archive</kind>
         <file>rts430x_lc_sd_eabi.lib</file>
         <name>_lock.obj</name>
      </input_file>
      <input_file id="fl-43">
         <path>E:\INSTALLED\ti\ccsv7\tools\compiler\ti-cgt-msp430_16.9.1.LTS\lib\</path>
         <kind>archive</kind>
         <file>rts430x_lc_sd_eabi.lib</file>
         <name>args_main.obj</name>
      </input_file>
      <input_file id="fl-44">
         <path>E:\INSTALLED\ti\ccsv7\tools\compiler\ti-cgt-msp430_16.9.1.LTS\lib\</path>
         <kind>archive</kind>
         <file>rts430x_lc_sd_eabi.lib</file>
         <name>autoinit.obj</name>
      </input_file>
      <input_file id="fl-45">
         <path>E:\INSTALLED\ti\ccsv7\tools\compiler\ti-cgt-msp430_16.9.1.LTS\lib\</path>
         <kind>archive</kind>
         <file>rts430x_lc_sd_eabi.lib</file>
         <name>cpy_tbl.obj</name>
      </input_file>
      <input_file id="fl-46">
         <path>E:\INSTALLED\ti\ccsv7\tools\compiler\ti-cgt-msp430_16.9.1.LTS\lib\</path>
         <kind>archive</kind>
         <file>rts430x_lc_sd_eabi.lib</file>
         <name>memcpy.obj</name>
      </input_file>
      <input_file id="fl-47">
         <path>E:\INSTALLED\ti\ccsv7\tools\compiler\ti-cgt-msp430_16.9.1.LTS\lib\</path>
         <kind>archive</kind>
         <file>rts430x_lc_sd_eabi.lib</file>
         <name>startup.obj</name>
      </input_file>
   </input_file_list>
   <object_component_list>
      <object_component id="oc-353">
         <name>.common:Cycle_Count</name>
         <uninitialized>true</uninitialized>
         <run_address>0x1cc4</run_address>
         <size>0x2</size>
      </object_component>
      <object_component id="oc-359">
         <name>.common:Start_Max_Duty_Cycle</name>
         <uninitialized>true</uninitialized>
         <run_address>0x1cca</run_address>
         <size>0x2</size>
      </object_component>
      <object_component id="oc-45d">
         <name>.common:Speed_Duty_Cycle</name>
         <uninitialized>true</uninitialized>
         <run_address>0x1cc6</run_address>
         <size>0x2</size>
      </object_component>
      <object_component id="oc-45c">
         <name>.common:Speed_Value</name>
         <uninitialized>true</uninitialized>
         <run_address>0x1cc8</run_address>
         <size>0x2</size>
      </object_component>
      <object_component id="oc-350">
         <name>.common:State</name>
         <uninitialized>true</uninitialized>
         <run_address>0x1ccc</run_address>
         <size>0x1</size>
      </object_component>
      <object_component id="oc-346">
         <name>.data</name>
         <load_address>0x1c92</load_address>
         <run_address>0x1c92</run_address>
         <size>0x2a</size>
         <input_file_ref idref="fl-2"/>
      </object_component>
      <object_component id="oc-40c">
         <name>.data:tx_string</name>
         <load_address>0x1cbc</load_address>
         <run_address>0x1cbc</run_address>
         <size>0x7</size>
         <input_file_ref idref="fl-2"/>
      </object_component>
      <object_component id="oc-34a">
         <name>.data</name>
         <load_address>0x1c00</load_address>
         <run_address>0x1c00</run_address>
         <size>0x92</size>
         <input_file_ref idref="fl-9"/>
      </object_component>
      <object_component id="oc-2c3">
         <name>.stack</name>
         <uninitialized>true</uninitialized>
         <run_address>0x1fb0</run_address>
         <size>0x2</size>
         <input_file_ref idref="fl-1f"/>
      </object_component>
      <object_component id="oc-53f">
         <name>.stack</name>
         <uninitialized>true</uninitialized>
         <run_address>0x1fb0</run_address>
         <size>0x0</size>
      </object_component>
      <object_component id="oc-327">
         <name>.text:main</name>
         <load_address>0xe000</load_address>
         <run_address>0xe000</run_address>
         <size>0x2ca</size>
         <input_file_ref idref="fl-2"/>
      </object_component>
      <object_component id="oc-2fb">
         <name>.text:_isr:TIMER0_D1_ISR</name>
         <load_address>0xe2ca</load_address>
         <run_address>0xe2ca</run_address>
         <size>0x264</size>
         <input_file_ref idref="fl-9"/>
      </object_component>
      <object_component id="oc-2e9">
         <name>.text:_isr:ADC10_ISR</name>
         <load_address>0xe52e</load_address>
         <run_address>0xe52e</run_address>
         <size>0x174</size>
         <input_file_ref idref="fl-9"/>
      </object_component>
      <object_component id="oc-65">
         <name>.text:decompress:lzss:__TI_decompress_lzss</name>
         <load_address>0xe6a2</load_address>
         <run_address>0xe6a2</run_address>
         <size>0xee</size>
         <input_file_ref idref="fl-21"/>
      </object_component>
      <object_component id="oc-3ef">
         <name>.text:dc_bus_compensation</name>
         <load_address>0xe790</load_address>
         <run_address>0xe790</run_address>
         <size>0xea</size>
         <input_file_ref idref="fl-9"/>
      </object_component>
      <object_component id="oc-3fa">
         <name>.text:Adjust_Step</name>
         <load_address>0xe87a</load_address>
         <run_address>0xe87a</run_address>
         <size>0xe6</size>
         <input_file_ref idref="fl-2"/>
      </object_component>
      <object_component id="oc-3e3">
         <name>.text:Process_Integration</name>
         <load_address>0xe960</load_address>
         <run_address>0xe960</run_address>
         <size>0xe2</size>
         <input_file_ref idref="fl-9"/>
      </object_component>
      <object_component id="oc-3e9">
         <name>.text:Commutate</name>
         <load_address>0xea42</load_address>
         <run_address>0xea42</run_address>
         <size>0xd6</size>
         <input_file_ref idref="fl-9"/>
      </object_component>
      <object_component id="oc-406">
         <name>.text:Adjust_RPM</name>
         <load_address>0xeb18</load_address>
         <run_address>0xeb18</run_address>
         <size>0xca</size>
         <input_file_ref idref="fl-2"/>
      </object_component>
      <object_component id="oc-361">
         <name>.text:copy_in</name>
         <load_address>0xebe2</load_address>
         <run_address>0xebe2</run_address>
         <size>0xb2</size>
         <input_file_ref idref="fl-45"/>
      </object_component>
      <object_component id="oc-3dd">
         <name>.text:PrintNumber</name>
         <load_address>0xec94</load_address>
         <run_address>0xec94</run_address>
         <size>0x8c</size>
         <input_file_ref idref="fl-2"/>
      </object_component>
      <object_component id="oc-30d">
         <name>.text:_auto_init</name>
         <load_address>0xed20</load_address>
         <run_address>0xed20</run_address>
         <size>0x82</size>
         <input_file_ref idref="fl-44"/>
      </object_component>
      <object_component id="oc-3d7">
         <name>.text:write_flash</name>
         <load_address>0xeda2</load_address>
         <run_address>0xeda2</run_address>
         <size>0x82</size>
         <input_file_ref idref="fl-2"/>
      </object_component>
      <object_component id="oc-395">
         <name>.text:init_IO</name>
         <load_address>0xee24</load_address>
         <run_address>0xee24</run_address>
         <size>0x7c</size>
         <input_file_ref idref="fl-9"/>
      </object_component>
      <object_component id="oc-389">
         <name>.text:Init_Clocks</name>
         <load_address>0xeea0</load_address>
         <run_address>0xeea0</run_address>
         <size>0x60</size>
         <input_file_ref idref="fl-2"/>
      </object_component>
      <object_component id="oc-3bf">
         <name>.text:Init_InstaSpin</name>
         <load_address>0xef00</load_address>
         <run_address>0xef00</run_address>
         <size>0x5a</size>
         <input_file_ref idref="fl-9"/>
      </object_component>
      <object_component id="oc-4a6">
         <name>.text</name>
         <load_address>0xef5a</load_address>
         <run_address>0xef5a</run_address>
         <size>0x58</size>
         <input_file_ref idref="fl-27"/>
      </object_component>
      <object_component id="oc-383">
         <name>.text:SetVcoreUp</name>
         <load_address>0xefb2</load_address>
         <run_address>0xefb2</run_address>
         <size>0x44</size>
         <input_file_ref idref="fl-2"/>
      </object_component>
      <object_component id="oc-3b9">
         <name>.text:Init_UART</name>
         <load_address>0xeff6</load_address>
         <run_address>0xeff6</run_address>
         <size>0x42</size>
         <input_file_ref idref="fl-2"/>
      </object_component>
      <object_component id="oc-2d2">
         <name>.text:__memcpy_far</name>
         <load_address>0xf038</load_address>
         <run_address>0xf038</run_address>
         <size>0x40</size>
         <input_file_ref idref="fl-24"/>
      </object_component>
      <object_component id="oc-83">
         <name>.text:decompress:ZI:__TI_zero_init</name>
         <load_address>0xf078</load_address>
         <run_address>0xf078</run_address>
         <size>0x3e</size>
         <input_file_ref idref="fl-23"/>
      </object_component>
      <object_component id="oc-4a1">
         <name>.text:l_lsl_const</name>
         <load_address>0xf0b6</load_address>
         <run_address>0xf0b6</run_address>
         <size>0x3e</size>
         <input_file_ref idref="fl-38"/>
      </object_component>
      <object_component id="oc-35a">
         <name>.text:l_lsr_const</name>
         <load_address>0xf0f4</load_address>
         <run_address>0xf0f4</run_address>
         <size>0x3e</size>
         <input_file_ref idref="fl-39"/>
      </object_component>
      <object_component id="oc-6b">
         <name>.text:decompress:none:__TI_decompress_none</name>
         <load_address>0xf132</load_address>
         <run_address>0xf132</run_address>
         <size>0x3c</size>
         <input_file_ref idref="fl-22"/>
      </object_component>
      <object_component id="oc-3ad">
         <name>.text:init_COMPB</name>
         <load_address>0xf16e</load_address>
         <run_address>0xf16e</run_address>
         <size>0x36</size>
         <input_file_ref idref="fl-2"/>
      </object_component>
      <object_component id="oc-3cb">
         <name>.text:read_flash</name>
         <load_address>0xf1a4</load_address>
         <run_address>0xf1a4</run_address>
         <size>0x34</size>
         <input_file_ref idref="fl-2"/>
      </object_component>
      <object_component id="oc-3a1">
         <name>.text:init_TimerD</name>
         <load_address>0xf1d8</load_address>
         <run_address>0xf1d8</run_address>
         <size>0x2e</size>
         <input_file_ref idref="fl-9"/>
      </object_component>
      <object_component id="oc-475">
         <name>.text</name>
         <load_address>0xf206</load_address>
         <run_address>0xf206</run_address>
         <size>0x2c</size>
         <input_file_ref idref="fl-25"/>
      </object_component>
      <object_component id="oc-38f">
         <name>.text:user_defined_parameters</name>
         <load_address>0xf232</load_address>
         <run_address>0xf232</run_address>
         <size>0x24</size>
         <input_file_ref idref="fl-2"/>
      </object_component>
      <object_component id="oc-39b">
         <name>.text:init_ADC</name>
         <load_address>0xf256</load_address>
         <run_address>0xf256</run_address>
         <size>0x1e</size>
         <input_file_ref idref="fl-9"/>
      </object_component>
      <object_component id="oc-a1">
         <name>.text:_isr:_c_int00_noargs_noexit</name>
         <load_address>0xf274</load_address>
         <run_address>0xf274</run_address>
         <size>0x1a</size>
         <input_file_ref idref="fl-20"/>
      </object_component>
      <object_component id="oc-3f5">
         <name>.text</name>
         <load_address>0xf28e</load_address>
         <run_address>0xf28e</run_address>
         <size>0x18</size>
         <input_file_ref idref="fl-3d"/>
      </object_component>
      <object_component id="oc-3d1">
         <name>.text:Stop_Motor</name>
         <load_address>0xf2a6</load_address>
         <run_address>0xf2a6</run_address>
         <size>0x16</size>
         <input_file_ref idref="fl-2"/>
      </object_component>
      <object_component id="oc-354">
         <name>.text</name>
         <load_address>0xf2bc</load_address>
         <run_address>0xf2bc</run_address>
         <size>0x16</size>
         <input_file_ref idref="fl-26"/>
      </object_component>
      <object_component id="oc-3c5">
         <name>.text:Init_TimerA</name>
         <load_address>0xf2d2</load_address>
         <run_address>0xf2d2</run_address>
         <size>0x14</size>
         <input_file_ref idref="fl-2"/>
      </object_component>
      <object_component id="oc-48e">
         <name>.text:A_LOW</name>
         <load_address>0xf2e6</load_address>
         <run_address>0xf2e6</run_address>
         <size>0x12</size>
         <input_file_ref idref="fl-9"/>
      </object_component>
      <object_component id="oc-461">
         <name>.text:A_Z</name>
         <load_address>0xf2f8</load_address>
         <run_address>0xf2f8</run_address>
         <size>0x12</size>
         <input_file_ref idref="fl-9"/>
      </object_component>
      <object_component id="oc-482">
         <name>.text:B_LOW</name>
         <load_address>0xf30a</load_address>
         <run_address>0xf30a</run_address>
         <size>0x12</size>
         <input_file_ref idref="fl-9"/>
      </object_component>
      <object_component id="oc-467">
         <name>.text:B_Z</name>
         <load_address>0xf31c</load_address>
         <run_address>0xf31c</run_address>
         <size>0x12</size>
         <input_file_ref idref="fl-9"/>
      </object_component>
      <object_component id="oc-49a">
         <name>.text:C_LOW</name>
         <load_address>0xf32e</load_address>
         <run_address>0xf32e</run_address>
         <size>0x12</size>
         <input_file_ref idref="fl-9"/>
      </object_component>
      <object_component id="oc-46d">
         <name>.text:C_Z</name>
         <load_address>0xf340</load_address>
         <run_address>0xf340</run_address>
         <size>0x12</size>
         <input_file_ref idref="fl-9"/>
      </object_component>
      <object_component id="oc-422">
         <name>.text:memcpy</name>
         <load_address>0xf352</load_address>
         <run_address>0xf352</run_address>
         <size>0x12</size>
         <input_file_ref idref="fl-46"/>
      </object_component>
      <object_component id="oc-2ef">
         <name>.text:_isr:USCI_A0_ISR</name>
         <load_address>0xf364</load_address>
         <run_address>0xf364</run_address>
         <size>0x10</size>
         <input_file_ref idref="fl-2"/>
      </object_component>
      <object_component id="oc-3b3">
         <name>.text:init_TEC</name>
         <load_address>0xf374</load_address>
         <run_address>0xf374</run_address>
         <size>0x10</size>
         <input_file_ref idref="fl-2"/>
      </object_component>
      <object_component id="oc-47c">
         <name>.text:A_PWM</name>
         <load_address>0xf384</load_address>
         <run_address>0xf384</run_address>
         <size>0xc</size>
         <input_file_ref idref="fl-9"/>
      </object_component>
      <object_component id="oc-494">
         <name>.text:B_PWM</name>
         <load_address>0xf390</load_address>
         <run_address>0xf390</run_address>
         <size>0xc</size>
         <input_file_ref idref="fl-9"/>
      </object_component>
      <object_component id="oc-488">
         <name>.text:C_PWM</name>
         <load_address>0xf39c</load_address>
         <run_address>0xf39c</run_address>
         <size>0xc</size>
         <input_file_ref idref="fl-9"/>
      </object_component>
      <object_component id="oc-400">
         <name>.text:Start_Motor</name>
         <load_address>0xf3a8</load_address>
         <run_address>0xf3a8</run_address>
         <size>0xc</size>
         <input_file_ref idref="fl-2"/>
      </object_component>
      <object_component id="oc-3a7">
         <name>.text:init_WDT</name>
         <load_address>0xf3b4</load_address>
         <run_address>0xf3b4</run_address>
         <size>0xc</size>
         <input_file_ref idref="fl-9"/>
      </object_component>
      <object_component id="oc-2de">
         <name>.text:_isr:__TI_ISR_TRAP</name>
         <load_address>0xf3c0</load_address>
         <run_address>0xf3c0</run_address>
         <size>0x8</size>
         <input_file_ref idref="fl-37"/>
      </object_component>
      <object_component id="oc-2e3">
         <name>.text:_isr:Timer_A0</name>
         <load_address>0xf3c8</load_address>
         <run_address>0xf3c8</run_address>
         <size>0x6</size>
         <input_file_ref idref="fl-2"/>
      </object_component>
      <object_component id="oc-32f">
         <name>.text:abort</name>
         <load_address>0xf3ce</load_address>
         <run_address>0xf3ce</run_address>
         <size>0x6</size>
         <input_file_ref idref="fl-28"/>
      </object_component>
      <object_component id="oc-307">
         <name>.text:_system_pre_init</name>
         <load_address>0xf3d4</load_address>
         <run_address>0xf3d4</run_address>
         <size>0x4</size>
         <input_file_ref idref="fl-41"/>
      </object_component>
      <object_component id="oc-2f5">
         <name>.text:_isr:WDT_ISR</name>
         <load_address>0xf3d8</load_address>
         <run_address>0xf3d8</run_address>
         <size>0x2</size>
         <input_file_ref idref="fl-9"/>
      </object_component>
      <object_component id="oc-367">
         <name>.text:_system_post_cinit</name>
         <load_address>0xf3da</load_address>
         <run_address>0xf3da</run_address>
         <size>0x2</size>
         <input_file_ref idref="fl-47"/>
      </object_component>
      <object_component id="oc-53e">
         <name>.cinit..data.load</name>
         <load_address>0xf3ee</load_address>
         <run_address>0xf3ee</run_address>
         <size>0x55</size>
      </object_component>
      <object_component id="oc-53b">
         <name>__TI_handler_table</name>
         <load_address>0xf444</load_address>
         <run_address>0xf444</run_address>
         <size>0xc</size>
      </object_component>
      <object_component id="oc-53d">
         <name>.cinit..bss.load</name>
         <load_address>0xf450</load_address>
         <run_address>0xf450</run_address>
         <size>0x6</size>
      </object_component>
      <object_component id="oc-53c">
         <name>__TI_cinit_table</name>
         <load_address>0xf456</load_address>
         <run_address>0xf456</run_address>
         <size>0x10</size>
      </object_component>
      <object_component id="oc-40f">
         <name>.const:speed_step_table</name>
         <load_address>0xf3dc</load_address>
         <run_address>0xf3dc</run_address>
         <size>0x12</size>
         <input_file_ref idref="fl-2"/>
      </object_component>
      <object_component id="oc-71">
         <name>.int45</name>
         <load_address>0xffda</load_address>
         <run_address>0xffda</run_address>
         <size>0x2</size>
         <input_file_ref idref="fl-2a"/>
      </object_component>
      <object_component id="oc-72">
         <name>.int46</name>
         <load_address>0xffdc</load_address>
         <run_address>0xffdc</run_address>
         <size>0x2</size>
         <input_file_ref idref="fl-2b"/>
      </object_component>
      <object_component id="oc-73">
         <name>.int47</name>
         <load_address>0xffde</load_address>
         <run_address>0xffde</run_address>
         <size>0x2</size>
         <input_file_ref idref="fl-2c"/>
      </object_component>
      <object_component id="oc-74">
         <name>.int48</name>
         <load_address>0xffe0</load_address>
         <run_address>0xffe0</run_address>
         <size>0x2</size>
         <input_file_ref idref="fl-2d"/>
      </object_component>
      <object_component id="oc-75">
         <name>.int49</name>
         <load_address>0xffe2</load_address>
         <run_address>0xffe2</run_address>
         <size>0x2</size>
         <input_file_ref idref="fl-2e"/>
      </object_component>
      <object_component id="oc-76">
         <name>.int50</name>
         <load_address>0xffe4</load_address>
         <run_address>0xffe4</run_address>
         <size>0x2</size>
         <input_file_ref idref="fl-2f"/>
      </object_component>
      <object_component id="oc-77">
         <name>.int51</name>
         <load_address>0xffe6</load_address>
         <run_address>0xffe6</run_address>
         <size>0x2</size>
         <input_file_ref idref="fl-30"/>
      </object_component>
      <object_component id="oc-78">
         <name>.int52</name>
         <load_address>0xffe8</load_address>
         <run_address>0xffe8</run_address>
         <size>0x2</size>
         <input_file_ref idref="fl-2"/>
      </object_component>
      <object_component id="oc-79">
         <name>.int53</name>
         <load_address>0xffea</load_address>
         <run_address>0xffea</run_address>
         <size>0x2</size>
         <input_file_ref idref="fl-9"/>
      </object_component>
      <object_component id="oc-7a">
         <name>.int54</name>
         <load_address>0xffec</load_address>
         <run_address>0xffec</run_address>
         <size>0x2</size>
         <input_file_ref idref="fl-31"/>
      </object_component>
      <object_component id="oc-7b">
         <name>.int55</name>
         <load_address>0xffee</load_address>
         <run_address>0xffee</run_address>
         <size>0x2</size>
         <input_file_ref idref="fl-2"/>
      </object_component>
      <object_component id="oc-7c">
         <name>.int56</name>
         <load_address>0xfff0</load_address>
         <run_address>0xfff0</run_address>
         <size>0x2</size>
         <input_file_ref idref="fl-9"/>
      </object_component>
      <object_component id="oc-7d">
         <name>.int57</name>
         <load_address>0xfff2</load_address>
         <run_address>0xfff2</run_address>
         <size>0x2</size>
         <input_file_ref idref="fl-9"/>
      </object_component>
      <object_component id="oc-7e">
         <name>.int58</name>
         <load_address>0xfff4</load_address>
         <run_address>0xfff4</run_address>
         <size>0x2</size>
         <input_file_ref idref="fl-32"/>
      </object_component>
      <object_component id="oc-7f">
         <name>.int59</name>
         <load_address>0xfff6</load_address>
         <run_address>0xfff6</run_address>
         <size>0x2</size>
         <input_file_ref idref="fl-33"/>
      </object_component>
      <object_component id="oc-80">
         <name>.int60</name>
         <load_address>0xfff8</load_address>
         <run_address>0xfff8</run_address>
         <size>0x2</size>
         <input_file_ref idref="fl-34"/>
      </object_component>
      <object_component id="oc-81">
         <name>.int61</name>
         <load_address>0xfffa</load_address>
         <run_address>0xfffa</run_address>
         <size>0x2</size>
         <input_file_ref idref="fl-35"/>
      </object_component>
      <object_component id="oc-82">
         <name>.int62</name>
         <load_address>0xfffc</load_address>
         <run_address>0xfffc</run_address>
         <size>0x2</size>
         <input_file_ref idref="fl-36"/>
      </object_component>
      <object_component id="oc-2c6">
         <name>.reset</name>
         <load_address>0xfffe</load_address>
         <run_address>0xfffe</run_address>
         <size>0x2</size>
         <input_file_ref idref="fl-1f"/>
      </object_component>
      <object_component id="oc-413">
         <name>.debug_info</name>
         <load_address>0x0</load_address>
         <run_address>0x0</run_address>
         <size>0x9b7</size>
         <input_file_ref idref="fl-2"/>
      </object_component>
      <object_component id="oc-347">
         <name>.debug_info</name>
         <load_address>0x9b7</load_address>
         <run_address>0x9b7</run_address>
         <size>0x5b0</size>
         <input_file_ref idref="fl-2"/>
      </object_component>
      <object_component id="oc-40d">
         <name>.debug_info</name>
         <load_address>0xf67</load_address>
         <run_address>0xf67</run_address>
         <size>0xcd</size>
         <input_file_ref idref="fl-2"/>
      </object_component>
      <object_component id="oc-410">
         <name>.debug_info</name>
         <load_address>0x1034</load_address>
         <run_address>0x1034</run_address>
         <size>0xda</size>
         <input_file_ref idref="fl-2"/>
      </object_component>
      <object_component id="oc-3d8">
         <name>.debug_info</name>
         <load_address>0x110e</load_address>
         <run_address>0x110e</run_address>
         <size>0x144</size>
         <input_file_ref idref="fl-2"/>
      </object_component>
      <object_component id="oc-390">
         <name>.debug_info</name>
         <load_address>0x1252</load_address>
         <run_address>0x1252</run_address>
         <size>0x116</size>
         <input_file_ref idref="fl-2"/>
      </object_component>
      <object_component id="oc-3cc">
         <name>.debug_info</name>
         <load_address>0x1368</load_address>
         <run_address>0x1368</run_address>
         <size>0x124</size>
         <input_file_ref idref="fl-2"/>
      </object_component>
      <object_component id="oc-384">
         <name>.debug_info</name>
         <load_address>0x148c</load_address>
         <run_address>0x148c</run_address>
         <size>0x122</size>
         <input_file_ref idref="fl-2"/>
      </object_component>
      <object_component id="oc-38a">
         <name>.debug_info</name>
         <load_address>0x15ae</load_address>
         <run_address>0x15ae</run_address>
         <size>0x131</size>
         <input_file_ref idref="fl-2"/>
      </object_component>
      <object_component id="oc-3ae">
         <name>.debug_info</name>
         <load_address>0x16df</load_address>
         <run_address>0x16df</run_address>
         <size>0xfc</size>
         <input_file_ref idref="fl-2"/>
      </object_component>
      <object_component id="oc-3b4">
         <name>.debug_info</name>
         <load_address>0x17db</load_address>
         <run_address>0x17db</run_address>
         <size>0xf8</size>
         <input_file_ref idref="fl-2"/>
      </object_component>
      <object_component id="oc-3ba">
         <name>.debug_info</name>
         <load_address>0x18d3</load_address>
         <run_address>0x18d3</run_address>
         <size>0xfa</size>
         <input_file_ref idref="fl-2"/>
      </object_component>
      <object_component id="oc-3c6">
         <name>.debug_info</name>
         <load_address>0x19cd</load_address>
         <run_address>0x19cd</run_address>
         <size>0xfe</size>
         <input_file_ref idref="fl-2"/>
      </object_component>
      <object_component id="oc-3fb">
         <name>.debug_info</name>
         <load_address>0x1acb</load_address>
         <run_address>0x1acb</run_address>
         <size>0x128</size>
         <input_file_ref idref="fl-2"/>
      </object_component>
      <object_component id="oc-401">
         <name>.debug_info</name>
         <load_address>0x1bf3</load_address>
         <run_address>0x1bf3</run_address>
         <size>0x110</size>
         <input_file_ref idref="fl-2"/>
      </object_component>
      <object_component id="oc-3d3">
         <name>.debug_info</name>
         <load_address>0x1d03</load_address>
         <run_address>0x1d03</run_address>
         <size>0x11a</size>
         <input_file_ref idref="fl-2"/>
      </object_component>
      <object_component id="oc-407">
         <name>.debug_info</name>
         <load_address>0x1e1d</load_address>
         <run_address>0x1e1d</run_address>
         <size>0x128</size>
         <input_file_ref idref="fl-2"/>
      </object_component>
      <object_component id="oc-3de">
         <name>.debug_info</name>
         <load_address>0x1f45</load_address>
         <run_address>0x1f45</run_address>
         <size>0x193</size>
         <input_file_ref idref="fl-2"/>
      </object_component>
      <object_component id="oc-328">
         <name>.debug_info</name>
         <load_address>0x20d8</load_address>
         <run_address>0x20d8</run_address>
         <size>0x71e</size>
         <input_file_ref idref="fl-2"/>
      </object_component>
      <object_component id="oc-2f0">
         <name>.debug_info</name>
         <load_address>0x27f6</load_address>
         <run_address>0x27f6</run_address>
         <size>0xff</size>
         <input_file_ref idref="fl-2"/>
      </object_component>
      <object_component id="oc-2e4">
         <name>.debug_info</name>
         <load_address>0x28f5</load_address>
         <run_address>0x28f5</run_address>
         <size>0xf9</size>
         <input_file_ref idref="fl-2"/>
      </object_component>
      <object_component id="oc-2cd">
         <name>.debug_info</name>
         <load_address>0x29ee</load_address>
         <run_address>0x29ee</run_address>
         <size>0x84</size>
         <input_file_ref idref="fl-2"/>
      </object_component>
      <object_component id="oc-351">
         <name>.debug_info</name>
         <load_address>0x2a72</load_address>
         <run_address>0x2a72</run_address>
         <size>0x674</size>
         <input_file_ref idref="fl-9"/>
      </object_component>
      <object_component id="oc-34b">
         <name>.debug_info</name>
         <load_address>0x30e6</load_address>
         <run_address>0x30e6</run_address>
         <size>0xd55</size>
         <input_file_ref idref="fl-9"/>
      </object_component>
      <object_component id="oc-3f0">
         <name>.debug_info</name>
         <load_address>0x3e3b</load_address>
         <run_address>0x3e3b</run_address>
         <size>0x1b0</size>
         <input_file_ref idref="fl-9"/>
      </object_component>
      <object_component id="oc-3a8">
         <name>.debug_info</name>
         <load_address>0x3feb</load_address>
         <run_address>0x3feb</run_address>
         <size>0x11b</size>
         <input_file_ref idref="fl-9"/>
      </object_component>
      <object_component id="oc-3a2">
         <name>.debug_info</name>
         <load_address>0x4106</load_address>
         <run_address>0x4106</run_address>
         <size>0x121</size>
         <input_file_ref idref="fl-9"/>
      </object_component>
      <object_component id="oc-396">
         <name>.debug_info</name>
         <load_address>0x4227</load_address>
         <run_address>0x4227</run_address>
         <size>0x11a</size>
         <input_file_ref idref="fl-9"/>
      </object_component>
      <object_component id="oc-39c">
         <name>.debug_info</name>
         <load_address>0x4341</load_address>
         <run_address>0x4341</run_address>
         <size>0x11e</size>
         <input_file_ref idref="fl-9"/>
      </object_component>
      <object_component id="oc-47d">
         <name>.debug_info</name>
         <load_address>0x445f</load_address>
         <run_address>0x445f</run_address>
         <size>0x118</size>
         <input_file_ref idref="fl-9"/>
      </object_component>
      <object_component id="oc-48f">
         <name>.debug_info</name>
         <load_address>0x4577</load_address>
         <run_address>0x4577</run_address>
         <size>0x118</size>
         <input_file_ref idref="fl-9"/>
      </object_component>
      <object_component id="oc-495">
         <name>.debug_info</name>
         <load_address>0x468f</load_address>
         <run_address>0x468f</run_address>
         <size>0x118</size>
         <input_file_ref idref="fl-9"/>
      </object_component>
      <object_component id="oc-483">
         <name>.debug_info</name>
         <load_address>0x47a7</load_address>
         <run_address>0x47a7</run_address>
         <size>0x118</size>
         <input_file_ref idref="fl-9"/>
      </object_component>
      <object_component id="oc-48a">
         <name>.debug_info</name>
         <load_address>0x48bf</load_address>
         <run_address>0x48bf</run_address>
         <size>0x118</size>
         <input_file_ref idref="fl-9"/>
      </object_component>
      <object_component id="oc-49c">
         <name>.debug_info</name>
         <load_address>0x49d7</load_address>
         <run_address>0x49d7</run_address>
         <size>0x118</size>
         <input_file_ref idref="fl-9"/>
      </object_component>
      <object_component id="oc-463">
         <name>.debug_info</name>
         <load_address>0x4aef</load_address>
         <run_address>0x4aef</run_address>
         <size>0x114</size>
         <input_file_ref idref="fl-9"/>
      </object_component>
      <object_component id="oc-469">
         <name>.debug_info</name>
         <load_address>0x4c03</load_address>
         <run_address>0x4c03</run_address>
         <size>0x114</size>
         <input_file_ref idref="fl-9"/>
      </object_component>
      <object_component id="oc-46f">
         <name>.debug_info</name>
         <load_address>0x4d17</load_address>
         <run_address>0x4d17</run_address>
         <size>0x114</size>
         <input_file_ref idref="fl-9"/>
      </object_component>
      <object_component id="oc-3c1">
         <name>.debug_info</name>
         <load_address>0x4e2b</load_address>
         <run_address>0x4e2b</run_address>
         <size>0x13e</size>
         <input_file_ref idref="fl-9"/>
      </object_component>
      <object_component id="oc-3e5">
         <name>.debug_info</name>
         <load_address>0x4f69</load_address>
         <run_address>0x4f69</run_address>
         <size>0x134</size>
         <input_file_ref idref="fl-9"/>
      </object_component>
      <object_component id="oc-3eb">
         <name>.debug_info</name>
         <load_address>0x509d</load_address>
         <run_address>0x509d</run_address>
         <size>0x1ec</size>
         <input_file_ref idref="fl-9"/>
      </object_component>
      <object_component id="oc-2eb">
         <name>.debug_info</name>
         <load_address>0x5289</load_address>
         <run_address>0x5289</run_address>
         <size>0x121</size>
         <input_file_ref idref="fl-9"/>
      </object_component>
      <object_component id="oc-2fd">
         <name>.debug_info</name>
         <load_address>0x53aa</load_address>
         <run_address>0x53aa</run_address>
         <size>0x154</size>
         <input_file_ref idref="fl-9"/>
      </object_component>
      <object_component id="oc-2f7">
         <name>.debug_info</name>
         <load_address>0x54fe</load_address>
         <run_address>0x54fe</run_address>
         <size>0x11d</size>
         <input_file_ref idref="fl-9"/>
      </object_component>
      <object_component id="oc-419">
         <name>.debug_info</name>
         <load_address>0x561b</load_address>
         <run_address>0x561b</run_address>
         <size>0x18b</size>
         <input_file_ref idref="fl-9"/>
      </object_component>
      <object_component id="oc-2c4">
         <name>.debug_info</name>
         <load_address>0x57a6</load_address>
         <run_address>0x57a6</run_address>
         <size>0xf5</size>
         <input_file_ref idref="fl-1f"/>
      </object_component>
      <object_component id="oc-a2">
         <name>.debug_info</name>
         <load_address>0x589b</load_address>
         <run_address>0x589b</run_address>
         <size>0x196</size>
         <input_file_ref idref="fl-20"/>
      </object_component>
      <object_component id="oc-68">
         <name>.debug_info</name>
         <load_address>0x5a31</load_address>
         <run_address>0x5a31</run_address>
         <size>0x2ad</size>
         <input_file_ref idref="fl-21"/>
      </object_component>
      <object_component id="oc-33d">
         <name>.debug_info</name>
         <load_address>0x5cde</load_address>
         <run_address>0x5cde</run_address>
         <size>0x46</size>
         <input_file_ref idref="fl-21"/>
      </object_component>
      <object_component id="oc-2c8">
         <name>.debug_info</name>
         <load_address>0x5d24</load_address>
         <run_address>0x5d24</run_address>
         <size>0x60</size>
         <input_file_ref idref="fl-21"/>
      </object_component>
      <object_component id="oc-2dd">
         <name>.debug_info</name>
         <load_address>0x5d84</load_address>
         <run_address>0x5d84</run_address>
         <size>0x1cf</size>
         <input_file_ref idref="fl-22"/>
      </object_component>
      <object_component id="oc-6d">
         <name>.debug_info</name>
         <load_address>0x5f53</load_address>
         <run_address>0x5f53</run_address>
         <size>0x1e7</size>
         <input_file_ref idref="fl-22"/>
      </object_component>
      <object_component id="oc-2d8">
         <name>.debug_info</name>
         <load_address>0x613a</load_address>
         <run_address>0x613a</run_address>
         <size>0x46</size>
         <input_file_ref idref="fl-22"/>
      </object_component>
      <object_component id="oc-84">
         <name>.debug_info</name>
         <load_address>0x6180</load_address>
         <run_address>0x6180</run_address>
         <size>0x1b6</size>
         <input_file_ref idref="fl-23"/>
      </object_component>
      <object_component id="oc-302">
         <name>.debug_info</name>
         <load_address>0x6336</load_address>
         <run_address>0x6336</run_address>
         <size>0x46</size>
         <input_file_ref idref="fl-23"/>
      </object_component>
      <object_component id="oc-2d3">
         <name>.debug_info</name>
         <load_address>0x637c</load_address>
         <run_address>0x637c</run_address>
         <size>0x119</size>
         <input_file_ref idref="fl-24"/>
      </object_component>
      <object_component id="oc-476">
         <name>.debug_info</name>
         <load_address>0x6495</load_address>
         <run_address>0x6495</run_address>
         <size>0x12d</size>
         <input_file_ref idref="fl-25"/>
      </object_component>
      <object_component id="oc-355">
         <name>.debug_info</name>
         <load_address>0x65c2</load_address>
         <run_address>0x65c2</run_address>
         <size>0x119</size>
         <input_file_ref idref="fl-26"/>
      </object_component>
      <object_component id="oc-4a9">
         <name>.debug_info</name>
         <load_address>0x66db</load_address>
         <run_address>0x66db</run_address>
         <size>0x11b</size>
         <input_file_ref idref="fl-27"/>
      </object_component>
      <object_component id="oc-332">
         <name>.debug_info</name>
         <load_address>0x67f6</load_address>
         <run_address>0x67f6</run_address>
         <size>0x117</size>
         <input_file_ref idref="fl-28"/>
      </object_component>
      <object_component id="oc-2df">
         <name>.debug_info</name>
         <load_address>0x690d</load_address>
         <run_address>0x690d</run_address>
         <size>0x107</size>
         <input_file_ref idref="fl-37"/>
      </object_component>
      <object_component id="oc-4a3">
         <name>.debug_info</name>
         <load_address>0x6a14</load_address>
         <run_address>0x6a14</run_address>
         <size>0x11e</size>
         <input_file_ref idref="fl-38"/>
      </object_component>
      <object_component id="oc-35c">
         <name>.debug_info</name>
         <load_address>0x6b32</load_address>
         <run_address>0x6b32</run_address>
         <size>0x11e</size>
         <input_file_ref idref="fl-39"/>
      </object_component>
      <object_component id="oc-3f8">
         <name>.debug_info</name>
         <load_address>0x6c50</load_address>
         <run_address>0x6c50</run_address>
         <size>0x128</size>
         <input_file_ref idref="fl-3d"/>
      </object_component>
      <object_component id="oc-309">
         <name>.debug_info</name>
         <load_address>0x6d78</load_address>
         <run_address>0x6d78</run_address>
         <size>0x148</size>
         <input_file_ref idref="fl-41"/>
      </object_component>
      <object_component id="oc-36e">
         <name>.debug_info</name>
         <load_address>0x6ec0</load_address>
         <run_address>0x6ec0</run_address>
         <size>0x3e1</size>
         <input_file_ref idref="fl-44"/>
      </object_component>
      <object_component id="oc-30e">
         <name>.debug_info</name>
         <load_address>0x72a1</load_address>
         <run_address>0x72a1</run_address>
         <size>0x1e5</size>
         <input_file_ref idref="fl-44"/>
      </object_component>
      <object_component id="oc-42d">
         <name>.debug_info</name>
         <load_address>0x7486</load_address>
         <run_address>0x7486</run_address>
         <size>0x39</size>
         <input_file_ref idref="fl-44"/>
      </object_component>
      <object_component id="oc-432">
         <name>.debug_info</name>
         <load_address>0x74bf</load_address>
         <run_address>0x74bf</run_address>
         <size>0xcd</size>
         <input_file_ref idref="fl-44"/>
      </object_component>
      <object_component id="oc-429">
         <name>.debug_info</name>
         <load_address>0x758c</load_address>
         <run_address>0x758c</run_address>
         <size>0x2ac</size>
         <input_file_ref idref="fl-45"/>
      </object_component>
      <object_component id="oc-362">
         <name>.debug_info</name>
         <load_address>0x7838</load_address>
         <run_address>0x7838</run_address>
         <size>0x20c</size>
         <input_file_ref idref="fl-45"/>
      </object_component>
      <object_component id="oc-4bf">
         <name>.debug_info</name>
         <load_address>0x7a44</load_address>
         <run_address>0x7a44</run_address>
         <size>0x2c</size>
         <input_file_ref idref="fl-45"/>
      </object_component>
      <object_component id="oc-4b8">
         <name>.debug_info</name>
         <load_address>0x7a70</load_address>
         <run_address>0x7a70</run_address>
         <size>0x2c</size>
         <input_file_ref idref="fl-45"/>
      </object_component>
      <object_component id="oc-4b7">
         <name>.debug_info</name>
         <load_address>0x7a9c</load_address>
         <run_address>0x7a9c</run_address>
         <size>0x16d</size>
         <input_file_ref idref="fl-46"/>
      </object_component>
      <object_component id="oc-425">
         <name>.debug_info</name>
         <load_address>0x7c09</load_address>
         <run_address>0x7c09</run_address>
         <size>0x191</size>
         <input_file_ref idref="fl-46"/>
      </object_component>
      <object_component id="oc-369">
         <name>.debug_info</name>
         <load_address>0x7d9a</load_address>
         <run_address>0x7d9a</run_address>
         <size>0x145</size>
         <input_file_ref idref="fl-47"/>
      </object_component>
      <object_component id="oc-540">
         <name>.debug_info</name>
         <load_address>0x7edf</load_address>
         <run_address>0x7edf</run_address>
         <size>0x9d</size>
      </object_component>
      <object_component id="oc-4b5">
         <name>.debug_line</name>
         <load_address>0x0</load_address>
         <run_address>0x0</run_address>
         <size>0xd5</size>
         <input_file_ref idref="fl-2"/>
      </object_component>
      <object_component id="oc-416">
         <name>.debug_line</name>
         <load_address>0xd5</load_address>
         <run_address>0xd5</run_address>
         <size>0x2d</size>
         <input_file_ref idref="fl-2"/>
      </object_component>
      <object_component id="oc-4b1">
         <name>.debug_line</name>
         <load_address>0x102</load_address>
         <run_address>0x102</run_address>
         <size>0x2d</size>
         <input_file_ref idref="fl-2"/>
      </object_component>
      <object_component id="oc-4b3">
         <name>.debug_line</name>
         <load_address>0x12f</load_address>
         <run_address>0x12f</run_address>
         <size>0x2d</size>
         <input_file_ref idref="fl-2"/>
      </object_component>
      <object_component id="oc-3db">
         <name>.debug_line</name>
         <load_address>0x15c</load_address>
         <run_address>0x15c</run_address>
         <size>0x68</size>
         <input_file_ref idref="fl-2"/>
      </object_component>
      <object_component id="oc-393">
         <name>.debug_line</name>
         <load_address>0x1c4</load_address>
         <run_address>0x1c4</run_address>
         <size>0x45</size>
         <input_file_ref idref="fl-2"/>
      </object_component>
      <object_component id="oc-3cf">
         <name>.debug_line</name>
         <load_address>0x209</load_address>
         <run_address>0x209</run_address>
         <size>0x43</size>
         <input_file_ref idref="fl-2"/>
      </object_component>
      <object_component id="oc-387">
         <name>.debug_line</name>
         <load_address>0x24c</load_address>
         <run_address>0x24c</run_address>
         <size>0x51</size>
         <input_file_ref idref="fl-2"/>
      </object_component>
      <object_component id="oc-38d">
         <name>.debug_line</name>
         <load_address>0x29d</load_address>
         <run_address>0x29d</run_address>
         <size>0x51</size>
         <input_file_ref idref="fl-2"/>
      </object_component>
      <object_component id="oc-3b1">
         <name>.debug_line</name>
         <load_address>0x2ee</load_address>
         <run_address>0x2ee</run_address>
         <size>0x47</size>
         <input_file_ref idref="fl-2"/>
      </object_component>
      <object_component id="oc-3b7">
         <name>.debug_line</name>
         <load_address>0x335</load_address>
         <run_address>0x335</run_address>
         <size>0x42</size>
         <input_file_ref idref="fl-2"/>
      </object_component>
      <object_component id="oc-3bd">
         <name>.debug_line</name>
         <load_address>0x377</load_address>
         <run_address>0x377</run_address>
         <size>0x4c</size>
         <input_file_ref idref="fl-2"/>
      </object_component>
      <object_component id="oc-3c9">
         <name>.debug_line</name>
         <load_address>0x3c3</load_address>
         <run_address>0x3c3</run_address>
         <size>0x42</size>
         <input_file_ref idref="fl-2"/>
      </object_component>
      <object_component id="oc-3fe">
         <name>.debug_line</name>
         <load_address>0x405</load_address>
         <run_address>0x405</run_address>
         <size>0x84</size>
         <input_file_ref idref="fl-2"/>
      </object_component>
      <object_component id="oc-404">
         <name>.debug_line</name>
         <load_address>0x489</load_address>
         <run_address>0x489</run_address>
         <size>0x41</size>
         <input_file_ref idref="fl-2"/>
      </object_component>
      <object_component id="oc-3d2">
         <name>.debug_line</name>
         <load_address>0x4ca</load_address>
         <run_address>0x4ca</run_address>
         <size>0x44</size>
         <input_file_ref idref="fl-2"/>
      </object_component>
      <object_component id="oc-40a">
         <name>.debug_line</name>
         <load_address>0x50e</load_address>
         <run_address>0x50e</run_address>
         <size>0x87</size>
         <input_file_ref idref="fl-2"/>
      </object_component>
      <object_component id="oc-3e1">
         <name>.debug_line</name>
         <load_address>0x595</load_address>
         <run_address>0x595</run_address>
         <size>0x6e</size>
         <input_file_ref idref="fl-2"/>
      </object_component>
      <object_component id="oc-32b">
         <name>.debug_line</name>
         <load_address>0x603</load_address>
         <run_address>0x603</run_address>
         <size>0x15e</size>
         <input_file_ref idref="fl-2"/>
      </object_component>
      <object_component id="oc-2f3">
         <name>.debug_line</name>
         <load_address>0x761</load_address>
         <run_address>0x761</run_address>
         <size>0x44</size>
         <input_file_ref idref="fl-2"/>
      </object_component>
      <object_component id="oc-2e7">
         <name>.debug_line</name>
         <load_address>0x7a5</load_address>
         <run_address>0x7a5</run_address>
         <size>0x40</size>
         <input_file_ref idref="fl-2"/>
      </object_component>
      <object_component id="oc-2d0">
         <name>.debug_line</name>
         <load_address>0x7e5</load_address>
         <run_address>0x7e5</run_address>
         <size>0x20</size>
         <input_file_ref idref="fl-2"/>
      </object_component>
      <object_component id="oc-41f">
         <name>.debug_line</name>
         <load_address>0x805</load_address>
         <run_address>0x805</run_address>
         <size>0x95</size>
         <input_file_ref idref="fl-9"/>
      </object_component>
      <object_component id="oc-418">
         <name>.debug_line</name>
         <load_address>0x89a</load_address>
         <run_address>0x89a</run_address>
         <size>0x31</size>
         <input_file_ref idref="fl-9"/>
      </object_component>
      <object_component id="oc-3f4">
         <name>.debug_line</name>
         <load_address>0x8cb</load_address>
         <run_address>0x8cb</run_address>
         <size>0x83</size>
         <input_file_ref idref="fl-9"/>
      </object_component>
      <object_component id="oc-3ac">
         <name>.debug_line</name>
         <load_address>0x94e</load_address>
         <run_address>0x94e</run_address>
         <size>0x48</size>
         <input_file_ref idref="fl-9"/>
      </object_component>
      <object_component id="oc-3a6">
         <name>.debug_line</name>
         <load_address>0x996</load_address>
         <run_address>0x996</run_address>
         <size>0x51</size>
         <input_file_ref idref="fl-9"/>
      </object_component>
      <object_component id="oc-39a">
         <name>.debug_line</name>
         <load_address>0x9e7</load_address>
         <run_address>0x9e7</run_address>
         <size>0x65</size>
         <input_file_ref idref="fl-9"/>
      </object_component>
      <object_component id="oc-3a0">
         <name>.debug_line</name>
         <load_address>0xa4c</load_address>
         <run_address>0xa4c</run_address>
         <size>0x4b</size>
         <input_file_ref idref="fl-9"/>
      </object_component>
      <object_component id="oc-481">
         <name>.debug_line</name>
         <load_address>0xa97</load_address>
         <run_address>0xa97</run_address>
         <size>0x48</size>
         <input_file_ref idref="fl-9"/>
      </object_component>
      <object_component id="oc-492">
         <name>.debug_line</name>
         <load_address>0xadf</load_address>
         <run_address>0xadf</run_address>
         <size>0x49</size>
         <input_file_ref idref="fl-9"/>
      </object_component>
      <object_component id="oc-498">
         <name>.debug_line</name>
         <load_address>0xb28</load_address>
         <run_address>0xb28</run_address>
         <size>0x48</size>
         <input_file_ref idref="fl-9"/>
      </object_component>
      <object_component id="oc-486">
         <name>.debug_line</name>
         <load_address>0xb70</load_address>
         <run_address>0xb70</run_address>
         <size>0x49</size>
         <input_file_ref idref="fl-9"/>
      </object_component>
      <object_component id="oc-489">
         <name>.debug_line</name>
         <load_address>0xbb9</load_address>
         <run_address>0xbb9</run_address>
         <size>0x48</size>
         <input_file_ref idref="fl-9"/>
      </object_component>
      <object_component id="oc-49b">
         <name>.debug_line</name>
         <load_address>0xc01</load_address>
         <run_address>0xc01</run_address>
         <size>0x49</size>
         <input_file_ref idref="fl-9"/>
      </object_component>
      <object_component id="oc-462">
         <name>.debug_line</name>
         <load_address>0xc4a</load_address>
         <run_address>0xc4a</run_address>
         <size>0x49</size>
         <input_file_ref idref="fl-9"/>
      </object_component>
      <object_component id="oc-468">
         <name>.debug_line</name>
         <load_address>0xc93</load_address>
         <run_address>0xc93</run_address>
         <size>0x49</size>
         <input_file_ref idref="fl-9"/>
      </object_component>
      <object_component id="oc-46e">
         <name>.debug_line</name>
         <load_address>0xcdc</load_address>
         <run_address>0xcdc</run_address>
         <size>0x49</size>
         <input_file_ref idref="fl-9"/>
      </object_component>
      <object_component id="oc-3c0">
         <name>.debug_line</name>
         <load_address>0xd25</load_address>
         <run_address>0xd25</run_address>
         <size>0x56</size>
         <input_file_ref idref="fl-9"/>
      </object_component>
      <object_component id="oc-3e4">
         <name>.debug_line</name>
         <load_address>0xd7b</load_address>
         <run_address>0xd7b</run_address>
         <size>0x8d</size>
         <input_file_ref idref="fl-9"/>
      </object_component>
      <object_component id="oc-3ea">
         <name>.debug_line</name>
         <load_address>0xe08</load_address>
         <run_address>0xe08</run_address>
         <size>0x9a</size>
         <input_file_ref idref="fl-9"/>
      </object_component>
      <object_component id="oc-2ea">
         <name>.debug_line</name>
         <load_address>0xea2</load_address>
         <run_address>0xea2</run_address>
         <size>0xbf</size>
         <input_file_ref idref="fl-9"/>
      </object_component>
      <object_component id="oc-2fc">
         <name>.debug_line</name>
         <load_address>0xf61</load_address>
         <run_address>0xf61</run_address>
         <size>0x13b</size>
         <input_file_ref idref="fl-9"/>
      </object_component>
      <object_component id="oc-2f6">
         <name>.debug_line</name>
         <load_address>0x109c</load_address>
         <run_address>0x109c</run_address>
         <size>0x42</size>
         <input_file_ref idref="fl-9"/>
      </object_component>
      <object_component id="oc-41c">
         <name>.debug_line</name>
         <load_address>0x10de</load_address>
         <run_address>0x10de</run_address>
         <size>0x5c</size>
         <input_file_ref idref="fl-9"/>
      </object_component>
      <object_component id="oc-33c">
         <name>.debug_line</name>
         <load_address>0x113a</load_address>
         <run_address>0x113a</run_address>
         <size>0x2a</size>
         <input_file_ref idref="fl-1f"/>
      </object_component>
      <object_component id="oc-a5">
         <name>.debug_line</name>
         <load_address>0x1164</load_address>
         <run_address>0x1164</run_address>
         <size>0x4c</size>
         <input_file_ref idref="fl-20"/>
      </object_component>
      <object_component id="oc-6a">
         <name>.debug_line</name>
         <load_address>0x11b0</load_address>
         <run_address>0x11b0</run_address>
         <size>0x9d</size>
         <input_file_ref idref="fl-21"/>
      </object_component>
      <object_component id="oc-340">
         <name>.debug_line</name>
         <load_address>0x124d</load_address>
         <run_address>0x124d</run_address>
         <size>0x8a</size>
         <input_file_ref idref="fl-21"/>
      </object_component>
      <object_component id="oc-2cb">
         <name>.debug_line</name>
         <load_address>0x12d7</load_address>
         <run_address>0x12d7</run_address>
         <size>0x3a</size>
         <input_file_ref idref="fl-21"/>
      </object_component>
      <object_component id="oc-344">
         <name>.debug_line</name>
         <load_address>0x1311</load_address>
         <run_address>0x1311</run_address>
         <size>0x3a</size>
         <input_file_ref idref="fl-22"/>
      </object_component>
      <object_component id="oc-70">
         <name>.debug_line</name>
         <load_address>0x134b</load_address>
         <run_address>0x134b</run_address>
         <size>0x50</size>
         <input_file_ref idref="fl-22"/>
      </object_component>
      <object_component id="oc-2db">
         <name>.debug_line</name>
         <load_address>0x139b</load_address>
         <run_address>0x139b</run_address>
         <size>0x3a</size>
         <input_file_ref idref="fl-22"/>
      </object_component>
      <object_component id="oc-87">
         <name>.debug_line</name>
         <load_address>0x13d5</load_address>
         <run_address>0x13d5</run_address>
         <size>0x4d</size>
         <input_file_ref idref="fl-23"/>
      </object_component>
      <object_component id="oc-305">
         <name>.debug_line</name>
         <load_address>0x1422</load_address>
         <run_address>0x1422</run_address>
         <size>0x34</size>
         <input_file_ref idref="fl-23"/>
      </object_component>
      <object_component id="oc-2d6">
         <name>.debug_line</name>
         <load_address>0x1456</load_address>
         <run_address>0x1456</run_address>
         <size>0x52</size>
         <input_file_ref idref="fl-24"/>
      </object_component>
      <object_component id="oc-479">
         <name>.debug_line</name>
         <load_address>0x14a8</load_address>
         <run_address>0x14a8</run_address>
         <size>0x4d</size>
         <input_file_ref idref="fl-25"/>
      </object_component>
      <object_component id="oc-358">
         <name>.debug_line</name>
         <load_address>0x14f5</load_address>
         <run_address>0x14f5</run_address>
         <size>0x43</size>
         <input_file_ref idref="fl-26"/>
      </object_component>
      <object_component id="oc-4a8">
         <name>.debug_line</name>
         <load_address>0x1538</load_address>
         <run_address>0x1538</run_address>
         <size>0x64</size>
         <input_file_ref idref="fl-27"/>
      </object_component>
      <object_component id="oc-331">
         <name>.debug_line</name>
         <load_address>0x159c</load_address>
         <run_address>0x159c</run_address>
         <size>0x3d</size>
         <input_file_ref idref="fl-28"/>
      </object_component>
      <object_component id="oc-2e2">
         <name>.debug_line</name>
         <load_address>0x15d9</load_address>
         <run_address>0x15d9</run_address>
         <size>0x3d</size>
         <input_file_ref idref="fl-37"/>
      </object_component>
      <object_component id="oc-4a2">
         <name>.debug_line</name>
         <load_address>0x1616</load_address>
         <run_address>0x1616</run_address>
         <size>0x56</size>
         <input_file_ref idref="fl-38"/>
      </object_component>
      <object_component id="oc-35b">
         <name>.debug_line</name>
         <load_address>0x166c</load_address>
         <run_address>0x166c</run_address>
         <size>0x56</size>
         <input_file_ref idref="fl-39"/>
      </object_component>
      <object_component id="oc-3f7">
         <name>.debug_line</name>
         <load_address>0x16c2</load_address>
         <run_address>0x16c2</run_address>
         <size>0x46</size>
         <input_file_ref idref="fl-3d"/>
      </object_component>
      <object_component id="oc-308">
         <name>.debug_line</name>
         <load_address>0x1708</load_address>
         <run_address>0x1708</run_address>
         <size>0x3e</size>
         <input_file_ref idref="fl-41"/>
      </object_component>
      <object_component id="oc-42c">
         <name>.debug_line</name>
         <load_address>0x1746</load_address>
         <run_address>0x1746</run_address>
         <size>0xa9</size>
         <input_file_ref idref="fl-44"/>
      </object_component>
      <object_component id="oc-312">
         <name>.debug_line</name>
         <load_address>0x17ef</load_address>
         <run_address>0x17ef</run_address>
         <size>0x92</size>
         <input_file_ref idref="fl-44"/>
      </object_component>
      <object_component id="oc-430">
         <name>.debug_line</name>
         <load_address>0x1881</load_address>
         <run_address>0x1881</run_address>
         <size>0x2e</size>
         <input_file_ref idref="fl-44"/>
      </object_component>
      <object_component id="oc-435">
         <name>.debug_line</name>
         <load_address>0x18af</load_address>
         <run_address>0x18af</run_address>
         <size>0x8b</size>
         <input_file_ref idref="fl-44"/>
      </object_component>
      <object_component id="oc-4be">
         <name>.debug_line</name>
         <load_address>0x193a</load_address>
         <run_address>0x193a</run_address>
         <size>0xa5</size>
         <input_file_ref idref="fl-45"/>
      </object_component>
      <object_component id="oc-366">
         <name>.debug_line</name>
         <load_address>0x19df</load_address>
         <run_address>0x19df</run_address>
         <size>0x70</size>
         <input_file_ref idref="fl-45"/>
      </object_component>
      <object_component id="oc-4c2">
         <name>.debug_line</name>
         <load_address>0x1a4f</load_address>
         <run_address>0x1a4f</run_address>
         <size>0x2e</size>
         <input_file_ref idref="fl-45"/>
      </object_component>
      <object_component id="oc-4bb">
         <name>.debug_line</name>
         <load_address>0x1a7d</load_address>
         <run_address>0x1a7d</run_address>
         <size>0x8a</size>
         <input_file_ref idref="fl-45"/>
      </object_component>
      <object_component id="oc-4d6">
         <name>.debug_line</name>
         <load_address>0x1b07</load_address>
         <run_address>0x1b07</run_address>
         <size>0x20</size>
         <input_file_ref idref="fl-46"/>
      </object_component>
      <object_component id="oc-427">
         <name>.debug_line</name>
         <load_address>0x1b27</load_address>
         <run_address>0x1b27</run_address>
         <size>0x45</size>
         <input_file_ref idref="fl-46"/>
      </object_component>
      <object_component id="oc-368">
         <name>.debug_line</name>
         <load_address>0x1b6c</load_address>
         <run_address>0x1b6c</run_address>
         <size>0x3a</size>
         <input_file_ref idref="fl-47"/>
      </object_component>
      <object_component id="oc-3dc">
         <name>.debug_frame</name>
         <load_address>0x0</load_address>
         <run_address>0x0</run_address>
         <size>0x3a</size>
         <input_file_ref idref="fl-2"/>
      </object_component>
      <object_component id="oc-394">
         <name>.debug_frame</name>
         <load_address>0x3a</load_address>
         <run_address>0x3a</run_address>
         <size>0x39</size>
         <input_file_ref idref="fl-2"/>
      </object_component>
      <object_component id="oc-3d0">
         <name>.debug_frame</name>
         <load_address>0x73</load_address>
         <run_address>0x73</run_address>
         <size>0x39</size>
         <input_file_ref idref="fl-2"/>
      </object_component>
      <object_component id="oc-388">
         <name>.debug_frame</name>
         <load_address>0xac</load_address>
         <run_address>0xac</run_address>
         <size>0x39</size>
         <input_file_ref idref="fl-2"/>
      </object_component>
      <object_component id="oc-38e">
         <name>.debug_frame</name>
         <load_address>0xe5</load_address>
         <run_address>0xe5</run_address>
         <size>0x39</size>
         <input_file_ref idref="fl-2"/>
      </object_component>
      <object_component id="oc-3b2">
         <name>.debug_frame</name>
         <load_address>0x11e</load_address>
         <run_address>0x11e</run_address>
         <size>0x39</size>
         <input_file_ref idref="fl-2"/>
      </object_component>
      <object_component id="oc-3b8">
         <name>.debug_frame</name>
         <load_address>0x157</load_address>
         <run_address>0x157</run_address>
         <size>0x39</size>
         <input_file_ref idref="fl-2"/>
      </object_component>
      <object_component id="oc-3be">
         <name>.debug_frame</name>
         <load_address>0x190</load_address>
         <run_address>0x190</run_address>
         <size>0x39</size>
         <input_file_ref idref="fl-2"/>
      </object_component>
      <object_component id="oc-3ca">
         <name>.debug_frame</name>
         <load_address>0x1c9</load_address>
         <run_address>0x1c9</run_address>
         <size>0x39</size>
         <input_file_ref idref="fl-2"/>
      </object_component>
      <object_component id="oc-3ff">
         <name>.debug_frame</name>
         <load_address>0x202</load_address>
         <run_address>0x202</run_address>
         <size>0x4b</size>
         <input_file_ref idref="fl-2"/>
      </object_component>
      <object_component id="oc-405">
         <name>.debug_frame</name>
         <load_address>0x24d</load_address>
         <run_address>0x24d</run_address>
         <size>0x39</size>
         <input_file_ref idref="fl-2"/>
      </object_component>
      <object_component id="oc-3d6">
         <name>.debug_frame</name>
         <load_address>0x286</load_address>
         <run_address>0x286</run_address>
         <size>0x39</size>
         <input_file_ref idref="fl-2"/>
      </object_component>
      <object_component id="oc-40b">
         <name>.debug_frame</name>
         <load_address>0x2bf</load_address>
         <run_address>0x2bf</run_address>
         <size>0x3d</size>
         <input_file_ref idref="fl-2"/>
      </object_component>
      <object_component id="oc-3e2">
         <name>.debug_frame</name>
         <load_address>0x2fc</load_address>
         <run_address>0x2fc</run_address>
         <size>0x4f</size>
         <input_file_ref idref="fl-2"/>
      </object_component>
      <object_component id="oc-32c">
         <name>.debug_frame</name>
         <load_address>0x34b</load_address>
         <run_address>0x34b</run_address>
         <size>0x4c</size>
         <input_file_ref idref="fl-2"/>
      </object_component>
      <object_component id="oc-2f4">
         <name>.debug_frame</name>
         <load_address>0x397</load_address>
         <run_address>0x397</run_address>
         <size>0x39</size>
         <input_file_ref idref="fl-2"/>
      </object_component>
      <object_component id="oc-2e8">
         <name>.debug_frame</name>
         <load_address>0x3d0</load_address>
         <run_address>0x3d0</run_address>
         <size>0x39</size>
         <input_file_ref idref="fl-2"/>
      </object_component>
      <object_component id="oc-3f3">
         <name>.debug_frame</name>
         <load_address>0x409</load_address>
         <run_address>0x409</run_address>
         <size>0x48</size>
         <input_file_ref idref="fl-9"/>
      </object_component>
      <object_component id="oc-3ab">
         <name>.debug_frame</name>
         <load_address>0x451</load_address>
         <run_address>0x451</run_address>
         <size>0x47</size>
         <input_file_ref idref="fl-9"/>
      </object_component>
      <object_component id="oc-3a5">
         <name>.debug_frame</name>
         <load_address>0x498</load_address>
         <run_address>0x498</run_address>
         <size>0x47</size>
         <input_file_ref idref="fl-9"/>
      </object_component>
      <object_component id="oc-399">
         <name>.debug_frame</name>
         <load_address>0x4df</load_address>
         <run_address>0x4df</run_address>
         <size>0x47</size>
         <input_file_ref idref="fl-9"/>
      </object_component>
      <object_component id="oc-39f">
         <name>.debug_frame</name>
         <load_address>0x526</load_address>
         <run_address>0x526</run_address>
         <size>0x47</size>
         <input_file_ref idref="fl-9"/>
      </object_component>
      <object_component id="oc-480">
         <name>.debug_frame</name>
         <load_address>0x56d</load_address>
         <run_address>0x56d</run_address>
         <size>0x47</size>
         <input_file_ref idref="fl-9"/>
      </object_component>
      <object_component id="oc-493">
         <name>.debug_frame</name>
         <load_address>0x5b4</load_address>
         <run_address>0x5b4</run_address>
         <size>0x47</size>
         <input_file_ref idref="fl-9"/>
      </object_component>
      <object_component id="oc-499">
         <name>.debug_frame</name>
         <load_address>0x5fb</load_address>
         <run_address>0x5fb</run_address>
         <size>0x47</size>
         <input_file_ref idref="fl-9"/>
      </object_component>
      <object_component id="oc-487">
         <name>.debug_frame</name>
         <load_address>0x642</load_address>
         <run_address>0x642</run_address>
         <size>0x47</size>
         <input_file_ref idref="fl-9"/>
      </object_component>
      <object_component id="oc-48d">
         <name>.debug_frame</name>
         <load_address>0x689</load_address>
         <run_address>0x689</run_address>
         <size>0x47</size>
         <input_file_ref idref="fl-9"/>
      </object_component>
      <object_component id="oc-49f">
         <name>.debug_frame</name>
         <load_address>0x6d0</load_address>
         <run_address>0x6d0</run_address>
         <size>0x47</size>
         <input_file_ref idref="fl-9"/>
      </object_component>
      <object_component id="oc-466">
         <name>.debug_frame</name>
         <load_address>0x717</load_address>
         <run_address>0x717</run_address>
         <size>0x47</size>
         <input_file_ref idref="fl-9"/>
      </object_component>
      <object_component id="oc-46c">
         <name>.debug_frame</name>
         <load_address>0x75e</load_address>
         <run_address>0x75e</run_address>
         <size>0x47</size>
         <input_file_ref idref="fl-9"/>
      </object_component>
      <object_component id="oc-472">
         <name>.debug_frame</name>
         <load_address>0x7a5</load_address>
         <run_address>0x7a5</run_address>
         <size>0x47</size>
         <input_file_ref idref="fl-9"/>
      </object_component>
      <object_component id="oc-3c4">
         <name>.debug_frame</name>
         <load_address>0x7ec</load_address>
         <run_address>0x7ec</run_address>
         <size>0x47</size>
         <input_file_ref idref="fl-9"/>
      </object_component>
      <object_component id="oc-3e8">
         <name>.debug_frame</name>
         <load_address>0x833</load_address>
[...]
         <value>0x1c8a</value>
         <object_component_ref idref="oc-34a"/>
      </symbol>
      <symbol id="sm-46a">
         <name>Negative_Threshold</name>
         <value>0x1c6c</value>
         <object_component_ref idref="oc-34a"/>
      </symbol>
      <symbol id="sm-46b">
         <name>Integration_Start_Flag</name>
         <value>0x1c72</value>
         <object_component_ref idref="oc-34a"/>
      </symbol>
      <symbol id="sm-46c">
         <name>init_ADC</name>
         <value>0xf256</value>
         <object_component_ref idref="oc-39b"/>
      </symbol>
      <symbol id="sm-46d">
         <name>C_PWM</name>
         <value>0xf39c</value>
         <object_component_ref idref="oc-488"/>
      </symbol>
      <symbol id="sm-46e">
         <name>INCREMENTAL_TIME</name>
         <value>0x1c21</value>
         <object_component_ref idref="oc-34a"/>
      </symbol>
      <symbol id="sm-46f">
         <name>MAX_DUTY</name>
         <value>0x1c28</value>
         <object_component_ref idref="oc-34a"/>
      </symbol>
      <symbol id="sm-470">
         <name>CurrentCommState</name>
         <value>0x1c80</value>
         <object_component_ref idref="oc-34a"/>
      </symbol>
      <symbol id="sm-471">
         <name>Channel</name>
         <value>0x1c7c</value>
         <object_component_ref idref="oc-34a"/>
      </symbol>
      <symbol id="sm-472">
         <name>C_Z</name>
         <value>0xf340</value>
         <object_component_ref idref="oc-46d"/>
      </symbol>
      <symbol id="sm-473">
         <name>DC_avg_temp</name>
         <value>0x1c50</value>
         <object_component_ref idref="oc-34a"/>
      </symbol>
      <symbol id="sm-474">
         <name>A_LOW</name>
         <value>0xf2e6</value>
         <object_component_ref idref="oc-48e"/>
      </symbol>
      <symbol id="sm-475">
         <name>Process_Integration</name>
         <value>0xe960</value>
         <object_component_ref idref="oc-3e3"/>
      </symbol>
      <symbol id="sm-476">
         <name>dc_comp_flag</name>
         <value>0x1c18</value>
         <object_component_ref idref="oc-34a"/>
      </symbol>
      <symbol id="sm-477">
         <name>First_ADC</name>
         <value>0x1c78</value>
         <object_component_ref idref="oc-34a"/>
      </symbol>
      <symbol id="sm-478">
         <name>SPEED_RAMP_CYCLES</name>
         <value>0x1c24</value>
         <object_component_ref idref="oc-34a"/>
      </symbol>
      <symbol id="sm-479">
         <name>B_LOW</name>
         <value>0xf30a</value>
         <object_component_ref idref="oc-482"/>
      </symbol>
      <symbol id="sm-47a">
         <name>softstart_counter</name>
         <value>0x1c0e</value>
         <object_component_ref idref="oc-34a"/>
      </symbol>
      <symbol id="sm-47b">
         <name>openloop_count</name>
         <value>0x1c84</value>
         <object_component_ref idref="oc-34a"/>
      </symbol>
      <symbol id="sm-47c">
         <name>time_ctr</name>
         <value>0x1c70</value>
         <object_component_ref idref="oc-34a"/>
      </symbol>
      <symbol id="sm-47d">
         <name>TargetDutyCycle</name>
         <value>0x1c48</value>
         <object_component_ref idref="oc-34a"/>
      </symbol>
      <symbol id="sm-47e">
         <name>init_WDT</name>
         <value>0xf3b4</value>
         <object_component_ref idref="oc-3a7"/>
      </symbol>
      <symbol id="sm-47f">
         <name>init_TimerD</name>
         <value>0xf1d8</value>
         <object_component_ref idref="oc-3a1"/>
      </symbol>
      <symbol id="sm-480">
         <name>DC_Bus_Voltage_present</name>
         <value>0x1c54</value>
         <object_component_ref idref="oc-34a"/>
      </symbol>
      <symbol id="sm-481">
         <name>counter</name>
         <value>0x1c14</value>
         <object_component_ref idref="oc-34a"/>
      </symbol>
      <symbol id="sm-482">
         <name>feedforward_flag</name>
         <value>0x1c16</value>
         <object_component_ref idref="oc-34a"/>
      </symbol>
      <symbol id="sm-483">
         <name>dc_bus_compensation</name>
         <value>0xe790</value>
         <object_component_ref idref="oc-3ef"/>
      </symbol>
      <symbol id="sm-484">
         <name>sum</name>
         <value>0x1c10</value>
         <object_component_ref idref="oc-34a"/>
      </symbol>
      <symbol id="sm-485">
         <name>DC_Bus_Voltage</name>
         <value>0x1c00</value>
         <object_component_ref idref="oc-34a"/>
      </symbol>
      <symbol id="sm-486">
         <name>C_LOW</name>
         <value>0xf32e</value>
         <object_component_ref idref="oc-49a"/>
      </symbol>
      <symbol id="sm-487">
         <name>SPEED_DUTY_MAX</name>
         <value>0x1c25</value>
         <object_component_ref idref="oc-34a"/>
      </symbol>
      <symbol id="sm-488">
         <name>B_Z</name>
         <value>0xf31c</value>
         <object_component_ref idref="oc-467"/>
      </symbol>
      <symbol id="sm-489">
         <name>Reading_Changed</name>
         <value>0x1c73</value>
         <object_component_ref idref="oc-34a"/>
      </symbol>
      <symbol id="sm-48a">
         <name>WAIT_TIME</name>
         <value>0x1c22</value>
         <object_component_ref idref="oc-34a"/>
      </symbol>
      <symbol id="sm-48b">
         <name>Velocity_Ramp</name>
         <value>0x1c2a</value>
         <object_component_ref idref="oc-34a"/>
      </symbol>
      <symbol id="sm-48c">
         <name>START_UP_MAX_DUTYCYCLE</name>
         <value>0x1c1f</value>
         <object_component_ref idref="oc-34a"/>
      </symbol>
      <symbol id="sm-48d">
         <name>count</name>
         <value>0x1c7a</value>
         <object_component_ref idref="oc-34a"/>
      </symbol>
      <symbol id="sm-48e">
         <name>Direction</name>
         <value>0x1c7d</value>
         <object_component_ref idref="oc-34a"/>
      </symbol>
      <symbol id="sm-48f">
         <name>temp1</name>
         <value>0x1c2e</value>
         <object_component_ref idref="oc-34a"/>
      </symbol>
      <symbol id="sm-490">
         <name>temp2</name>
         <value>0x1c32</value>
         <object_component_ref idref="oc-34a"/>
      </symbol>
      <symbol id="sm-491">
         <name>temp3</name>
         <value>0x1c46</value>
         <object_component_ref idref="oc-34a"/>
      </symbol>
      <symbol id="sm-492">
         <name>temp4</name>
         <value>0x1c44</value>
         <object_component_ref idref="oc-34a"/>
      </symbol>
      <symbol id="sm-493">
         <name>temp5</name>
         <value>0x1c36</value>
         <object_component_ref idref="oc-34a"/>
      </symbol>
      <symbol id="sm-494">
         <name>temp6</name>
         <value>0x1c3a</value>
         <object_component_ref idref="oc-34a"/>
      </symbol>
      <symbol id="sm-495">
         <name>temp7</name>
         <value>0x1c3e</value>
         <object_component_ref idref="oc-34a"/>
      </symbol>
      <symbol id="sm-496">
         <name>init_IO</name>
         <value>0xee24</value>
         <object_component_ref idref="oc-395"/>
      </symbol>
      <symbol id="sm-497">
         <name>TIMER0_D1_ISR</name>
         <value>0xe2ca</value>
         <object_component_ref idref="oc-2fb"/>
      </symbol>
      <symbol id="sm-498">
         <name>DC_Bus_Voltage_Average</name>
         <value>0x1c4e</value>
         <object_component_ref idref="oc-34a"/>
      </symbol>
      <symbol id="sm-499">
         <name>ADC_selection_flag_1</name>
         <value>0x1c8e</value>
         <object_component_ref idref="oc-34a"/>
      </symbol>
      <symbol id="sm-49a">
         <name>Previous_Reading</name>
         <value>0x1c68</value>
         <object_component_ref idref="oc-34a"/>
      </symbol>
      <symbol id="sm-49b">
         <name>Positive_Threshold</name>
         <value>0x1c6a</value>
         <object_component_ref idref="oc-34a"/>
      </symbol>
      <symbol id="sm-49c">
         <name>Case_Counter</name>
         <value>0x1c74</value>
         <object_component_ref idref="oc-34a"/>
      </symbol>
      <symbol id="sm-49d">
         <name>INTEGRATION_CONSTANT</name>
         <value>0x1c1c</value>
         <object_component_ref idref="oc-34a"/>
      </symbol>
      <symbol id="sm-49e">
         <name>dc_avg_count</name>
         <value>0x1c4c</value>
         <object_component_ref idref="oc-34a"/>
      </symbol>
      <symbol id="sm-49f">
         <name>INCREMENTAL_DUTY</name>
         <value>0x1c20</value>
         <object_component_ref idref="oc-34a"/>
      </symbol>
      <symbol id="sm-4a0">
         <name>SPEED_DUTY_MIN</name>
         <value>0x1c26</value>
         <object_component_ref idref="oc-34a"/>
      </symbol>
      <symbol id="sm-4a1">
         <name>CurrentDutyCycle</name>
         <value>0x1c90</value>
         <object_component_ref idref="oc-34a"/>
      </symbol>
      <symbol id="sm-4a2">
         <name>Init_InstaSpin</name>
         <value>0xef00</value>
         <object_component_ref idref="oc-3bf"/>
      </symbol>
      <symbol id="sm-4a3">
         <name>dc_bus_avg_first_reading</name>
         <value>0x1c52</value>
         <object_component_ref idref="oc-34a"/>
      </symbol>
      <symbol id="sm-4ab">
         <name>_stack</name>
         <value>0x1fb0</value>
         <object_component_ref idref="oc-2c3"/>
      </symbol>
      <symbol id="sm-4ac">
         <name>_reset_vector</name>
         <value>0xfffe</value>
         <object_component_ref idref="oc-2c6"/>
      </symbol>
      <symbol id="sm-4b6">
         <name>_c_int00_noargs_noexit</name>
         <value>0xf274</value>
         <object_component_ref idref="oc-a1"/>
      </symbol>
      <symbol id="sm-4d2">
         <name>__TI_decompress_lzss</name>
         <value>0xe6a2</value>
         <object_component_ref idref="oc-65"/>
      </symbol>
      <symbol id="sm-4e3">
         <name>__TI_decompress_none</name>
         <value>0xf132</value>
         <object_component_ref idref="oc-6b"/>
      </symbol>
      <symbol id="sm-4f3">
         <name>__TI_zero_init</name>
         <value>0xf078</value>
         <object_component_ref idref="oc-83"/>
      </symbol>
      <symbol id="sm-4fe">
         <name>__memcpy_far</name>
         <value>0xf038</value>
         <object_component_ref idref="oc-2d2"/>
      </symbol>
      <symbol id="sm-50a">
         <name>__mspabi_remi</name>
         <value>0xf206</value>
         <object_component_ref idref="oc-475"/>
      </symbol>
      <symbol id="sm-50b">
         <name>__mspabi_divi</name>
         <value>0xf206</value>
         <object_component_ref idref="oc-475"/>
      </symbol>
      <symbol id="sm-515">
         <name>__mspabi_remu</name>
         <value>0xf2bc</value>
         <object_component_ref idref="oc-354"/>
      </symbol>
      <symbol id="sm-516">
         <name>__mspabi_divu</name>
         <value>0xf2bc</value>
         <object_component_ref idref="oc-354"/>
      </symbol>
      <symbol id="sm-524">
         <name>__mspabi_remul</name>
         <value>0xef5a</value>
         <object_component_ref idref="oc-4a6"/>
      </symbol>
      <symbol id="sm-525">
         <name>__mspabi_divul</name>
         <value>0xef5a</value>
         <object_component_ref idref="oc-4a6"/>
      </symbol>
      <symbol id="sm-52f">
         <name>C$$EXIT</name>
         <value>0xf3ce</value>
         <object_component_ref idref="oc-32f"/>
      </symbol>
      <symbol id="sm-530">
         <name>abort</name>
         <value>0xf3ce</value>
         <object_component_ref idref="oc-32f"/>
      </symbol>
      <symbol id="sm-534">
         <name>__TI_int45</name>
         <value>0xffda</value>
         <object_component_ref idref="oc-71"/>
      </symbol>
      <symbol id="sm-537">
         <name>__TI_int46</name>
         <value>0xffdc</value>
         <object_component_ref idref="oc-72"/>
      </symbol>
      <symbol id="sm-53a">
         <name>__TI_int47</name>
         <value>0xffde</value>
         <object_component_ref idref="oc-73"/>
      </symbol>
      <symbol id="sm-53d">
         <name>__TI_int48</name>
         <value>0xffe0</value>
         <object_component_ref idref="oc-74"/>
      </symbol>
      <symbol id="sm-540">
         <name>__TI_int49</name>
         <value>0xffe2</value>
         <object_component_ref idref="oc-75"/>
      </symbol>
      <symbol id="sm-543">
         <name>__TI_int50</name>
         <value>0xffe4</value>
         <object_component_ref idref="oc-76"/>
      </symbol>
      <symbol id="sm-546">
         <name>__TI_int51</name>
         <value>0xffe6</value>
         <object_component_ref idref="oc-77"/>
      </symbol>
      <symbol id="sm-549">
         <name>__TI_int54</name>
         <value>0xffec</value>
         <object_component_ref idref="oc-7a"/>
      </symbol>
      <symbol id="sm-54c">
         <name>__TI_int58</name>
         <value>0xfff4</value>
         <object_component_ref idref="oc-7e"/>
      </symbol>
      <symbol id="sm-54f">
         <name>__TI_int59</name>
         <value>0xfff6</value>
         <object_component_ref idref="oc-7f"/>
      </symbol>
      <symbol id="sm-552">
         <name>__TI_int60</name>
         <value>0xfff8</value>
         <object_component_ref idref="oc-80"/>
      </symbol>
      <symbol id="sm-555">
         <name>__TI_int61</name>
         <value>0xfffa</value>
         <object_component_ref idref="oc-81"/>
      </symbol>
      <symbol id="sm-558">
         <name>__TI_int62</name>
         <value>0xfffc</value>
         <object_component_ref idref="oc-82"/>
      </symbol>
      <symbol id="sm-560">
         <name>__TI_ISR_TRAP</name>
         <value>0xf3c0</value>
         <object_component_ref idref="oc-2de"/>
      </symbol>
      <symbol id="sm-568">
         <name>__mspabi_slll_9</name>
         <value>0xf0ce</value>
         <object_component_ref idref="oc-4a1"/>
      </symbol>
      <symbol id="sm-569">
         <name>__mspabi_slll_8</name>
         <value>0xf0d2</value>
         <object_component_ref idref="oc-4a1"/>
      </symbol>
      <symbol id="sm-56a">
         <name>__mspabi_slll_7</name>
         <value>0xf0d6</value>
         <object_component_ref idref="oc-4a1"/>
      </symbol>
      <symbol id="sm-56b">
         <name>__mspabi_slll_6</name>
         <value>0xf0da</value>
         <object_component_ref idref="oc-4a1"/>
      </symbol>
      <symbol id="sm-56c">
         <name>__mspabi_slll_5</name>
         <value>0xf0de</value>
         <object_component_ref idref="oc-4a1"/>
      </symbol>
      <symbol id="sm-56d">
         <name>__mspabi_slll_4</name>
         <value>0xf0e2</value>
         <object_component_ref idref="oc-4a1"/>
      </symbol>
      <symbol id="sm-56e">
         <name>__mspabi_slll_3</name>
         <value>0xf0e6</value>
         <object_component_ref idref="oc-4a1"/>
      </symbol>
      <symbol id="sm-56f">
         <name>__mspabi_slll_2</name>
         <value>0xf0ea</value>
         <object_component_ref idref="oc-4a1"/>
      </symbol>
      <symbol id="sm-570">
         <name>__mspabi_slll_1</name>
         <value>0xf0ee</value>
         <object_component_ref idref="oc-4a1"/>
      </symbol>
      <symbol id="sm-571">
         <name>__mspabi_slll_15</name>
         <value>0xf0b6</value>
         <object_component_ref idref="oc-4a1"/>
      </symbol>
      <symbol id="sm-572">
         <name>__mspabi_slll_14</name>
         <value>0xf0ba</value>
         <object_component_ref idref="oc-4a1"/>
      </symbol>
      <symbol id="sm-573">
         <name>__mspabi_slll_13</name>
         <value>0xf0be</value>
         <object_component_ref idref="oc-4a1"/>
      </symbol>
      <symbol id="sm-574">
         <name>__mspabi_slll_12</name>
         <value>0xf0c2</value>
         <object_component_ref idref="oc-4a1"/>
      </symbol>
      <symbol id="sm-575">
         <name>__mspabi_slll_11</name>
         <value>0xf0c6</value>
         <object_component_ref idref="oc-4a1"/>
      </symbol>
      <symbol id="sm-576">
         <name>__mspabi_slll_10</name>
         <value>0xf0ca</value>
         <object_component_ref idref="oc-4a1"/>
      </symbol>
      <symbol id="sm-57e">
         <name>__mspabi_srll_8</name>
         <value>0xf110</value>
         <object_component_ref idref="oc-35a"/>
      </symbol>
      <symbol id="sm-57f">
         <name>__mspabi_srll_9</name>
         <value>0xf10c</value>
         <object_component_ref idref="oc-35a"/>
      </symbol>
      <symbol id="sm-580">
         <name>__mspabi_srll_6</name>
         <value>0xf118</value>
         <object_component_ref idref="oc-35a"/>
      </symbol>
      <symbol id="sm-581">
         <name>__mspabi_srll_7</name>
         <value>0xf114</value>
         <object_component_ref idref="oc-35a"/>
      </symbol>
      <symbol id="sm-582">
         <name>__mspabi_srll_4</name>
         <value>0xf120</value>
         <object_component_ref idref="oc-35a"/>
      </symbol>
      <symbol id="sm-583">
         <name>__mspabi_srll_5</name>
         <value>0xf11c</value>
         <object_component_ref idref="oc-35a"/>
      </symbol>
      <symbol id="sm-584">
         <name>__mspabi_srll_2</name>
         <value>0xf128</value>
         <object_component_ref idref="oc-35a"/>
      </symbol>
      <symbol id="sm-585">
         <name>__mspabi_srll_3</name>
         <value>0xf124</value>
         <object_component_ref idref="oc-35a"/>
      </symbol>
      <symbol id="sm-586">
         <name>__mspabi_srll_1</name>
         <value>0xf12c</value>
         <object_component_ref idref="oc-35a"/>
      </symbol>
      <symbol id="sm-587">
         <name>__mspabi_srll_15</name>
         <value>0xf0f4</value>
         <object_component_ref idref="oc-35a"/>
      </symbol>
      <symbol id="sm-588">
         <name>__mspabi_srll_14</name>
         <value>0xf0f8</value>
         <object_component_ref idref="oc-35a"/>
      </symbol>
      <symbol id="sm-589">
         <name>__mspabi_srll_13</name>
         <value>0xf0fc</value>
         <object_component_ref idref="oc-35a"/>
      </symbol>
      <symbol id="sm-58a">
         <name>__mspabi_srll_12</name>
         <value>0xf100</value>
         <object_component_ref idref="oc-35a"/>
      </symbol>
      <symbol id="sm-58b">
         <name>__mspabi_srll_11</name>
         <value>0xf104</value>
         <object_component_ref idref="oc-35a"/>
      </symbol>
      <symbol id="sm-58c">
         <name>__mspabi_srll_10</name>
         <value>0xf108</value>
         <object_component_ref idref="oc-35a"/>
      </symbol>
      <symbol id="sm-597">
         <name>__mspabi_mpyi_f5hw</name>
         <value>0xf28e</value>
         <object_component_ref idref="oc-3f5"/>
      </symbol>
      <symbol id="sm-5a3">
         <name>_system_pre_init</name>
         <value>0xf3d4</value>
         <object_component_ref idref="oc-307"/>
      </symbol>
      <symbol id="sm-5c1">
         <name>_auto_init</name>
         <value>0xed20</value>
         <object_component_ref idref="oc-30d"/>
      </symbol>
      <symbol id="sm-5dd">
         <name>copy_in</name>
         <value>0xebe2</value>
         <object_component_ref idref="oc-361"/>
      </symbol>
      <symbol id="sm-5eb">
         <name>memcpy</name>
         <value>0xf352</value>
         <object_component_ref idref="oc-422"/>
      </symbol>
      <symbol id="sm-5f4">
         <name>_system_post_cinit</name>
         <value>0xf3da</value>
         <object_component_ref idref="oc-367"/>
      </symbol>
      <symbol id="sm-5f6">
         <name>__TI_BINIT_Base</name>
         <value>0x0</value>
      </symbol>
      <symbol id="sm-5f7">
         <name>__TI_BINIT_Limit</name>
         <value>0x0</value>
      </symbol>
      <symbol id="sm-5f8">
         <name>__TI_INITARRAY_Base</name>
         <value>0x0</value>
      </symbol>
      <symbol id="sm-5f9">
         <name>__TI_INITARRAY_Limit</name>
         <value>0x0</value>
      </symbol>
   </symbol_table>
   <title>Link successful</title>
</link_info>
